Archive member included to satisfy reference by file (symbol)

c:/st/stm32cubeide_1.6.1/stm32cubeide/plugins/com.st.stm32cube.ide.mcu.externaltools.gnu-tools-for-stm32.9-2020-q2-update.win32_1.5.0.202011040924/tools/bin/../lib/gcc/arm-none-eabi/9.3.1/../../../../arm-none-eabi/lib/thumb/v7-m/nofp\libc_nano.a(lib_a-errno.o)
                              Core/Src/syscalls.o (__errno)
c:/st/stm32cubeide_1.6.1/stm32cubeide/plugins/com.st.stm32cube.ide.mcu.externaltools.gnu-tools-for-stm32.9-2020-q2-update.win32_1.5.0.202011040924/tools/bin/../lib/gcc/arm-none-eabi/9.3.1/../../../../arm-none-eabi/lib/thumb/v7-m/nofp\libc_nano.a(lib_a-exit.o)
                              c:/st/stm32cubeide_1.6.1/stm32cubeide/plugins/com.st.stm32cube.ide.mcu.externaltools.gnu-tools-for-stm32.9-2020-q2-update.win32_1.5.0.202011040924/tools/bin/../lib/gcc/arm-none-eabi/9.3.1/../../../../arm-none-eabi/lib/thumb/v7-m/nofp/crt0.o (exit)
c:/st/stm32cubeide_1.6.1/stm32cubeide/plugins/com.st.stm32cube.ide.mcu.externaltools.gnu-tools-for-stm32.9-2020-q2-update.win32_1.5.0.202011040924/tools/bin/../lib/gcc/arm-none-eabi/9.3.1/../../../../arm-none-eabi/lib/thumb/v7-m/nofp\libc_nano.a(lib_a-impure.o)
                              c:/st/stm32cubeide_1.6.1/stm32cubeide/plugins/com.st.stm32cube.ide.mcu.externaltools.gnu-tools-for-stm32.9-2020-q2-update.win32_1.5.0.202011040924/tools/bin/../lib/gcc/arm-none-eabi/9.3.1/../../../../arm-none-eabi/lib/thumb/v7-m/nofp\libc_nano.a(lib_a-exit.o) (_global_impure_ptr)
c:/st/stm32cubeide_1.6.1/stm32cubeide/plugins/com.st.stm32cube.ide.mcu.externaltools.gnu-tools-for-stm32.9-2020-q2-update.win32_1.5.0.202011040924/tools/bin/../lib/gcc/arm-none-eabi/9.3.1/../../../../arm-none-eabi/lib/thumb/v7-m/nofp\libc_nano.a(lib_a-init.o)
                              c:/st/stm32cubeide_1.6.1/stm32cubeide/plugins/com.st.stm32cube.ide.mcu.externaltools.gnu-tools-for-stm32.9-2020-q2-update.win32_1.5.0.202011040924/tools/bin/../lib/gcc/arm-none-eabi/9.3.1/../../../../arm-none-eabi/lib/thumb/v7-m/nofp/crt0.o (__libc_init_array)
c:/st/stm32cubeide_1.6.1/stm32cubeide/plugins/com.st.stm32cube.ide.mcu.externaltools.gnu-tools-for-stm32.9-2020-q2-update.win32_1.5.0.202011040924/tools/bin/../lib/gcc/arm-none-eabi/9.3.1/../../../../arm-none-eabi/lib/thumb/v7-m/nofp\libc_nano.a(lib_a-memcpy-stub.o)
                              Middlewares/Third_Party/FreeRTOS/Source/CMSIS_RTOS_V2/cmsis_os2.o (memcpy)
c:/st/stm32cubeide_1.6.1/stm32cubeide/plugins/com.st.stm32cube.ide.mcu.externaltools.gnu-tools-for-stm32.9-2020-q2-update.win32_1.5.0.202011040924/tools/bin/../lib/gcc/arm-none-eabi/9.3.1/../../../../arm-none-eabi/lib/thumb/v7-m/nofp\libc_nano.a(lib_a-memset.o)
                              c:/st/stm32cubeide_1.6.1/stm32cubeide/plugins/com.st.stm32cube.ide.mcu.externaltools.gnu-tools-for-stm32.9-2020-q2-update.win32_1.5.0.202011040924/tools/bin/../lib/gcc/arm-none-eabi/9.3.1/../../../../arm-none-eabi/lib/thumb/v7-m/nofp/crt0.o (memset)
c:/st/stm32cubeide_1.6.1/stm32cubeide/plugins/com.st.stm32cube.ide.mcu.externaltools.gnu-tools-for-stm32.9-2020-q2-update.win32_1.5.0.202011040924/tools/bin/../lib/gcc/arm-none-eabi/9.3.1/thumb/v7-m/nofp\libgcc.a(_arm_mulsf3.o)
                              Core/Src/main.o (__aeabi_fmul)
c:/st/stm32cubeide_1.6.1/stm32cubeide/plugins/com.st.stm32cube.ide.mcu.externaltools.gnu-tools-for-stm32.9-2020-q2-update.win32_1.5.0.202011040924/tools/bin/../lib/gcc/arm-none-eabi/9.3.1/thumb/v7-m/nofp\libgcc.a(_arm_addsubsf3.o)
                              Core/Src/main.o (__aeabi_i2f)
c:/st/stm32cubeide_1.6.1/stm32cubeide/plugins/com.st.stm32cube.ide.mcu.externaltools.gnu-tools-for-stm32.9-2020-q2-update.win32_1.5.0.202011040924/tools/bin/../lib/gcc/arm-none-eabi/9.3.1/thumb/v7-m/nofp\libgcc.a(_arm_cmpsf2.o)
                              Core/Src/main.o (__aeabi_fcmpgt)

Allocating common symbols
Common symbol       size              file

bot3Array           0x4               Core/Src/main.o
top2                0x4               Core/Src/main.o
rxData              0x4               Core/Src/main.o
HandTop3Handle      0x4               Core/Src/main.o
HandPeakControlHandle
                    0x4               Core/Src/main.o
flag13              0x1               Core/Src/main.o
HandBot2Handle      0x4               Core/Src/main.o
top3                0x4               Core/Src/main.o
bot1Array           0x4               Core/Src/main.o
maxBot3             0x2               Core/Src/main.o
hdma_memtomem_dma1_channel3
                    0x44              Core/Src/main.o
htim4               0x48              Core/Src/main.o
endScan             0x4               Core/Src/main.o
hadc2               0x30              Core/Src/main.o
HandBot1Handle      0x4               Core/Src/main.o
botArray            0x4               Core/Src/main.o
ptrCellsBuffer      0x4               Core/Src/main.o
startTx             0x4               Core/Src/main.o
ScanBitState1       0x1               Scan_74238/Scan_74238.o
[...]
Memory Configuration

Name             Origin             Length             Attributes
RAM              0x0000000020000000 0x0000000000005000 xrw
FLASH            0x0000000008000000 0x0000000000010000 xr
*default*        0x0000000000000000 0xffffffffffffffff

Linker script and memory map

LOAD c:/st/stm32cubeide_1.6.1/stm32cubeide/plugins/com.st.stm32cube.ide.mcu.externaltools.gnu-tools-for-stm32.9-2020-q2-update.win32_1.5.0.202011040924/tools/bin/../lib/gcc/arm-none-eabi/9.3.1/thumb/v7-m/nofp/crti.o
LOAD c:/st/stm32cubeide_1.6.1/stm32cubeide/plugins/com.st.stm32cube.ide.mcu.externaltools.gnu-tools-for-stm32.9-2020-q2-update.win32_1.5.0.202011040924/tools/bin/../lib/gcc/arm-none-eabi/9.3.1/thumb/v7-m/nofp/crtbegin.o
LOAD c:/st/stm32cubeide_1.6.1/stm32cubeide/plugins/com.st.stm32cube.ide.mcu.externaltools.gnu-tools-for-stm32.9-2020-q2-update.win32_1.5.0.202011040924/tools/bin/../lib/gcc/arm-none-eabi/9.3.1/../../../../arm-none-eabi/lib/thumb/v7-m/nofp/crt0.o
LOAD Core/Src/freertos.o
LOAD Core/Src/main.o
LOAD Core/Src/stm32f1xx_hal_msp.o
LOAD Core/Src/stm32f1xx_hal_timebase_tim.o
LOAD Core/Src/stm32f1xx_it.o
LOAD Core/Src/syscalls.o
LOAD Core/Src/sysmem.o
LOAD Core/Src/system_stm32f1xx.o
LOAD Core/Startup/startup_stm32f103c8tx.o
LOAD Drivers/STM32F1xx_HAL_Driver/Src/stm32f1xx_hal.o
LOAD Drivers/STM32F1xx_HAL_Driver/Src/stm32f1xx_hal_adc.o
LOAD Drivers/STM32F1xx_HAL_Driver/Src/stm32f1xx_hal_adc_ex.o
LOAD Drivers/STM32F1xx_HAL_Driver/Src/stm32f1xx_hal_cortex.o
LOAD Drivers/STM32F1xx_HAL_Driver/Src/stm32f1xx_hal_dma.o
LOAD Drivers/STM32F1xx_HAL_Driver/Src/stm32f1xx_hal_exti.o
LOAD Drivers/STM32F1xx_HAL_Driver/Src/stm32f1xx_hal_flash.o
LOAD Drivers/STM32F1xx_HAL_Driver/Src/stm32f1xx_hal_flash_ex.o
LOAD Drivers/STM32F1xx_HAL_Driver/Src/stm32f1xx_hal_gpio.o
LOAD Drivers/STM32F1xx_HAL_Driver/Src/stm32f1xx_hal_gpio_ex.o
LOAD Drivers/STM32F1xx_HAL_Driver/Src/stm32f1xx_hal_pwr.o
LOAD Drivers/STM32F1xx_HAL_Driver/Src/stm32f1xx_hal_rcc.o
LOAD Drivers/STM32F1xx_HAL_Driver/Src/stm32f1xx_hal_rcc_ex.o
LOAD Drivers/STM32F1xx_HAL_Driver/Src/stm32f1xx_hal_tim.o
LOAD Drivers/STM32F1xx_HAL_Driver/Src/stm32f1xx_hal_tim_ex.o
LOAD Drivers/STM32F1xx_HAL_Driver/Src/stm32f1xx_hal_uart.o
LOAD Middlewares/Third_Party/FreeRTOS/Source/CMSIS_RTOS_V2/cmsis_os2.o
LOAD Middlewares/Third_Party/FreeRTOS/Source/croutine.o
LOAD Middlewares/Third_Party/FreeRTOS/Source/event_groups.o
LOAD Middlewares/Third_Party/FreeRTOS/Source/list.o
LOAD Middlewares/Third_Party/FreeRTOS/Source/queue.o
LOAD Middlewares/Third_Party/FreeRTOS/Source/stream_buffer.o
LOAD Middlewares/Third_Party/FreeRTOS/Source/tasks.o
LOAD Middlewares/Third_Party/FreeRTOS/Source/timers.o
LOAD Middlewares/Third_Party/FreeRTOS/Source/portable/GCC/ARM_CM3/port.o
LOAD Middlewares/Third_Party/FreeRTOS/Source/portable/MemMang/heap_4.o
LOAD MyArray/MyArray.o
LOAD Scan_74238/Scan_74238.o
LOAD Servo/Src/Servo.o
START GROUP
LOAD c:/st/stm32cubeide_1.6.1/stm32cubeide/plugins/com.st.stm32cube.ide.mcu.externaltools.gnu-tools-for-stm32.9-2020-q2-update.win32_1.5.0.202011040924/tools/bin/../lib/gcc/arm-none-eabi/9.3.1/../../../../arm-none-eabi/lib/thumb/v7-m/nofp\libc_nano.a
LOAD c:/st/stm32cubeide_1.6.1/stm32cubeide/plugins/com.st.stm32cube.ide.mcu.externaltools.gnu-tools-for-stm32.9-2020-q2-update.win32_1.5.0.202011040924/tools/bin/../lib/gcc/arm-none-eabi/9.3.1/../../../../arm-none-eabi/lib/thumb/v7-m/nofp\libm.a
END GROUP
START GROUP
LOAD c:/st/stm32cubeide_1.6.1/stm32cubeide/plugins/com.st.stm32cube.ide.mcu.externaltools.gnu-tools-for-stm32.9-2020-q2-update.win32_1.5.0.202011040924/tools/bin/../lib/gcc/arm-none-eabi/9.3.1/thumb/v7-m/nofp\libgcc.a
LOAD c:/st/stm32cubeide_1.6.1/stm32cubeide/plugins/com.st.stm32cube.ide.mcu.externaltools.gnu-tools-for-stm32.9-2020-q2-update.win32_1.5.0.202011040924/tools/bin/../lib/gcc/arm-none-eabi/9.3.1/../../../../arm-none-eabi/lib/thumb/v7-m/nofp\libc_nano.a
END GROUP
START GROUP
LOAD c:/st/stm32cubeide_1.6.1/stm32cubeide/plugins/com.st.stm32cube.ide.mcu.externaltools.gnu-tools-for-stm32.9-2020-q2-update.win32_1.5.0.202011040924/tools/bin/../lib/gcc/arm-none-eabi/9.3.1/thumb/v7-m/nofp\libgcc.a
LOAD c:/st/stm32cubeide_1.6.1/stm32cubeide/plugins/com.st.stm32cube.ide.mcu.externaltools.gnu-tools-for-stm32.9-2020-q2-update.win32_1.5.0.202011040924/tools/bin/../lib/gcc/arm-none-eabi/9.3.1/../../../../arm-none-eabi/lib/thumb/v7-m/nofp\libc_nano.a
LOAD c:/st/stm32cubeide_1.6.1/stm32cubeide/plugins/com.st.stm32cube.ide.mcu.externaltools.gnu-tools-for-stm32.9-2020-q2-update.win32_1.5.0.202011040924/tools/bin/../lib/gcc/arm-none-eabi/9.3.1/../../../../arm-none-eabi/lib/thumb/v7-m/nofp\libnosys.a
END GROUP
START GROUP
LOAD c:/st/stm32cubeide_1.6.1/stm32cubeide/plugins/com.st.stm32cube.ide.mcu.externaltools.gnu-tools-for-stm32.9-2020-q2-update.win32_1.5.0.202011040924/tools/bin/../lib/gcc/arm-none-eabi/9.3.1/thumb/v7-m/nofp\libgcc.a
LOAD c:/st/stm32cubeide_1.6.1/stm32cubeide/plugins/com.st.stm32cube.ide.mcu.externaltools.gnu-tools-for-stm32.9-2020-q2-update.win32_1.5.0.202011040924/tools/bin/../lib/gcc/arm-none-eabi/9.3.1/../../../../arm-none-eabi/lib/thumb/v7-m/nofp\libc_nano.a
LOAD c:/st/stm32cubeide_1.6.1/stm32cubeide/plugins/com.st.stm32cube.ide.mcu.externaltools.gnu-tools-for-stm32.9-2020-q2-update.win32_1.5.0.202011040924/tools/bin/../lib/gcc/arm-none-eabi/9.3.1/../../../../arm-none-eabi/lib/thumb/v7-m/nofp\libnosys.a
END GROUP
LOAD c:/st/stm32cubeide_1.6.1/stm32cubeide/plugins/com.st.stm32cube.ide.mcu.externaltools.gnu-tools-for-stm32.9-2020-q2-update.win32_1.5.0.202011040924/tools/bin/../lib/gcc/arm-none-eabi/9.3.1/thumb/v7-m/nofp/crtend.o
LOAD c:/st/stm32cubeide_1.6.1/stm32cubeide/plugins/com.st.stm32cube.ide.mcu.externaltools.gnu-tools-for-stm32.9-2020-q2-update.win32_1.5.0.202011040924/tools/bin/../lib/gcc/arm-none-eabi/9.3.1/thumb/v7-m/nofp/crtn.o
                0x0000000020005000                _estack = (ORIGIN (RAM) + LENGTH (RAM))
                0x0000000000000200                _Min_Heap_Size = 0x200
                0x0000000000000400                _Min_Stack_Size = 0x400

.isr_vector     0x0000000008000000      0x10c
                0x0000000008000000                . = ALIGN (0x4)
 *(.isr_vector)
 .isr_vector    0x0000000008000000      0x10c Core/Startup/startup_stm32f103c8tx.o
                0x0000000008000000                g_pfnVectors
                0x000000000800010c                . = ALIGN (0x4)

.text           0x0000000008000110    0x114e0
                0x0000000008000110                . = ALIGN (0x4)
 *(.text)
 .text          0x0000000008000110       0x40 c:/st/stm32cubeide_1.6.1/stm32cubeide/plugins/com.st.stm32cube.ide.mcu.externaltools.gnu-tools-for-stm32.9-2020-q2-update.win32_1.5.0.202011040924/tools/bin/../lib/gcc/arm-none-eabi/9.3.1/thumb/v7-m/nofp/crtbegin.o
 .text          0x0000000008000150       0x24 Core/Src/freertos.o
                0x0000000008000150                vApplicationMallocFailedHook
 .text          0x0000000008000174      0xfd4 Core/Src/main.o
                0x0000000008000174                Callback01
                0x0000000008000180                StartVelostatScanADC
                0x0000000008000254                StartVelostatProcessOutput
                0x00000000080002fc                StartVelostatTransmit
                0x00000000080003b8                StartHandBot1
                0x0000000008000400                StartHandTop1
                0x0000000008000448                StartHandBot2
                0x0000000008000490                StartHandTop2
                0x00000000080004d8                StartHandBot3
                0x0000000008000520                StartHandTop3
                0x0000000008000568                StartHandRxHandler
                0x00000000080006c4                StartHandMatrixHandler
                0x0000000008000754                StartHandStopServo
                0x0000000008000864                StartHandPeakControl
                0x0000000008000e5c                StartButtonHandler
                0x0000000008000fbc                User_DMA_XferCpltCallback
                0x0000000008000ff0                SystemClock_Config
                0x0000000008001080                HAL_ADC_ConvCpltCallback
                0x000000000800109c                HAL_UART_TxCpltCallback
                0x00000000080010c4                HAL_UART_RxCpltCallback
                0x00000000080010f8                HAL_GPIO_EXTI_Callback
                0x0000000008001130                HAL_TIM_PeriodElapsedCallback
                0x0000000008001144                Error_Handler
 .text          0x0000000008001148      0x4f4 Core/Src/stm32f1xx_hal_msp.o
                0x0000000008001148                HAL_MspInit
                0x0000000008001198                HAL_ADC_MspInit
                0x00000000080012c0                HAL_ADC_MspDeInit
                0x000000000800132c                HAL_TIM_Base_MspInit
                0x000000000800139c                HAL_TIM_MspPostInit
                0x00000000080014b0                HAL_TIM_Base_MspDeInit
                0x00000000080014fc                HAL_UART_MspInit
                0x00000000080015f8                HAL_UART_MspDeInit
 .text          0x000000000800163c       0xa4 Core/Src/stm32f1xx_hal_timebase_tim.o
                0x000000000800163c                HAL_InitTick
                0x00000000080016b8                HAL_SuspendTick
                0x00000000080016cc                HAL_ResumeTick
 .text          0x00000000080016e0       0x84 Core/Src/stm32f1xx_it.o
                0x00000000080016e0                NMI_Handler
                0x00000000080016e4                HardFault_Handler
                0x00000000080016e8                MemManage_Handler
                0x00000000080016ec                BusFault_Handler
                0x00000000080016f0                UsageFault_Handler
                0x00000000080016f4                DebugMon_Handler
                0x00000000080016f8                DMA1_Channel1_IRQHandler
                0x0000000008001704                DMA1_Channel2_IRQHandler
                0x0000000008001710                DMA1_Channel3_IRQHandler
                0x000000000800171c                DMA1_Channel4_IRQHandler
                0x0000000008001728                DMA1_Channel5_IRQHandler
                0x0000000008001734                TIM1_UP_IRQHandler
                0x0000000008001740                USART1_IRQHandler
                0x000000000800174c                EXTI15_10_IRQHandler
 .text          0x0000000008001764       0x60 Core/Src/system_stm32f1xx.o
                0x0000000008001764                SystemInit
                0x0000000008001768                SystemCoreClockUpdate
 .text          0x00000000080017c4      0x1e4 Drivers/STM32F1xx_HAL_Driver/Src/stm32f1xx_hal.o
                0x00000000080017c8                HAL_MspDeInit
                0x00000000080017cc                HAL_DeInit
                0x0000000008001834                HAL_Init
                0x0000000008001858                HAL_IncTick
                0x0000000008001870                HAL_GetTick
                0x000000000800187c                HAL_GetTickPrio
                0x0000000008001888                HAL_SetTickFreq
                0x00000000080018b0                HAL_GetTickFreq
                0x00000000080018bc                HAL_Delay
                0x0000000008001900                HAL_GetHalVersion
                0x0000000008001908                HAL_GetREVID
                0x0000000008001914                HAL_GetDEVID
                0x0000000008001924                HAL_GetUIDw0
                0x0000000008001930                HAL_GetUIDw1
                0x000000000800193c                HAL_GetUIDw2
                0x0000000008001948                HAL_DBGMCU_EnableDBGSleepMode
                0x0000000008001958                HAL_DBGMCU_DisableDBGSleepMode
                0x0000000008001968                HAL_DBGMCU_EnableDBGStopMode
                0x0000000008001978                HAL_DBGMCU_DisableDBGStopMode
                0x0000000008001988                HAL_DBGMCU_EnableDBGStandbyMode
                0x0000000008001998                HAL_DBGMCU_DisableDBGStandbyMode
 .text          0x00000000080019a8      0xc78 Drivers/STM32F1xx_HAL_Driver/Src/stm32f1xx_hal_adc.o
                0x00000000080019ac                HAL_ADC_Init
                0x0000000008001b1c                HAL_ADC_DeInit
                0x0000000008001c14                HAL_ADC_Stop
                0x0000000008001c88                HAL_ADC_PollForConversion
                0x0000000008001e24                HAL_ADC_PollForEvent
                0x0000000008001e84                HAL_ADC_Stop_IT
                0x0000000008001f00                HAL_ADC_Stop_DMA
                0x0000000008001f94                HAL_ADC_GetValue
                0x0000000008001fa0                ADC_DMAConvCplt
                0x0000000008001ff0                HAL_ADC_ConvHalfCpltCallback
                0x0000000008001ff4                ADC_DMAHalfConvCplt
                0x0000000008002000                HAL_ADC_LevelOutOfWindowCallback
                0x0000000008002004                HAL_ADC_IRQHandler
                0x00000000080020fc                HAL_ADC_ErrorCallback
                0x0000000008002100                ADC_DMAError
                0x000000000800211c                HAL_ADC_ConfigChannel
                0x0000000008002234                HAL_ADC_AnalogWDGConfig
                0x0000000008002288                HAL_ADC_GetState
                0x000000000800228c                HAL_ADC_GetError
                0x0000000008002290                ADC_Enable
                0x0000000008002318                HAL_ADC_Start
                0x00000000080023e4                HAL_ADC_Start_IT
                0x00000000080024b8                HAL_ADC_Start_DMA
                0x00000000080025d4                ADC_ConversionStop_Disable
 .text          0x0000000008002620      0x908 Drivers/STM32F1xx_HAL_Driver/Src/stm32f1xx_hal_adc_ex.o
                0x0000000008002620                HAL_ADCEx_Calibration_Start
                0x0000000008002710                HAL_ADCEx_InjectedStart
                0x00000000080027c0                HAL_ADCEx_InjectedStop
                0x0000000008002810                HAL_ADCEx_InjectedPollForConversion
                0x00000000080029b0                HAL_ADCEx_InjectedStart_IT
                0x0000000008002a68                HAL_ADCEx_InjectedStop_IT
                0x0000000008002ac4                HAL_ADCEx_MultiModeStart_DMA
                0x0000000008002bc8                HAL_ADCEx_MultiModeStop_DMA
                0x0000000008002c54                HAL_ADCEx_InjectedGetValue
                0x0000000008002c78                HAL_ADCEx_MultiModeGetValue
                0x0000000008002c98                HAL_ADCEx_InjectedConvCpltCallback
                0x0000000008002c9c                HAL_ADCEx_InjectedConfigChannel
                0x0000000008002ebc                HAL_ADCEx_MultiModeConfigChannel
 .text          0x0000000008002f28      0x23c Drivers/STM32F1xx_HAL_Driver/Src/stm32f1xx_hal_cortex.o
                0x0000000008002f28                HAL_NVIC_SetPriorityGrouping
                0x0000000008002f4c                HAL_NVIC_SetPriority
                0x0000000008002fbc                HAL_NVIC_EnableIRQ
                0x0000000008002fd8                HAL_NVIC_DisableIRQ
                0x0000000008002ffc                HAL_NVIC_SystemReset
                0x0000000008003020                HAL_SYSTICK_Config
                0x0000000008003050                HAL_NVIC_GetPriorityGrouping
                0x0000000008003060                HAL_NVIC_GetPriority
                0x00000000080030c0                HAL_NVIC_SetPendingIRQ
                0x00000000080030dc                HAL_NVIC_GetPendingIRQ
                0x0000000008003100                HAL_NVIC_ClearPendingIRQ
                0x000000000800311c                HAL_NVIC_GetActive
                0x0000000008003140                HAL_SYSTICK_CLKSourceConfig
                0x0000000008003158                HAL_SYSTICK_Callback
                0x000000000800315c                HAL_SYSTICK_IRQHandler
 .text          0x0000000008003164      0x784 Drivers/STM32F1xx_HAL_Driver/Src/stm32f1xx_hal_dma.o
                0x0000000008003164                HAL_DMA_Init
                0x00000000080031c8                HAL_DMA_DeInit
                0x0000000008003220                HAL_DMA_Start
                0x0000000008003288                HAL_DMA_Start_IT
                0x000000000800330c                HAL_DMA_Abort
                0x0000000008003350                HAL_DMA_Abort_IT
                0x00000000080033e4                HAL_DMA_PollForTransfer
                0x0000000008003714                HAL_DMA_IRQHandler
                0x000000000800383c                HAL_DMA_RegisterCallback
                0x0000000008003880                HAL_DMA_UnRegisterCallback
                0x00000000080038dc                HAL_DMA_GetState
                0x00000000080038e4                HAL_DMA_GetError
 .text          0x00000000080038e8      0x388 Drivers/STM32F1xx_HAL_Driver/Src/stm32f1xx_hal_gpio.o
                0x00000000080038e8                HAL_GPIO_Init
                0x0000000008003b00                HAL_GPIO_DeInit
                0x0000000008003c00                HAL_GPIO_ReadPin
                0x0000000008003c0c                HAL_GPIO_WritePin
                0x0000000008003c14                HAL_GPIO_TogglePin
                0x0000000008003c28                HAL_GPIO_LockPin
                0x0000000008003c58                HAL_GPIO_EXTI_IRQHandler
 .text          0x0000000008003c70      0x884 Drivers/STM32F1xx_HAL_Driver/Src/stm32f1xx_hal_rcc.o
                0x0000000008003c70                HAL_RCC_DeInit
                0x0000000008003d54                HAL_RCC_OscConfig
                0x0000000008004154                HAL_RCC_ClockConfig
                0x00000000080042f0                HAL_RCC_MCOConfig
                0x000000000800433c                HAL_RCC_EnableCSS
                0x0000000008004348                HAL_RCC_DisableCSS
                0x0000000008004354                HAL_RCC_GetSysClockFreq
                0x00000000080043c0                HAL_RCC_GetHCLKFreq
                0x00000000080043cc                HAL_RCC_GetPCLK1Freq
                0x00000000080043ec                HAL_RCC_GetPCLK2Freq
                0x000000000800440c                HAL_RCC_GetOscConfig
                0x0000000008004490                HAL_RCC_GetClockConfig
                0x00000000080044d0                HAL_RCC_CSSCallback
                0x00000000080044d4                HAL_RCC_NMI_IRQHandler
 .text          0x00000000080044f4      0x214 Drivers/STM32F1xx_HAL_Driver/Src/stm32f1xx_hal_rcc_ex.o
                0x00000000080044f4                HAL_RCCEx_PeriphCLKConfig
                0x00000000080045f4                HAL_RCCEx_GetPeriphCLKConfig
                0x0000000008004618                HAL_RCCEx_GetPeriphCLKFreq
 .text          0x0000000008004708     0x39e0 Drivers/STM32F1xx_HAL_Driver/Src/stm32f1xx_hal_tim.o
                0x000000000800470c                HAL_TIM_Base_Init
                0x00000000080047d8                HAL_TIM_Base_DeInit
                0x0000000008004838                HAL_TIM_Base_Start
                0x0000000008004888                HAL_TIM_Base_Stop
                0x00000000080048b4                HAL_TIM_Base_Start_IT
                0x000000000800490c                HAL_TIM_Base_Stop_IT
                0x0000000008004940                HAL_TIM_Base_Start_DMA
                0x00000000080049d0                HAL_TIM_Base_Stop_DMA
                0x0000000008004a0c                HAL_TIM_OC_MspInit
                0x0000000008004a10                HAL_TIM_OC_Init
                0x0000000008004ad8                HAL_TIM_OC_MspDeInit
                0x0000000008004adc                HAL_TIM_OC_DeInit
                0x0000000008004b3c                HAL_TIM_OC_Start
                0x0000000008004be8                HAL_TIM_OC_Stop
                0x0000000008004c74                HAL_TIM_OC_Start_IT
                0x0000000008004d88                HAL_TIM_OC_Stop_IT
                0x0000000008004e58                HAL_TIM_OC_Start_DMA
                0x0000000008005060                HAL_TIM_OC_Stop_DMA
                0x0000000008005148                HAL_TIM_PWM_MspInit
                0x000000000800514c                HAL_TIM_PWM_Init
                0x0000000008005214                HAL_TIM_PWM_MspDeInit
                0x0000000008005218                HAL_TIM_PWM_DeInit
                0x0000000008005278                HAL_TIM_PWM_Start
                0x0000000008005324                HAL_TIM_PWM_Stop
                0x00000000080053b0                HAL_TIM_PWM_Start_IT
                0x00000000080054c4                HAL_TIM_PWM_Stop_IT
                0x0000000008005594                HAL_TIM_PWM_Start_DMA
                0x000000000800579c                HAL_TIM_PWM_Stop_DMA
                0x0000000008005884                HAL_TIM_IC_MspInit
                0x0000000008005888                HAL_TIM_IC_Init
                0x0000000008005950                HAL_TIM_IC_MspDeInit
                0x0000000008005954                HAL_TIM_IC_DeInit
                0x00000000080059b4                HAL_TIM_IC_Start
                0x0000000008005a8c                HAL_TIM_IC_Stop
                0x0000000008005b00                HAL_TIM_IC_Start_IT
                0x0000000008005c48                HAL_TIM_IC_Stop_IT
                0x0000000008005d74                HAL_TIM_IC_Start_DMA
                0x0000000008005f10                HAL_TIM_IC_Stop_DMA
                0x000000000800601c                HAL_TIM_OnePulse_MspInit
                0x0000000008006020                HAL_TIM_OnePulse_Init
                0x00000000080060e8                HAL_TIM_OnePulse_MspDeInit
                0x00000000080060ec                HAL_TIM_OnePulse_DeInit
                0x000000000800613c                HAL_TIM_OnePulse_Start
                0x00000000080061c0                HAL_TIM_OnePulse_Stop
                0x0000000008006238                HAL_TIM_OnePulse_Start_IT
                0x00000000080062cc                HAL_TIM_OnePulse_Stop_IT
                0x0000000008006354                HAL_TIM_Encoder_MspInit
                0x0000000008006358                HAL_TIM_Encoder_Init
                0x000000000800647c                HAL_TIM_Encoder_MspDeInit
                0x0000000008006480                HAL_TIM_Encoder_DeInit
                0x00000000080064d0                HAL_TIM_Encoder_Start
                0x0000000008006588                HAL_TIM_Encoder_Stop
                0x0000000008006624                HAL_TIM_Encoder_Start_IT
                0x0000000008006708                HAL_TIM_Encoder_Stop_IT
                0x00000000080067dc                HAL_TIM_Encoder_Start_DMA
                0x00000000080069c4                HAL_TIM_Encoder_Stop_DMA
                0x0000000008006abc                HAL_TIM_OC_ConfigChannel
                0x0000000008006c60                HAL_TIM_IC_ConfigChannel
                0x0000000008006de8                HAL_TIM_PWM_ConfigChannel
                0x0000000008006ff4                HAL_TIM_OnePulse_ConfigChannel
                0x00000000080071c8                HAL_TIM_DMABurst_WriteStart
                0x00000000080072c4                HAL_TIM_DMABurst_MultiWriteStart
                0x00000000080073a4                HAL_TIM_DMABurst_WriteStop
                0x0000000008007420                HAL_TIM_DMABurst_ReadStart
                0x000000000800751c                HAL_TIM_DMABurst_MultiReadStart
                0x00000000080075fc                HAL_TIM_DMABurst_ReadStop
                0x0000000008007678                HAL_TIM_GenerateEvent
                0x00000000080076a4                HAL_TIM_ConfigOCrefClear
                0x0000000008007788                HAL_TIM_ConfigClockSource
                0x00000000080078d0                HAL_TIM_ConfigTI1Input
                0x00000000080078e0                HAL_TIM_SlaveConfigSynchro
                0x00000000080079d4                HAL_TIM_SlaveConfigSynchro_IT
                0x0000000008007ac8                HAL_TIM_ReadCapturedValue
                0x0000000008007b18                HAL_TIM_PeriodElapsedHalfCpltCallback
                0x0000000008007b28                HAL_TIM_OC_DelayElapsedCallback
                0x0000000008007b2c                HAL_TIM_IC_CaptureCallback
                0x0000000008007b30                TIM_DMACaptureCplt
                0x0000000008007bc4                HAL_TIM_IC_CaptureHalfCpltCallback
                0x0000000008007bc8                TIM_DMACaptureHalfCplt
                0x0000000008007c28                HAL_TIM_PWM_PulseFinishedCallback
                0x0000000008007cb0                HAL_TIM_PWM_PulseFinishedHalfCpltCallback
                0x0000000008007cb4                TIM_DMADelayPulseHalfCplt
                0x0000000008007d14                HAL_TIM_TriggerCallback
                0x0000000008007d18                HAL_TIM_IRQHandler
                0x0000000008007e84                HAL_TIM_TriggerHalfCpltCallback
                0x0000000008007e94                HAL_TIM_ErrorCallback
                0x0000000008007e98                TIM_DMAError
                0x0000000008007f1c                HAL_TIM_Base_GetState
                0x0000000008007f24                HAL_TIM_OC_GetState
                0x0000000008007f2c                HAL_TIM_PWM_GetState
                0x0000000008007f34                HAL_TIM_IC_GetState
                0x0000000008007f3c                HAL_TIM_OnePulse_GetState
                0x0000000008007f44                HAL_TIM_Encoder_GetState
                0x0000000008007f4c                HAL_TIM_GetActiveChannel
                0x0000000008007f50                HAL_TIM_GetChannelState
                0x0000000008007f78                HAL_TIM_DMABurstState
                0x0000000008007f80                TIM_Base_SetConfig
                0x0000000008007ffc                TIM_OC2_SetConfig
                0x0000000008008058                TIM_TI1_SetConfig
                0x00000000080080b0                TIM_ETR_SetConfig
                0x00000000080080c8                TIM_CCxChannelCmd
 .text          0x00000000080080e8     0x135c Drivers/STM32F1xx_HAL_Driver/Src/stm32f1xx_hal_tim_ex.o
                0x00000000080081d0                HAL_TIMEx_HallSensor_MspInit
                0x00000000080081d4                HAL_TIMEx_HallSensor_Init
                0x00000000080082a0                HAL_TIMEx_HallSensor_MspDeInit
                0x00000000080082a4                HAL_TIMEx_HallSensor_DeInit
                0x00000000080082f4                HAL_TIMEx_HallSensor_Start
                0x0000000008008380                HAL_TIMEx_HallSensor_Stop
                0x00000000080083c4                HAL_TIMEx_HallSensor_Start_IT
                0x0000000008008458                HAL_TIMEx_HallSensor_Stop_IT
                0x00000000080084a4                HAL_TIMEx_HallSensor_Start_DMA
                0x0000000008008560                HAL_TIMEx_HallSensor_Stop_DMA
                0x00000000080085ac                HAL_TIMEx_OCN_Start
                0x0000000008008658                HAL_TIMEx_OCN_Stop
                0x00000000080086dc                HAL_TIMEx_OCN_Start_IT
                0x00000000080087b0                HAL_TIMEx_OCN_Stop_IT
                0x0000000008008870                HAL_TIMEx_OCN_Start_DMA
                0x0000000008008a00                HAL_TIMEx_OCN_Stop_DMA
                0x0000000008008ac4                HAL_TIMEx_PWMN_Start
                0x0000000008008b70                HAL_TIMEx_PWMN_Stop
                0x0000000008008bf4                HAL_TIMEx_PWMN_Start_IT
                0x0000000008008cc8                HAL_TIMEx_PWMN_Stop_IT
                0x0000000008008d88                HAL_TIMEx_PWMN_Start_DMA
                0x0000000008008f18                HAL_TIMEx_PWMN_Stop_DMA
                0x0000000008008fdc                HAL_TIMEx_OnePulseN_Start
                0x000000000800905c                HAL_TIMEx_OnePulseN_Stop
                0x00000000080090d8                HAL_TIMEx_OnePulseN_Start_IT
                0x0000000008009164                HAL_TIMEx_OnePulseN_Stop_IT
                0x00000000080091f4                HAL_TIMEx_ConfigCommutEvent
                0x0000000008009254                HAL_TIMEx_ConfigCommutEvent_IT
                0x00000000080092b4                HAL_TIMEx_ConfigCommutEvent_DMA
                0x000000000800932c                HAL_TIMEx_MasterConfigSynchronization
                0x0000000008009390                HAL_TIMEx_ConfigBreakDeadTime
                0x00000000080093e4                HAL_TIMEx_RemapConfig
                0x00000000080093e8                HAL_TIMEx_CommutCallback
                0x00000000080093ec                TIMEx_DMACommutationCplt
                0x00000000080093fc                HAL_TIMEx_CommutHalfCpltCallback
                0x0000000008009400                TIMEx_DMACommutationHalfCplt
                0x0000000008009410                HAL_TIMEx_BreakCallback
                0x0000000008009414                HAL_TIMEx_HallSensor_GetState
                0x000000000800941c                HAL_TIMEx_GetChannelNState
 .text          0x0000000008009444     0x14d8 Drivers/STM32F1xx_HAL_Driver/Src/stm32f1xx_hal_uart.o
                0x0000000008009448                HAL_UART_Init
                0x000000000800951c                HAL_HalfDuplex_Init
                0x00000000080095f8                HAL_LIN_Init
                0x00000000080096e4                HAL_MultiProcessor_Init
                0x00000000080097e0                HAL_UART_DeInit
                0x0000000008009814                HAL_UART_Transmit
                0x0000000008009924                HAL_UART_Receive
                0x0000000008009a2c                HAL_UART_Transmit_IT
                0x0000000008009a70                HAL_UART_Receive_IT
                0x0000000008009ac4                HAL_UART_Transmit_DMA
                0x0000000008009b38                HAL_UART_Receive_DMA
                0x0000000008009bd4                HAL_UART_DMAPause
                0x0000000008009c44                HAL_UART_DMAResume
                0x0000000008009cb0                HAL_UART_DMAStop
                0x0000000008009d40                HAL_UARTEx_ReceiveToIdle
                0x0000000008009e68                HAL_UARTEx_ReceiveToIdle_IT
                0x0000000008009ee0                HAL_UARTEx_ReceiveToIdle_DMA
                0x0000000008009f9c                HAL_UART_Abort
                0x000000000800a030                HAL_UART_AbortTransmit
                0x000000000800a07c                HAL_UART_AbortReceive
                0x000000000800a110                HAL_UART_TxHalfCpltCallback
                0x000000000800a124                HAL_UART_RxHalfCpltCallback
                0x000000000800a128                HAL_UART_ErrorCallback
                0x000000000800a1b8                HAL_UART_AbortCpltCallback
                0x000000000800a1bc                HAL_UART_Abort_IT
                0x000000000800a2dc                HAL_UART_AbortTransmitCpltCallback
                0x000000000800a2e0                HAL_UART_AbortTransmit_IT
                0x000000000800a350                HAL_UART_AbortReceiveCpltCallback
                0x000000000800a354                HAL_UART_AbortReceive_IT
                0x000000000800a3d4                HAL_UARTEx_RxEventCallback
                0x000000000800a490                HAL_UART_IRQHandler
                0x000000000800a758                HAL_LIN_SendBreak
                0x000000000800a78c                HAL_MultiProcessor_EnterMuteMode
                0x000000000800a7c0                HAL_MultiProcessor_ExitMuteMode
                0x000000000800a7f4                HAL_HalfDuplex_EnableTransmitter
                0x000000000800a82c                HAL_HalfDuplex_EnableReceiver
                0x000000000800a864                HAL_UART_GetState
                0x000000000800a870                HAL_UART_GetError
                0x000000000800a874                UART_Start_Receive_IT
                0x000000000800a8ac                UART_Start_Receive_DMA
 .text          0x000000000800a91c     0x1424 Middlewares/Third_Party/FreeRTOS/Source/CMSIS_RTOS_V2/cmsis_os2.o
                0x000000000800a930                osKernelInitialize
                0x000000000800a964                osKernelGetInfo
                0x000000000800a990                osKernelGetState
                0x000000000800a9b4                osKernelStart
                0x000000000800a9f8                osKernelLock
                0x000000000800aa3c                osKernelUnlock
                0x000000000800aa8c                osKernelRestoreLock
                0x000000000800aaf4                osKernelGetTickCount
                0x000000000800ab1c                osKernelGetTickFreq
                0x000000000800ab24                osKernelGetSysTimerCount
                0x000000000800ab5c                osKernelGetSysTimerFreq
                0x000000000800ab68                osThreadNew
                0x000000000800ac2c                osThreadGetName
                0x000000000800ac58                osThreadGetId
                0x000000000800ac80                osThreadGetState
                0x000000000800acc0                osThreadGetStackSpace
                0x000000000800acf0                osThreadGetStackSize
                0x000000000800acf4                osThreadSetPriority
                0x000000000800ad34                osThreadGetPriority
                0x000000000800ad60                osThreadYield
                0x000000000800ada0                osThreadSuspend
                0x000000000800add8                osThreadResume
                0x000000000800ae10                osThreadExit
                0x000000000800ae1c                osThreadTerminate
                0x000000000800ae70                osThreadGetCount
                0x000000000800ae98                osThreadEnumerate
                0x000000000800af20                osThreadFlagsSet
                0x000000000800afb4                osThreadFlagsClear
                0x000000000800b028                osThreadFlagsGet
                0x000000000800b070                osThreadFlagsWait
                0x000000000800b1b0                osDelay
                0x000000000800b1e4                osDelayUntil
                0x000000000800b22c                osTimerNew
                0x000000000800b2b0                osTimerGetName
                0x000000000800b2dc                osTimerStart
                0x000000000800b32c                osTimerStop
                0x000000000800b390                osTimerIsRunning
                0x000000000800b3c0                osTimerDelete
                0x000000000800b428                osEventFlagsNew
                0x000000000800b46c                osEventFlagsSet
                0x000000000800b4f0                osEventFlagsClear
                0x000000000800b550                osEventFlagsGet
                0x000000000800b584                osEventFlagsWait
                0x000000000800b5fc                osEventFlagsDelete
                0x000000000800b634                osMutexNew
                0x000000000800b6e0                osMutexAcquire
                0x000000000800b748                osMutexRelease
                0x000000000800b7a8                osMutexGetOwner
                0x000000000800b7d8                osMutexDelete
                0x000000000800b824                osSemaphoreNew
                0x000000000800b8f0                osSemaphoreAcquire
                0x000000000800b974                osSemaphoreRelease
                0x000000000800b9e8                osSemaphoreGetCount
                0x000000000800ba18                osSemaphoreDelete
                0x000000000800ba60                osMessageQueueNew
                0x000000000800baf0                osMessageQueuePut
                0x000000000800bb74                osMessageQueueGet
                0x000000000800bbf4                osMessageQueueGetCapacity
                0x000000000800bbfc                osMessageQueueGetMsgSize
                0x000000000800bc04                osMessageQueueGetCount
                0x000000000800bc34                osMessageQueueGetSpace
                0x000000000800bc80                osMessageQueueReset
                0x000000000800bcbc                osMessageQueueDelete
                0x000000000800bd08                vApplicationGetIdleTaskMemory
                0x000000000800bd24                vApplicationGetTimerTaskMemory
 .text          0x000000000800bd40      0x4ac Middlewares/Third_Party/FreeRTOS/Source/event_groups.o
                0x000000000800bd40                vEventGroupClearBitsCallback
                0x000000000800bd88                vEventGroupSetBitsCallback
                0x000000000800be14                xEventGroupCreateStatic
                0x000000000800be60                xEventGroupCreate
                0x000000000800be7c                xEventGroupWaitBits
                0x000000000800bf90                xEventGroupClearBits
                0x000000000800bfd8                xEventGroupClearBitsFromISR
                0x000000000800bfe8                xEventGroupGetBitsFromISR
                0x000000000800c004                xEventGroupSetBits
                0x000000000800c08c                xEventGroupSync
                0x000000000800c178                vEventGroupDelete
                0x000000000800c1c8                xEventGroupSetBitsFromISR
                0x000000000800c1e0                uxEventGroupGetNumber
                0x000000000800c1e8                vEventGroupSetNumber
 .text          0x000000000800c1ec       0x90 Middlewares/Third_Party/FreeRTOS/Source/list.o
                0x000000000800c1ec                vListInitialise
                0x000000000800c204                vListInitialiseItem
                0x000000000800c20c                vListInsertEnd
                0x000000000800c228                vListInsert
                0x000000000800c258                uxListRemove
 .text          0x000000000800c27c     0x17d0 Middlewares/Third_Party/FreeRTOS/Source/queue.o
                0x000000000800c300                xQueueGenericReset
                0x000000000800c38c                xQueueGenericCreateStatic
                0x000000000800c470                xQueueGenericCreate
                0x000000000800c508                xQueueGetMutexHolder
                0x000000000800c528                xQueueGetMutexHolderFromISR
                0x000000000800c548                xQueueCreateCountingSemaphoreStatic
                0x000000000800c600                xQueueCreateCountingSemaphore
                0x000000000800c68c                xQueueGenericSend
                0x000000000800c998                xQueueCreateMutexStatic
                0x000000000800ca38                xQueueGiveMutexRecursive
                0x000000000800ca78                xQueueCreateMutex
                0x000000000800cae8                xQueueGenericSendFromISR
                0x000000000800cbb4                xQueueGiveFromISR
                0x000000000800cc64                xQueueReceive
                0x000000000800cf70                xQueueSemaphoreTake
                0x000000000800d28c                xQueueTakeMutexRecursive
                0x000000000800d2cc                xQueuePeek
                0x000000000800d5cc                xQueueReceiveFromISR
                0x000000000800d688                xQueuePeekFromISR
                0x000000000800d714                uxQueueMessagesWaiting
                0x000000000800d73c                uxQueueSpacesAvailable
                0x000000000800d768                uxQueueMessagesWaitingFromISR
                0x000000000800d780                vQueueDelete
                0x000000000800d814                uxQueueGetQueueNumber
                0x000000000800d818                vQueueSetQueueNumber
                0x000000000800d81c                ucQueueGetQueueType
                0x000000000800d824                xQueueIsQueueEmptyFromISR
                0x000000000800d844                xQueueIsQueueFullFromISR
                0x000000000800d868                vQueueAddToRegistry
                0x000000000800d8bc                pcQueueGetName
                0x000000000800d91c                vQueueUnregisterQueue
                0x000000000800d980                vQueueWaitForMessageRestricted
 .text          0x000000000800da4c     0x1d64 Middlewares/Third_Party/FreeRTOS/Source/tasks.o
                0x000000000800dbf8                xTaskCreateStatic
                0x000000000800dce0                xTaskCreate
                0x000000000800dda0                vTaskDelete
                0x000000000800dea8                eTaskGetState
                0x000000000800df24                uxTaskPriorityGet
                0x000000000800df4c                uxTaskPriorityGetFromISR
                0x000000000800df84                vTaskPrioritySet
                0x000000000800e04c                vTaskSuspend
                0x000000000800e198                vTaskResume
                0x000000000800e234                xTaskResumeFromISR
                0x000000000800e2e8                vTaskStartScheduler
                0x000000000800e41c                vTaskEndScheduler
                0x000000000800e43c                vTaskSuspendAll
                0x000000000800e44c                xTaskGetTickCount
                0x000000000800e458                xTaskGetTickCountFromISR
                0x000000000800e468                uxTaskGetNumberOfTasks
                0x000000000800e474                pcTaskGetName
                0x000000000800e498                xTaskIncrementTick
                0x000000000800e714                xTaskResumeAll
                0x000000000800e834                uxTaskGetSystemState
                0x000000000800e9d4                vTaskDelay
                0x000000000800ea80                vTaskDelayUntil
                0x000000000800eb84                vTaskSwitchContext
                0x000000000800ec08                vTaskPlaceOnEventList
                0x000000000800ec90                vTaskPlaceOnUnorderedEventList
                0x000000000800ed40                vTaskPlaceOnEventListRestricted
                0x000000000800edd4                xTaskRemoveFromEventList
                0x000000000800ee60                vTaskRemoveFromUnorderedEventList
                0x000000000800eee8                vTaskSetTimeOutState
                0x000000000800ef20                vTaskInternalSetTimeOutState
                0x000000000800ef38                xTaskCheckForTimeOut
                0x000000000800efc8                vTaskMissedYield
                0x000000000800efd4                uxTaskGetTaskNumber
                0x000000000800efdc                vTaskSetTaskNumber
                0x000000000800efe4                vTaskGetInfo
                0x000000000800f0ec                uxTaskGetStackHighWaterMark
                0x000000000800f120                xTaskGetCurrentTaskHandle
                0x000000000800f12c                xTaskGetSchedulerState
                0x000000000800f14c                xTaskPriorityInherit
                0x000000000800f1d0                xTaskPriorityDisinherit
                0x000000000800f258                vTaskPriorityDisinheritAfterTimeout
                0x000000000800f2f8                uxTaskResetEventItemValue
                0x000000000800f310                pvTaskIncrementMutexHeldCount
                0x000000000800f328                ulTaskNotifyTake
                0x000000000800f3e8                xTaskNotifyWait
                0x000000000800f4cc                xTaskGenericNotify
                0x000000000800f5a0                xTaskGenericNotifyFromISR
                0x000000000800f6b0                vTaskNotifyGiveFromISR
                0x000000000800f780                xTaskNotifyStateClear
 .text          0x000000000800f7b0      0x738 Middlewares/Third_Party/FreeRTOS/Source/timers.o
                0x000000000800fabc                xTimerCreateTimerTask
                0x000000000800fb78                xTimerCreate
                0x000000000800fc3c                xTimerCreateStatic
                0x000000000800fd2c                xTimerGenericCommand
                0x000000000800fd90                xTimerGetTimerDaemonTaskHandle
                0x000000000800fdb0                xTimerGetPeriod
                0x000000000800fdc8                xTimerGetExpiryTime
                0x000000000800fde0                pcTimerGetName
                0x000000000800fdf8                xTimerIsTimerActive
                0x000000000800fe24                pvTimerGetTimerID
                0x000000000800fe4c                vTimerSetTimerID
                0x000000000800fe74                xTimerPendFunctionCallFromISR
                0x000000000800fea0                xTimerPendFunctionCall
                0x000000000800fee0                uxTimerGetTimerNumber
                0x000000000800fee4                vTimerSetTimerNumber
 *fill*         0x000000000800fee8        0x8 
 .text          0x000000000800fef0      0x340 Middlewares/Third_Party/FreeRTOS/Source/portable/GCC/ARM_CM3/port.o
                0x000000000800ff4c                pxPortInitialiseStack
                0x000000000800ff74                SVC_Handler
                0x000000000800ffa4                vPortEndScheduler
                0x000000000800ffc8                vPortEnterCritical
                0x000000000801000c                vPortExitCritical
                0x0000000008010034                PendSV_Handler
                0x0000000008010084                SysTick_Handler
                0x00000000080100b0                vPortSetupTimerInterrupt
                0x00000000080100ec                xPortStartScheduler
                0x00000000080101d0                vPortValidateInterruptPriority
 .text          0x0000000008010230      0x23c Middlewares/Third_Party/FreeRTOS/Source/portable/MemMang/heap_4.o
                0x0000000008010230                pvPortMalloc
                0x00000000080103a4                vPortFree
                0x0000000008010450                xPortGetFreeHeapSize
                0x000000000801045c                xPortGetMinimumEverFreeHeapSize
                0x0000000008010468                vPortInitialiseBlocks
 .text          0x000000000801046c      0x13c MyArray/MyArray.o
                0x000000000801046c                xMyArrayCreate
                0x0000000008010498                vMyArrayDelete
                0x00000000080104ac                eMyArraySplit
                0x0000000008010580                uMyArrayFindMax
 .text          0x00000000080105a8       0xac Scan_74238/Scan_74238.o
                0x00000000080105a8                Scan_74238
 .text          0x0000000008010654      0x27c Servo/Src/Servo.o
                0x0000000008010654                vServoInit
                0x00000000080106ac                vServoStart
                0x00000000080106cc                vServoStop
                0x00000000080106d4                vServoMove1
                0x000000000801071c                vServoStop1
                0x0000000008010730                eServoMove
                0x000000000801080c                vServoReverseCommand
                0x0000000008010838                vServoUpdateCommand
                0x00000000080108ac                vServoUpdateSetup
 .text          0x00000000080108d0      0x168 c:/st/stm32cubeide_1.6.1/stm32cubeide/plugins/com.st.stm32cube.ide.mcu.externaltools.gnu-tools-for-stm32.9-2020-q2-update.win32_1.5.0.202011040924/tools/bin/../lib/gcc/arm-none-eabi/9.3.1/thumb/v7-m/nofp\libgcc.a(_arm_mulsf3.o)
                0x00000000080108d0                __aeabi_fmul
                0x00000000080108d0                __mulsf3
 .text          0x0000000008010a38      0x21c c:/st/stm32cubeide_1.6.1/stm32cubeide/plugins/com.st.stm32cube.ide.mcu.externaltools.gnu-tools-for-stm32.9-2020-q2-update.win32_1.5.0.202011040924/tools/bin/../lib/gcc/arm-none-eabi/9.3.1/thumb/v7-m/nofp\libgcc.a(_arm_addsubsf3.o)
                0x0000000008010a38                __aeabi_frsub
                0x0000000008010a40                __subsf3
                0x0000000008010a40                __aeabi_fsub
                0x0000000008010a44                __aeabi_fadd
                0x0000000008010a44                __addsf3
                0x0000000008010ba4                __aeabi_ui2f
                0x0000000008010ba4                __floatunsisf
                0x0000000008010bac                __aeabi_i2f
                0x0000000008010bac                __floatsisf
                0x0000000008010bc8                __aeabi_ul2f
                0x0000000008010bc8                __floatundisf
                0x0000000008010bd8                __aeabi_l2f
                0x0000000008010bd8                __floatdisf
 .text          0x0000000008010c54       0xec c:/st/stm32cubeide_1.6.1/stm32cubeide/plugins/com.st.stm32cube.ide.mcu.externaltools.gnu-tools-for-stm32.9-2020-q2-update.win32_1.5.0.202011040924/tools/bin/../lib/gcc/arm-none-eabi/9.3.1/thumb/v7-m/nofp\libgcc.a(_arm_cmpsf2.o)
                0x0000000008010c54                __gesf2
                0x0000000008010c54                __gtsf2
                0x0000000008010c5c                __lesf2
                0x0000000008010c5c                __ltsf2
                0x0000000008010c64                __nesf2
                0x0000000008010c64                __eqsf2
                0x0000000008010c64                __cmpsf2
                0x0000000008010cc4                __aeabi_cfrcmple
                0x0000000008010ccc                __aeabi_cfcmpeq
                0x0000000008010ccc                __aeabi_cfcmple
                0x0000000008010cdc                __aeabi_fcmpeq
                0x0000000008010cf0                __aeabi_fcmplt
                0x0000000008010d04                __aeabi_fcmple
                0x0000000008010d18                __aeabi_fcmpge
                0x0000000008010d2c                __aeabi_fcmpgt
 *(.text*)
 .text.startup  0x0000000008010d40      0x7d8 Core/Src/main.o
                0x0000000008010d40                main
 .text.Reset_Handler
                0x0000000008011518       0x48 Core/Startup/startup_stm32f103c8tx.o
                0x0000000008011518                Reset_Handler
 .text.Default_Handler
                0x0000000008011560        0x2 Core/Startup/startup_stm32f103c8tx.o
                0x0000000008011560                RTC_Alarm_IRQHandler
                0x0000000008011560                EXTI2_IRQHandler
                0x0000000008011560                TIM1_CC_IRQHandler
                0x0000000008011560                PVD_IRQHandler
                0x0000000008011560                EXTI3_IRQHandler
                0x0000000008011560                EXTI0_IRQHandler
                0x0000000008011560                I2C2_EV_IRQHandler
                0x0000000008011560                ADC1_2_IRQHandler
                0x0000000008011560                SPI1_IRQHandler
                0x0000000008011560                TAMPER_IRQHandler
                0x0000000008011560                USART3_IRQHandler
                0x0000000008011560                RTC_IRQHandler
                0x0000000008011560                DMA1_Channel7_IRQHandler
                0x0000000008011560                CAN1_RX1_IRQHandler
                0x0000000008011560                TIM4_IRQHandler
                0x0000000008011560                I2C1_EV_IRQHandler
                0x0000000008011560                DMA1_Channel6_IRQHandler
                0x0000000008011560                TIM3_IRQHandler
                0x0000000008011560                RCC_IRQHandler
                0x0000000008011560                TIM1_TRG_COM_IRQHandler
                0x0000000008011560                Default_Handler
                0x0000000008011560                EXTI9_5_IRQHandler
                0x0000000008011560                SPI2_IRQHandler
                0x0000000008011560                EXTI4_IRQHandler
                0x0000000008011560                USB_LP_CAN1_RX0_IRQHandler
                0x0000000008011560                USB_HP_CAN1_TX_IRQHandler
                0x0000000008011560                WWDG_IRQHandler
                0x0000000008011560                TIM2_IRQHandler
                0x0000000008011560                TIM1_BRK_IRQHandler
                0x0000000008011560                EXTI1_IRQHandler
                0x0000000008011560                USART2_IRQHandler
                0x0000000008011560                I2C2_ER_IRQHandler
                0x0000000008011560                CAN1_SCE_IRQHandler
                0x0000000008011560                FLASH_IRQHandler
                0x0000000008011560                I2C1_ER_IRQHandler
                0x0000000008011560                USBWakeUp_IRQHandler
 *fill*         0x0000000008011562        0x2 
 .text.__libc_init_array
                0x0000000008011564       0x48 c:/st/stm32cubeide_1.6.1/stm32cubeide/plugins/com.st.stm32cube.ide.mcu.externaltools.gnu-tools-for-stm32.9-2020-q2-update.win32_1.5.0.202011040924/tools/bin/../lib/gcc/arm-none-eabi/9.3.1/../../../../arm-none-eabi/lib/thumb/v7-m/nofp\libc_nano.a(lib_a-init.o)
                0x0000000008011564                __libc_init_array
 .text.memcpy   0x00000000080115ac       0x1c c:/st/stm32cubeide_1.6.1/stm32cubeide/plugins/com.st.stm32cube.ide.mcu.externaltools.gnu-tools-for-stm32.9-2020-q2-update.win32_1.5.0.202011040924/tools/bin/../lib/gcc/arm-none-eabi/9.3.1/../../../../arm-none-eabi/lib/thumb/v7-m/nofp\libc_nano.a(lib_a-memcpy-stub.o)
                0x00000000080115ac                memcpy
 .text.memset   0x00000000080115c8       0x10 c:/st/stm32cubeide_1.6.1/stm32cubeide/plugins/com.st.stm32cube.ide.mcu.externaltools.gnu-tools-for-stm32.9-2020-q2-update.win32_1.5.0.202011040924/tools/bin/../lib/gcc/arm-none-eabi/9.3.1/../../../../arm-none-eabi/lib/thumb/v7-m/nofp\libc_nano.a(lib_a-memset.o)
                0x00000000080115c8                memset
 *(.glue_7)
 .glue_7        0x00000000080115d8        0x0 linker stubs
 *(.glue_7t)
 .glue_7t       0x00000000080115d8        0x0 linker stubs
 *(.eh_frame)
 .eh_frame      0x00000000080115d8        0x0 c:/st/stm32cubeide_1.6.1/stm32cubeide/plugins/com.st.stm32cube.ide.mcu.externaltools.gnu-tools-for-stm32.9-2020-q2-update.win32_1.5.0.202011040924/tools/bin/../lib/gcc/arm-none-eabi/9.3.1/thumb/v7-m/nofp/crtbegin.o
 *(.init)
 .init          0x00000000080115d8        0x4 c:/st/stm32cubeide_1.6.1/stm32cubeide/plugins/com.st.stm32cube.ide.mcu.externaltools.gnu-tools-for-stm32.9-2020-q2-update.win32_1.5.0.202011040924/tools/bin/../lib/gcc/arm-none-eabi/9.3.1/thumb/v7-m/nofp/crti.o
                0x00000000080115d8                _init
 .init          0x00000000080115dc        0x8 c:/st/stm32cubeide_1.6.1/stm32cubeide/plugins/com.st.stm32cube.ide.mcu.externaltools.gnu-tools-for-stm32.9-2020-q2-update.win32_1.5.0.202011040924/tools/bin/../lib/gcc/arm-none-eabi/9.3.1/thumb/v7-m/nofp/crtn.o
 *(.fini)
 .fini          0x00000000080115e4        0x4 c:/st/stm32cubeide_1.6.1/stm32cubeide/plugins/com.st.stm32cube.ide.mcu.externaltools.gnu-tools-for-stm32.9-2020-q2-update.win32_1.5.0.202011040924/tools/bin/../lib/gcc/arm-none-eabi/9.3.1/thumb/v7-m/nofp/crti.o
                0x00000000080115e4                _fini
 .fini          0x00000000080115e8        0x8 c:/st/stm32cubeide_1.6.1/stm32cubeide/plugins/com.st.stm32cube.ide.mcu.externaltools.gnu-tools-for-stm32.9-2020-q2-update.win32_1.5.0.202011040924/tools/bin/../lib/gcc/arm-none-eabi/9.3.1/thumb/v7-m/nofp/crtn.o
                0x00000000080115f0                . = ALIGN (0x4)
                0x00000000080115f0                _etext = .

.vfp11_veneer   0x00000000080115f0        0x0
 .vfp11_veneer  0x00000000080115f0        0x0 linker stubs

.v4_bx          0x00000000080115f0        0x0
 .v4_bx         0x00000000080115f0        0x0 linker stubs

.iplt           0x00000000080115f0        0x0
 .iplt          0x00000000080115f0        0x0 c:/st/stm32cubeide_1.6.1/stm32cubeide/plugins/com.st.stm32cube.ide.mcu.externaltools.gnu-tools-for-stm32.9-2020-q2-update.win32_1.5.0.202011040924/tools/bin/../lib/gcc/arm-none-eabi/9.3.1/thumb/v7-m/nofp/crtbegin.o

.rodata         0x00000000080115f0      0x400
                0x00000000080115f0                . = ALIGN (0x4)
 *(.rodata)
 *(.rodata*)
 .rodata.str1.4
                0x00000000080115f0      0x12c Core/Src/main.o
 .rodata.ButtonHandler_attributes
                0x000000000801171c       0x24 Core/Src/main.o
                0x000000000801171c                ButtonHandler_attributes
 .rodata.HandBot1_attributes
                0x0000000008011740       0x24 Core/Src/main.o
                0x0000000008011740                HandBot1_attributes
 .rodata.HandBot2_attributes
                0x0000000008011764       0x24 Core/Src/main.o
                0x0000000008011764                HandBot2_attributes
 .rodata.HandBot3_attributes
                0x0000000008011788       0x24 Core/Src/main.o
                0x0000000008011788                HandBot3_attributes
 .rodata.HandMatrixHandler_attributes
                0x00000000080117ac       0x24 Core/Src/main.o
                0x00000000080117ac                HandMatrixHandler_attributes
 .rodata.HandPeakControl_attributes
                0x00000000080117d0       0x24 Core/Src/main.o
                0x00000000080117d0                HandPeakControl_attributes
 .rodata.HandRxHandler_attributes
                0x00000000080117f4       0x24 Core/Src/main.o
                0x00000000080117f4                HandRxHandler_attributes
 .rodata.HandStopServo_attributes
                0x0000000008011818       0x24 Core/Src/main.o
                0x0000000008011818                HandStopServo_attributes
 .rodata.HandTop1_attributes
                0x000000000801183c       0x24 Core/Src/main.o
                0x000000000801183c                HandTop1_attributes
 .rodata.HandTop2_attributes
                0x0000000008011860       0x24 Core/Src/main.o
                0x0000000008011860                HandTop2_attributes
 .rodata.HandTop3_attributes
                0x0000000008011884       0x24 Core/Src/main.o
                0x0000000008011884                HandTop3_attributes
 .rodata.VelostatProcessOutput_attributes
                0x00000000080118a8       0x24 Core/Src/main.o
                0x00000000080118a8                VelostatProcessOutput_attributes
 .rodata.VelostatScanADC_attributes
                0x00000000080118cc       0x24 Core/Src/main.o
                0x00000000080118cc                VelostatScanADC_attributes
 .rodata.VelostatTransmit_attributes
                0x00000000080118f0       0x24 Core/Src/main.o
                0x00000000080118f0                VelostatTransmit_attributes
 .rodata.handEvent_attributes
                0x0000000008011914       0x10 Core/Src/main.o
                0x0000000008011914                handEvent_attributes
 .rodata.handQueue_attributes
                0x0000000008011924       0x18 Core/Src/main.o
                0x0000000008011924                handQueue_attributes
 .rodata.myTimer01_attributes
                0x000000000801193c       0x10 Core/Src/main.o
                0x000000000801193c                myTimer01_attributes
 .rodata.stopServoEvent_attributes
                0x000000000801194c       0x10 Core/Src/main.o
                0x000000000801194c                stopServoEvent_attributes
 .rodata.velostatEvent_attributes
                0x000000000801195c       0x10 Core/Src/main.o
                0x000000000801195c                velostatEvent_attributes
 .rodata.velostatQueue_attributes
                0x000000000801196c       0x18 Core/Src/main.o
                0x000000000801196c                velostatQueue_attributes
 .rodata.AHBPrescTable
                0x0000000008011984       0x10 Core/Src/system_stm32f1xx.o
                0x0000000008011984                AHBPrescTable
 .rodata.APBPrescTable
                0x0000000008011994        0x8 Core/Src/system_stm32f1xx.o
                0x0000000008011994                APBPrescTable
 .rodata.str1.4
                0x000000000801199c       0x11 Drivers/STM32F1xx_HAL_Driver/Src/stm32f1xx_hal_rcc.o
 .rodata.str1.4
                0x00000000080119ad       0x11 Drivers/STM32F1xx_HAL_Driver/Src/stm32f1xx_hal_rcc_ex.o
 *fill*         0x00000000080119ad        0x3 
 .rodata.str1.4
                0x00000000080119b0       0x11 Middlewares/Third_Party/FreeRTOS/Source/CMSIS_RTOS_V2/cmsis_os2.o
 *fill*         0x00000000080119c1        0x3 
 .rodata.CSWTCH.101
                0x00000000080119c4       0x14 Middlewares/Third_Party/FreeRTOS/Source/CMSIS_RTOS_V2/cmsis_os2.o
 .rodata.str1.4
                0x00000000080119d8        0x5 Middlewares/Third_Party/FreeRTOS/Source/tasks.o
 *fill*         0x00000000080119dd        0x3 
 .rodata.str1.4
                0x00000000080119e0       0x10 Middlewares/Third_Party/FreeRTOS/Source/timers.o
                0x00000000080119f0                . = ALIGN (0x4)

.rel.dyn        0x00000000080119f0        0x0
 .rel.iplt      0x00000000080119f0        0x0 c:/st/stm32cubeide_1.6.1/stm32cubeide/plugins/com.st.stm32cube.ide.mcu.externaltools.gnu-tools-for-stm32.9-2020-q2-update.win32_1.5.0.202011040924/tools/bin/../lib/gcc/arm-none-eabi/9.3.1/thumb/v7-m/nofp/crtbegin.o

.ARM.extab      0x00000000080119f0        0x0
                0x00000000080119f0                . = ALIGN (0x4)
 *(.ARM.extab* .gnu.linkonce.armextab.*)
                0x00000000080119f0                . = ALIGN (0x4)

.ARM            0x00000000080119f0        0x0
                0x00000000080119f0                . = ALIGN (0x4)
                0x00000000080119f0                __exidx_start = .
 *(.ARM.exidx*)
                0x00000000080119f0                __exidx_end = .
                0x00000000080119f0                . = ALIGN (0x4)

.preinit_array  0x00000000080119f0        0x0
                0x00000000080119f0                . = ALIGN (0x4)
                0x00000000080119f0                PROVIDE (__preinit_array_start = .)
 *(.preinit_array*)
                0x00000000080119f0                PROVIDE (__preinit_array_end = .)
                0x00000000080119f0                . = ALIGN (0x4)

.init_array     0x00000000080119f0        0x4
                0x00000000080119f0                . = ALIGN (0x4)
                0x00000000080119f0                PROVIDE (__init_array_start = .)
 *(SORT_BY_NAME(.init_array.*))
 *(.init_array*)
 .init_array    0x00000000080119f0        0x4 c:/st/stm32cubeide_1.6.1/stm32cubeide/plugins/com.st.stm32cube.ide.mcu.externaltools.gnu-tools-for-stm32.9-2020-q2-update.win32_1.5.0.202011040924/tools/bin/../lib/gcc/arm-none-eabi/9.3.1/thumb/v7-m/nofp/crtbegin.o
                0x00000000080119f4                PROVIDE (__init_array_end = .)
                0x00000000080119f4                . = ALIGN (0x4)

.fini_array     0x00000000080119f4        0x4
                0x00000000080119f4                . = ALIGN (0x4)
                [!provide]                        PROVIDE (__fini_array_start = .)
 *(SORT_BY_NAME(.fini_array.*))
 *(.fini_array*)
 .fini_array    0x00000000080119f4        0x4 c:/st/stm32cubeide_1.6.1/stm32cubeide/plugins/com.st.stm32cube.ide.mcu.externaltools.gnu-tools-for-stm32.9-2020-q2-update.win32_1.5.0.202011040924/tools/bin/../lib/gcc/arm-none-eabi/9.3.1/thumb/v7-m/nofp/crtbegin.o
                [!provide]                        PROVIDE (__fini_array_end = .)
                0x00000000080119f8                . = ALIGN (0x4)
                0x00000000080119f8                _sidata = LOADADDR (.data)

.data           0x0000000020000000       0x38 load address 0x00000000080119f8
                0x0000000020000000                . = ALIGN (0x4)
                0x0000000020000000                _sdata = .
 *(.data)
 *(.data*)
 .data.threshHold
                0x0000000020000000       0x28 Core/Src/main.o
                0x0000000020000000                threshHold
 .data.SystemCoreClock
                0x0000000020000028        0x4 Core/Src/system_stm32f1xx.o
                0x0000000020000028                SystemCoreClock
 .data.uwTickFreq
                0x000000002000002c        0x1 Drivers/STM32F1xx_HAL_Driver/Src/stm32f1xx_hal.o
                0x000000002000002c                uwTickFreq
 *fill*         0x000000002000002d        0x3 
 .data.uwTickPrio
                0x0000000020000030        0x4 Drivers/STM32F1xx_HAL_Driver/Src/stm32f1xx_hal.o
                0x0000000020000030                uwTickPrio
 .data.uxCriticalNesting
                0x0000000020000034        0x4 Middlewares/Third_Party/FreeRTOS/Source/portable/GCC/ARM_CM3/port.o
 *(.RamFunc)
 *(.RamFunc*)
                0x0000000020000038                . = ALIGN (0x4)
                0x0000000020000038                _edata = .

.igot.plt       0x0000000020000038        0x0 load address 0x0000000008011a30
 .igot.plt      0x0000000020000038        0x0 c:/st/stm32cubeide_1.6.1/stm32cubeide/plugins/com.st.stm32cube.ide.mcu.externaltools.gnu-tools-for-stm32.9-2020-q2-update.win32_1.5.0.202011040924/tools/bin/../lib/gcc/arm-none-eabi/9.3.1/thumb/v7-m/nofp/crtbegin.o
                0x0000000020000038                . = ALIGN (0x4)

.bss            0x0000000020000038     0x4560 load address 0x0000000008011a30
                0x0000000020000038                _sbss = .
                0x0000000020000038                __bss_start__ = _sbss
 *(.bss)
 .bss           0x0000000020000038       0x1c c:/st/stm32cubeide_1.6.1/stm32cubeide/plugins/com.st.stm32cube.ide.mcu.externaltools.gnu-tools-for-stm32.9-2020-q2-update.win32_1.5.0.202011040924/tools/bin/../lib/gcc/arm-none-eabi/9.3.1/thumb/v7-m/nofp/crtbegin.o
 *(.bss*)
 .bss.countRun  0x0000000020000054        0x4 Core/Src/main.o
                0x0000000020000054                countRun
 .bss.flag      0x0000000020000058        0x4 Core/Src/main.o
                0x0000000020000058                flag
 .bss.Idle_Stack
                0x000000002000005c      0x100 Middlewares/Third_Party/FreeRTOS/Source/CMSIS_RTOS_V2/cmsis_os2.o
 .bss.Idle_TCB  0x000000002000015c       0x6c Middlewares/Third_Party/FreeRTOS/Source/CMSIS_RTOS_V2/cmsis_os2.o
 .bss.KernelState
                0x00000000200001c8        0x4 Middlewares/Third_Party/FreeRTOS/Source/CMSIS_RTOS_V2/cmsis_os2.o
 .bss.Timer_Stack
                0x00000000200001cc      0x200 Middlewares/Third_Party/FreeRTOS/Source/CMSIS_RTOS_V2/cmsis_os2.o
 .bss.Timer_TCB
                0x00000000200003cc       0x6c Middlewares/Third_Party/FreeRTOS/Source/CMSIS_RTOS_V2/cmsis_os2.o
 .bss.pxCurrentTCB
                0x0000000020000438        0x4 Middlewares/Third_Party/FreeRTOS/Source/tasks.o
                0x0000000020000438                pxCurrentTCB
 .bss.pxDelayedTaskList
                0x000000002000043c        0x4 Middlewares/Third_Party/FreeRTOS/Source/tasks.o
 .bss.pxOverflowDelayedTaskList
                0x0000000020000440        0x4 Middlewares/Third_Party/FreeRTOS/Source/tasks.o
 .bss.pxReadyTasksLists
                0x0000000020000444      0x460 Middlewares/Third_Party/FreeRTOS/Source/tasks.o
 .bss.uxCurrentNumberOfTasks
                0x00000000200008a4        0x4 Middlewares/Third_Party/FreeRTOS/Source/tasks.o
 .bss.uxDeletedTasksWaitingCleanUp
                0x00000000200008a8        0x4 Middlewares/Third_Party/FreeRTOS/Source/tasks.o
 .bss.uxPendedTicks
                0x00000000200008ac        0x4 Middlewares/Third_Party/FreeRTOS/Source/tasks.o
 .bss.uxSchedulerSuspended
                0x00000000200008b0        0x4 Middlewares/Third_Party/FreeRTOS/Source/tasks.o
 .bss.uxTaskNumber
                0x00000000200008b4        0x4 Middlewares/Third_Party/FreeRTOS/Source/tasks.o
 .bss.uxTopReadyPriority
                0x00000000200008b8        0x4 Middlewares/Third_Party/FreeRTOS/Source/tasks.o
 .bss.xDelayedTaskList1
                0x00000000200008bc       0x14 Middlewares/Third_Party/FreeRTOS/Source/tasks.o
 .bss.xDelayedTaskList2
                0x00000000200008d0       0x14 Middlewares/Third_Party/FreeRTOS/Source/tasks.o
 .bss.xNextTaskUnblockTime
                0x00000000200008e4        0x4 Middlewares/Third_Party/FreeRTOS/Source/tasks.o
 .bss.xNumOfOverflows
                0x00000000200008e8        0x4 Middlewares/Third_Party/FreeRTOS/Source/tasks.o
 .bss.xPendingReadyList
                0x00000000200008ec       0x14 Middlewares/Third_Party/FreeRTOS/Source/tasks.o
 .bss.xSchedulerRunning
                0x0000000020000900        0x4 Middlewares/Third_Party/FreeRTOS/Source/tasks.o
 .bss.xSuspendedTaskList
                0x0000000020000904       0x14 Middlewares/Third_Party/FreeRTOS/Source/tasks.o
 .bss.xTasksWaitingTermination
                0x0000000020000918       0x14 Middlewares/Third_Party/FreeRTOS/Source/tasks.o
 .bss.xTickCount
                0x000000002000092c        0x4 Middlewares/Third_Party/FreeRTOS/Source/tasks.o
 .bss.xYieldPending
                0x0000000020000930        0x4 Middlewares/Third_Party/FreeRTOS/Source/tasks.o
 .bss.pxCurrentTimerList
                0x0000000020000934        0x4 Middlewares/Third_Party/FreeRTOS/Source/timers.o
 .bss.pxOverflowTimerList
                0x0000000020000938        0x4 Middlewares/Third_Party/FreeRTOS/Source/timers.o
 .bss.ucStaticTimerQueueStorage.5575
                0x000000002000093c       0xa0 Middlewares/Third_Party/FreeRTOS/Source/timers.o
 .bss.xActiveTimerList1
                0x00000000200009dc       0x14 Middlewares/Third_Party/FreeRTOS/Source/timers.o
 .bss.xActiveTimerList2
                0x00000000200009f0       0x14 Middlewares/Third_Party/FreeRTOS/Source/timers.o
 .bss.xLastTime.5524
                0x0000000020000a04        0x4 Middlewares/Third_Party/FreeRTOS/Source/timers.o
 .bss.xStaticTimerQueue.5574
                0x0000000020000a08       0x50 Middlewares/Third_Party/FreeRTOS/Source/timers.o
 .bss.xTimerQueue
                0x0000000020000a58        0x4 Middlewares/Third_Party/FreeRTOS/Source/timers.o
 .bss.xTimerTaskHandle
                0x0000000020000a5c        0x4 Middlewares/Third_Party/FreeRTOS/Source/timers.o
 .bss.ucMaxSysCallPriority
                0x0000000020000a60        0x1 Middlewares/Third_Party/FreeRTOS/Source/portable/GCC/ARM_CM3/port.o
 *fill*         0x0000000020000a61        0x3 
 .bss.ulMaxPRIGROUPValue
                0x0000000020000a64        0x4 Middlewares/Third_Party/FreeRTOS/Source/portable/GCC/ARM_CM3/port.o
 .bss.pxEnd     0x0000000020000a68        0x4 Middlewares/Third_Party/FreeRTOS/Source/portable/MemMang/heap_4.o
 .bss.ucHeap    0x0000000020000a6c     0x36b0 Middlewares/Third_Party/FreeRTOS/Source/portable/MemMang/heap_4.o
 .bss.xBlockAllocatedBit
                0x000000002000411c        0x4 Middlewares/Third_Party/FreeRTOS/Source/portable/MemMang/heap_4.o
 .bss.xFreeBytesRemaining
                0x0000000020004120        0x4 Middlewares/Third_Party/FreeRTOS/Source/portable/MemMang/heap_4.o
 .bss.xMinimumEverFreeBytesRemaining
                0x0000000020004124        0x4 Middlewares/Third_Party/FreeRTOS/Source/portable/MemMang/heap_4.o
 .bss.xStart    0x0000000020004128        0x8 Middlewares/Third_Party/FreeRTOS/Source/portable/MemMang/heap_4.o
 .bss.servoLevel
                0x0000000020004130        0x1 Servo/Src/Servo.o
                0x0000000020004130                servoLevel
 *(COMMON)
 *fill*         0x0000000020004131        0x3 
 COMMON         0x0000000020004134      0x3d0 Core/Src/main.o
                0x0000000020004134                bot3Array
                0x0000000020004138                top2
                0x000000002000413c                rxData
                0x0000000020004140                HandTop3Handle
                0x0000000020004144                HandPeakControlHandle
                0x0000000020004148                flag13
                0x000000002000414c                HandBot2Handle
                0x0000000020004150                top3
                0x0000000020004154                bot1Array
                0x0000000020004158                maxBot3
                0x000000002000415c                hdma_memtomem_dma1_channel3
                0x00000000200041a0                htim4
                0x00000000200041e8                endScan
                0x00000000200041ec                hadc2
                0x000000002000421c                HandBot1Handle
                0x0000000020004220                botArray
                0x0000000020004224                ptrCellsBuffer
                0x0000000020004228                startTx
                0x000000002000422c                scanRowth
                0x000000002000422e                sumBot
                0x0000000020004230                top2Array
                0x0000000020004234                flag123
                0x0000000020004236                peakControlMode
                0x0000000020004238                htim3
                0x0000000020004280                VelostatProcessOutputHandle
                0x0000000020004284                HandMatrixHandlerHandle
                0x0000000020004288                ptrTxBuffer
                0x000000002000428c                top1Array
                0x0000000020004290                hdma_usart1_tx
                0x00000000200042d4                startScan
                0x00000000200042d8                hadc1
                0x0000000020004308                end
                0x000000002000430c                maxBot1
                0x0000000020004310                hdma_usart1_rx
                0x0000000020004354                sumTop
                0x0000000020004358                VelostatTransmitHandle
                0x000000002000435c                timeDelay
                0x000000002000435e                maxBot
                0x0000000020004360                huart1
                0x00000000200043a4                HandTop1Handle
                0x00000000200043a8                maxTop
                0x00000000200043ac                HandRxHandlerHandle
                0x00000000200043b0                VelostatScanADCHandle
                0x00000000200043b4                hdma_adc1
                0x00000000200043f8                palmArray
                0x00000000200043fc                sumThreshHold
                0x00000000200043fe                maxBot2
                0x0000000020004400                maxTop1
                0x0000000020004404                bot2Array
                0x0000000020004408                bot3
                0x000000002000440c                isPress
                0x0000000020004410                topArray
                0x0000000020004414                countSum
                0x0000000020004418                top1
                0x000000002000441c                HandStopServoHandle
                0x0000000020004420                myTimer01Handle
                0x0000000020004424                hdma_memtomem_dma1_channel2
                0x0000000020004468                matrix
                0x000000002000446c                flag12
                0x0000000020004470                velostatQueueHandle
                0x0000000020004474                velostatEventHandle
                0x0000000020004478                HandTop2Handle
                0x000000002000447c                handQueueHandle
                0x0000000020004480                maxPalm
                0x0000000020004484                htim2
                0x00000000200044cc                HandBot3Handle
                0x00000000200044d0                maxTop2
                0x00000000200044d2                first
                0x00000000200044d4                flagTimer
                0x00000000200044d6                isRun
                0x00000000200044d8                threshHoldValue
                0x00000000200044dc                endTx
                0x00000000200044e0                top3Array
                0x00000000200044e4                start
                0x00000000200044e8                maxTop3
                0x00000000200044ec                stopServoEventHandle
                0x00000000200044f0                ButtonHandlerHandle
                0x00000000200044f4                btn
                0x00000000200044f8                handEventHandle
                0x00000000200044fc                bot2
                0x0000000020004500                bot1
 COMMON         0x0000000020004504       0x48 Core/Src/stm32f1xx_hal_timebase_tim.o
                0x0000000020004504                htim1
 COMMON         0x000000002000454c        0x4 Drivers/STM32F1xx_HAL_Driver/Src/stm32f1xx_hal.o
                0x000000002000454c                uwTick
 COMMON         0x0000000020004550       0x40 Middlewares/Third_Party/FreeRTOS/Source/queue.o
                0x0000000020004550                xQueueRegistry
 COMMON         0x0000000020004590        0x6 Scan_74238/Scan_74238.o
                0x0000000020004590                ScanBitState1
                0x0000000020004591                ScanBitState5
                0x0000000020004592                ScanBitState3
                0x0000000020004593                ScanBitState4
                0x0000000020004594                ScanBitState0
                0x0000000020004595                ScanBitState2
                0x0000000020004598                . = ALIGN (0x4)
 *fill*         0x0000000020004596        0x2 
                0x0000000020004598                _ebss = .
                0x0000000020004598                __bss_end__ = _ebss

._user_heap_stack
                0x0000000020004598      0x600 load address 0x0000000008011a30
                0x0000000020004598                . = ALIGN (0x8)
                [!provide]                        PROVIDE (end = .)
                0x0000000020004598                PROVIDE (_end = .)
                0x0000000020004798                . = (. + _Min_Heap_Size)
 *fill*         0x0000000020004598      0x200 
                0x0000000020004b98                . = (. + _Min_Stack_Size)
 *fill*         0x0000000020004798      0x400 
                0x0000000020004b98                . = ALIGN (0x8)

/DISCARD/
 libc.a(*)
 libm.a(*)
 libgcc.a(*)

.ARM.attributes
                0x0000000000000000       0x29
 *(.ARM.attributes)
 .ARM.attributes
                0x0000000000000000       0x1d c:/st/stm32cubeide_1.6.1/stm32cubeide/plugins/com.st.stm32cube.ide.mcu.externaltools.gnu-tools-for-stm32.9-2020-q2-update.win32_1.5.0.202011040924/tools/bin/../lib/gcc/arm-none-eabi/9.3.1/thumb/v7-m/nofp/crti.o
 .ARM.attributes
                0x000000000000001d       0x2d c:/st/stm32cubeide_1.6.1/stm32cubeide/plugins/com.st.stm32cube.ide.mcu.externaltools.gnu-tools-for-stm32.9-2020-q2-update.win32_1.5.0.202011040924/tools/bin/../lib/gcc/arm-none-eabi/9.3.1/thumb/v7-m/nofp/crtbegin.o
 .ARM.attributes
                0x000000000000004a       0x29 Core/Src/freertos.o
 .ARM.attributes
                0x0000000000000073       0x29 Core/Src/main.o
 .ARM.attributes
                0x000000000000009c       0x29 Core/Src/stm32f1xx_hal_msp.o
 .ARM.attributes
                0x00000000000000c5       0x29 Core/Src/stm32f1xx_hal_timebase_tim.o
 .ARM.attributes
                0x00000000000000ee       0x29 Core/Src/stm32f1xx_it.o
 .ARM.attributes
                0x0000000000000117       0x29 Core/Src/system_stm32f1xx.o
 .ARM.attributes
                0x0000000000000140       0x21 Core/Startup/startup_stm32f103c8tx.o
 .ARM.attributes
                0x0000000000000161       0x29 Drivers/STM32F1xx_HAL_Driver/Src/stm32f1xx_hal.o
 .ARM.attributes
                0x000000000000018a       0x29 Drivers/STM32F1xx_HAL_Driver/Src/stm32f1xx_hal_adc.o
 .ARM.attributes
                0x00000000000001b3       0x29 Drivers/STM32F1xx_HAL_Driver/Src/stm32f1xx_hal_adc_ex.o
 .ARM.attributes
                0x00000000000001dc       0x29 Drivers/STM32F1xx_HAL_Driver/Src/stm32f1xx_hal_cortex.o
 .ARM.attributes
                0x0000000000000205       0x29 Drivers/STM32F1xx_HAL_Driver/Src/stm32f1xx_hal_dma.o
 .ARM.attributes
                0x000000000000022e       0x29 Drivers/STM32F1xx_HAL_Driver/Src/stm32f1xx_hal_gpio.o
 .ARM.attributes
                0x0000000000000257       0x29 Drivers/STM32F1xx_HAL_Driver/Src/stm32f1xx_hal_rcc.o
 .ARM.attributes
                0x0000000000000280       0x29 Drivers/STM32F1xx_HAL_Driver/Src/stm32f1xx_hal_rcc_ex.o
 .ARM.attributes
                0x00000000000002a9       0x29 Drivers/STM32F1xx_HAL_Driver/Src/stm32f1xx_hal_tim.o
 .ARM.attributes
                0x00000000000002d2       0x29 Drivers/STM32F1xx_HAL_Driver/Src/stm32f1xx_hal_tim_ex.o
 .ARM.attributes
                0x00000000000002fb       0x29 Drivers/STM32F1xx_HAL_Driver/Src/stm32f1xx_hal_uart.o
 .ARM.attributes
                0x0000000000000324       0x29 Middlewares/Third_Party/FreeRTOS/Source/CMSIS_RTOS_V2/cmsis_os2.o
 .ARM.attributes
                0x000000000000034d       0x29 Middlewares/Third_Party/FreeRTOS/Source/event_groups.o
 .ARM.attributes
                0x0000000000000376       0x29 Middlewares/Third_Party/FreeRTOS/Source/list.o
 .ARM.attributes
                0x000000000000039f       0x29 Middlewares/Third_Party/FreeRTOS/Source/queue.o
 .ARM.attributes
                0x00000000000003c8       0x29 Middlewares/Third_Party/FreeRTOS/Source/tasks.o
 .ARM.attributes
                0x00000000000003f1       0x29 Middlewares/Third_Party/FreeRTOS/Source/timers.o
 .ARM.attributes
                0x000000000000041a       0x29 Middlewares/Third_Party/FreeRTOS/Source/portable/GCC/ARM_CM3/port.o
 .ARM.attributes
                0x0000000000000443       0x29 Middlewares/Third_Party/FreeRTOS/Source/portable/MemMang/heap_4.o
 .ARM.attributes
                0x000000000000046c       0x29 MyArray/MyArray.o
 .ARM.attributes
                0x0000000000000495       0x29 Scan_74238/Scan_74238.o
 .ARM.attributes
                0x00000000000004be       0x29 Servo/Src/Servo.o
 .ARM.attributes
                0x00000000000004e7       0x2d c:/st/stm32cubeide_1.6.1/stm32cubeide/plugins/com.st.stm32cube.ide.mcu.externaltools.gnu-tools-for-stm32.9-2020-q2-update.win32_1.5.0.202011040924/tools/bin/../lib/gcc/arm-none-eabi/9.3.1/../../../../arm-none-eabi/lib/thumb/v7-m/nofp\libc_nano.a(lib_a-init.o)
 .ARM.attributes
                0x0000000000000514       0x2d c:/st/stm32cubeide_1.6.1/stm32cubeide/plugins/com.st.stm32cube.ide.mcu.externaltools.gnu-tools-for-stm32.9-2020-q2-update.win32_1.5.0.202011040924/tools/bin/../lib/gcc/arm-none-eabi/9.3.1/../../../../arm-none-eabi/lib/thumb/v7-m/nofp\libc_nano.a(lib_a-memcpy-stub.o)
 .ARM.attributes
                0x0000000000000541       0x2d c:/st/stm32cubeide_1.6.1/stm32cubeide/plugins/com.st.stm32cube.ide.mcu.externaltools.gnu-tools-for-stm32.9-2020-q2-update.win32_1.5.0.202011040924/tools/bin/../lib/gcc/arm-none-eabi/9.3.1/../../../../arm-none-eabi/lib/thumb/v7-m/nofp\libc_nano.a(lib_a-memset.o)
 .ARM.attributes
                0x000000000000056e       0x1d c:/st/stm32cubeide_1.6.1/stm32cubeide/plugins/com.st.stm32cube.ide.mcu.externaltools.gnu-tools-for-stm32.9-2020-q2-update.win32_1.5.0.202011040924/tools/bin/../lib/gcc/arm-none-eabi/9.3.1/thumb/v7-m/nofp\libgcc.a(_arm_mulsf3.o)
 .ARM.attributes
                0x000000000000058b       0x1d c:/st/stm32cubeide_1.6.1/stm32cubeide/plugins/com.st.stm32cube.ide.mcu.externaltools.gnu-tools-for-stm32.9-2020-q2-update.win32_1.5.0.202011040924/tools/bin/../lib/gcc/arm-none-eabi/9.3.1/thumb/v7-m/nofp\libgcc.a(_arm_addsubsf3.o)
 .ARM.attributes
                0x00000000000005a8       0x1d c:/st/stm32cubeide_1.6.1/stm32cubeide/plugins/com.st.stm32cube.ide.mcu.externaltools.gnu-tools-for-stm32.9-2020-q2-update.win32_1.5.0.202011040924/tools/bin/../lib/gcc/arm-none-eabi/9.3.1/thumb/v7-m/nofp\libgcc.a(_arm_cmpsf2.o)
 .ARM.attributes
                0x00000000000005c5       0x1d c:/st/stm32cubeide_1.6.1/stm32cubeide/plugins/com.st.stm32cube.ide.mcu.externaltools.gnu-tools-for-stm32.9-2020-q2-update.win32_1.5.0.202011040924/tools/bin/../lib/gcc/arm-none-eabi/9.3.1/thumb/v7-m/nofp/crtn.o
OUTPUT(05_FreeRTOSv2_Velostat_Queue_FingerControl.elf elf32-littlearm)
LOAD linker stubs
LOAD c:/st/stm32cubeide_1.6.1/stm32cubeide/plugins/com.st.stm32cube.ide.mcu.externaltools.gnu-tools-for-stm32.9-2020-q2-update.win32_1.5.0.202011040924/tools/bin/../lib/gcc/arm-none-eabi/9.3.1/../../../../arm-none-eabi/lib/thumb/v7-m/nofp\libc.a
LOAD c:/st/stm32cubeide_1.6.1/stm32cubeide/plugins/com.st.stm32cube.ide.mcu.externaltools.gnu-tools-for-stm32.9-2020-q2-update.win32_1.5.0.202011040924/tools/bin/../lib/gcc/arm-none-eabi/9.3.1/../../../../arm-none-eabi/lib/thumb/v7-m/nofp\libm.a
LOAD c:/st/stm32cubeide_1.6.1/stm32cubeide/plugins/com.st.stm32cube.ide.mcu.externaltools.gnu-tools-for-stm32.9-2020-q2-update.win32_1.5.0.202011040924/tools/bin/../lib/gcc/arm-none-eabi/9.3.1/thumb/v7-m/nofp\libgcc.a

.debug_info     0x0000000000000000    0x2c4a7
 .debug_info    0x0000000000000000      0x3af Core/Src/freertos.o
 .debug_info    0x00000000000003af     0x5091 Core/Src/main.o
 .debug_info    0x0000000000005440     0x1555 Core/Src/stm32f1xx_hal_msp.o
 .debug_info    0x0000000000006995      0xaf3 Core/Src/stm32f1xx_hal_timebase_tim.o
 .debug_info    0x0000000000007488      0xb56 Core/Src/stm32f1xx_it.o
 .debug_info    0x0000000000007fde      0x2cd Core/Src/system_stm32f1xx.o
 .debug_info    0x00000000000082ab       0x22 Core/Startup/startup_stm32f103c8tx.o
 .debug_info    0x00000000000082cd      0x869 Drivers/STM32F1xx_HAL_Driver/Src/stm32f1xx_hal.o
 .debug_info    0x0000000000008b36     0x122f Drivers/STM32F1xx_HAL_Driver/Src/stm32f1xx_hal_adc.o
 .debug_info    0x0000000000009d65      0xd0f Drivers/STM32F1xx_HAL_Driver/Src/stm32f1xx_hal_adc_ex.o
 .debug_info    0x000000000000aa74      0xe3c Drivers/STM32F1xx_HAL_Driver/Src/stm32f1xx_hal_cortex.o
 .debug_info    0x000000000000b8b0      0x953 Drivers/STM32F1xx_HAL_Driver/Src/stm32f1xx_hal_dma.o
 .debug_info    0x000000000000c203      0x761 Drivers/STM32F1xx_HAL_Driver/Src/stm32f1xx_hal_gpio.o
 .debug_info    0x000000000000c964      0xb65 Drivers/STM32F1xx_HAL_Driver/Src/stm32f1xx_hal_rcc.o
 .debug_info    0x000000000000d4c9      0x4fd Drivers/STM32F1xx_HAL_Driver/Src/stm32f1xx_hal_rcc_ex.o
 .debug_info    0x000000000000d9c6     0x4e73 Drivers/STM32F1xx_HAL_Driver/Src/stm32f1xx_hal_tim.o
 .debug_info    0x0000000000012839     0x1c2d Drivers/STM32F1xx_HAL_Driver/Src/stm32f1xx_hal_tim_ex.o
 .debug_info    0x0000000000014466     0x2028 Drivers/STM32F1xx_HAL_Driver/Src/stm32f1xx_hal_uart.o
 .debug_info    0x000000000001648e     0x535b Middlewares/Third_Party/FreeRTOS/Source/CMSIS_RTOS_V2/cmsis_os2.o
 .debug_info    0x000000000001b7e9     0x1b9d Middlewares/Third_Party/FreeRTOS/Source/event_groups.o
 .debug_info    0x000000000001d386      0xb8f Middlewares/Third_Party/FreeRTOS/Source/list.o
 .debug_info    0x000000000001df15     0x4426 Middlewares/Third_Party/FreeRTOS/Source/queue.o
 .debug_info    0x000000000002233b     0x4924 Middlewares/Third_Party/FreeRTOS/Source/tasks.o
 .debug_info    0x0000000000026c5f     0x28e4 Middlewares/Third_Party/FreeRTOS/Source/timers.o
 .debug_info    0x0000000000029543      0x5c7 Middlewares/Third_Party/FreeRTOS/Source/portable/GCC/ARM_CM3/port.o
 .debug_info    0x0000000000029b0a      0xdab Middlewares/Third_Party/FreeRTOS/Source/portable/MemMang/heap_4.o
 .debug_info    0x000000000002a8b5      0xc2a MyArray/MyArray.o
 .debug_info    0x000000000002b4df      0x37b Scan_74238/Scan_74238.o
 .debug_info    0x000000000002b85a      0xc4d Servo/Src/Servo.o

.debug_abbrev   0x0000000000000000     0x54a7
 .debug_abbrev  0x0000000000000000      0x14b Core/Src/freertos.o
 .debug_abbrev  0x000000000000014b      0x45f Core/Src/main.o
 .debug_abbrev  0x00000000000005aa      0x2b6 Core/Src/stm32f1xx_hal_msp.o
 .debug_abbrev  0x0000000000000860      0x21a Core/Src/stm32f1xx_hal_timebase_tim.o
 .debug_abbrev  0x0000000000000a7a      0x1ef Core/Src/stm32f1xx_it.o
 .debug_abbrev  0x0000000000000c69      0x154 Core/Src/system_stm32f1xx.o
 .debug_abbrev  0x0000000000000dbd       0x12 Core/Startup/startup_stm32f103c8tx.o
 .debug_abbrev  0x0000000000000dcf      0x27e Drivers/STM32F1xx_HAL_Driver/Src/stm32f1xx_hal.o
 .debug_abbrev  0x000000000000104d      0x300 Drivers/STM32F1xx_HAL_Driver/Src/stm32f1xx_hal_adc.o
 .debug_abbrev  0x000000000000134d      0x286 Drivers/STM32F1xx_HAL_Driver/Src/stm32f1xx_hal_adc_ex.o
 .debug_abbrev  0x00000000000015d3      0x35e Drivers/STM32F1xx_HAL_Driver/Src/stm32f1xx_hal_cortex.o
 .debug_abbrev  0x0000000000001931      0x280 Drivers/STM32F1xx_HAL_Driver/Src/stm32f1xx_hal_dma.o
 .debug_abbrev  0x0000000000001bb1      0x228 Drivers/STM32F1xx_HAL_Driver/Src/stm32f1xx_hal_gpio.o
 .debug_abbrev  0x0000000000001dd9      0x32b Drivers/STM32F1xx_HAL_Driver/Src/stm32f1xx_hal_rcc.o
 .debug_abbrev  0x0000000000002104      0x1f9 Drivers/STM32F1xx_HAL_Driver/Src/stm32f1xx_hal_rcc_ex.o
 .debug_abbrev  0x00000000000022fd      0x3ab Drivers/STM32F1xx_HAL_Driver/Src/stm32f1xx_hal_tim.o
 .debug_abbrev  0x00000000000026a8      0x355 Drivers/STM32F1xx_HAL_Driver/Src/stm32f1xx_hal_tim_ex.o
 .debug_abbrev  0x00000000000029fd      0x3da Drivers/STM32F1xx_HAL_Driver/Src/stm32f1xx_hal_uart.o
 .debug_abbrev  0x0000000000002dd7      0x570 Middlewares/Third_Party/FreeRTOS/Source/CMSIS_RTOS_V2/cmsis_os2.o
 .debug_abbrev  0x0000000000003347      0x41c Middlewares/Third_Party/FreeRTOS/Source/event_groups.o
 .debug_abbrev  0x0000000000003763      0x20e Middlewares/Third_Party/FreeRTOS/Source/list.o
 .debug_abbrev  0x0000000000003971      0x4e5 Middlewares/Third_Party/FreeRTOS/Source/queue.o
 .debug_abbrev  0x0000000000003e56      0x524 Middlewares/Third_Party/FreeRTOS/Source/tasks.o
 .debug_abbrev  0x000000000000437a      0x472 Middlewares/Third_Party/FreeRTOS/Source/timers.o
 .debug_abbrev  0x00000000000047ec      0x29d Middlewares/Third_Party/FreeRTOS/Source/portable/GCC/ARM_CM3/port.o
 .debug_abbrev  0x0000000000004a89      0x3ba Middlewares/Third_Party/FreeRTOS/Source/portable/MemMang/heap_4.o
 .debug_abbrev  0x0000000000004e43      0x263 MyArray/MyArray.o
 .debug_abbrev  0x00000000000050a6      0x15b Scan_74238/Scan_74238.o
 .debug_abbrev  0x0000000000005201      0x2a6 Servo/Src/Servo.o

.debug_aranges  0x0000000000000000      0x3b0
 .debug_aranges
                0x0000000000000000       0x20 Core/Src/freertos.o
 .debug_aranges
                0x0000000000000020       0x28 Core/Src/main.o
 .debug_aranges
                0x0000000000000048       0x20 Core/Src/stm32f1xx_hal_msp.o
 .debug_aranges
                0x0000000000000068       0x20 Core/Src/stm32f1xx_hal_timebase_tim.o
 .debug_aranges
                0x0000000000000088       0x20 Core/Src/stm32f1xx_it.o
 .debug_aranges
                0x00000000000000a8       0x20 Core/Src/system_stm32f1xx.o
 .debug_aranges
                0x00000000000000c8       0x28 Core/Startup/startup_stm32f103c8tx.o
 .debug_aranges
                0x00000000000000f0       0x20 Drivers/STM32F1xx_HAL_Driver/Src/stm32f1xx_hal.o
 .debug_aranges
                0x0000000000000110       0x20 Drivers/STM32F1xx_HAL_Driver/Src/stm32f1xx_hal_adc.o
 .debug_aranges
                0x0000000000000130       0x20 Drivers/STM32F1xx_HAL_Driver/Src/stm32f1xx_hal_adc_ex.o
 .debug_aranges
                0x0000000000000150       0x20 Drivers/STM32F1xx_HAL_Driver/Src/stm32f1xx_hal_cortex.o
 .debug_aranges
                0x0000000000000170       0x20 Drivers/STM32F1xx_HAL_Driver/Src/stm32f1xx_hal_dma.o
 .debug_aranges
                0x0000000000000190       0x20 Drivers/STM32F1xx_HAL_Driver/Src/stm32f1xx_hal_gpio.o
 .debug_aranges
                0x00000000000001b0       0x20 Drivers/STM32F1xx_HAL_Driver/Src/stm32f1xx_hal_rcc.o
 .debug_aranges
                0x00000000000001d0       0x20 Drivers/STM32F1xx_HAL_Driver/Src/stm32f1xx_hal_rcc_ex.o
 .debug_aranges
                0x00000000000001f0       0x20 Drivers/STM32F1xx_HAL_Driver/Src/stm32f1xx_hal_tim.o
 .debug_aranges
                0x0000000000000210       0x20 Drivers/STM32F1xx_HAL_Driver/Src/stm32f1xx_hal_tim_ex.o
 .debug_aranges
                0x0000000000000230       0x20 Drivers/STM32F1xx_HAL_Driver/Src/stm32f1xx_hal_uart.o
 .debug_aranges
                0x0000000000000250       0x20 Middlewares/Third_Party/FreeRTOS/Source/CMSIS_RTOS_V2/cmsis_os2.o
 .debug_aranges
                0x0000000000000270       0x20 Middlewares/Third_Party/FreeRTOS/Source/event_groups.o
 .debug_aranges
                0x0000000000000290       0x20 Middlewares/Third_Party/FreeRTOS/Source/list.o
 .debug_aranges
                0x00000000000002b0       0x20 Middlewares/Third_Party/FreeRTOS/Source/queue.o
 .debug_aranges
                0x00000000000002d0       0x20 Middlewares/Third_Party/FreeRTOS/Source/tasks.o
 .debug_aranges
                0x00000000000002f0       0x20 Middlewares/Third_Party/FreeRTOS/Source/timers.o
 .debug_aranges
                0x0000000000000310       0x20 Middlewares/Third_Party/FreeRTOS/Source/portable/GCC/ARM_CM3/port.o
 .debug_aranges
                0x0000000000000330       0x20 Middlewares/Third_Party/FreeRTOS/Source/portable/MemMang/heap_4.o
 .debug_aranges
                0x0000000000000350       0x20 MyArray/MyArray.o
 .debug_aranges
                0x0000000000000370       0x20 Scan_74238/Scan_74238.o
 .debug_aranges
                0x0000000000000390       0x20 Servo/Src/Servo.o

.debug_macro    0x0000000000000000    0x1ac87
 .debug_macro   0x0000000000000000      0x22e Core/Src/freertos.o
 .debug_macro   0x000000000000022e      0xaa8 Core/Src/freertos.o
 .debug_macro   0x0000000000000cd6      0x174 Core/Src/freertos.o
 .debug_macro   0x0000000000000e4a       0x22 Core/Src/freertos.o
 .debug_macro   0x0000000000000e6c       0x8e Core/Src/freertos.o