Archive member included to satisfy reference by file (symbol)

c:/st/stm32cubeide_1.6.1/stm32cubeide/plugins/com.st.stm32cube.ide.mcu.externaltools.gnu-tools-for-stm32.9-2020-q2-update.win32_1.5.0.202011040924/tools/bin/../lib/gcc/arm-none-eabi/9.3.1/../../../../arm-none-eabi/lib/thumb/v7-m/nofp\libc_nano.a(lib_a-errno.o)
                              Core/Src/syscalls.o (__errno)
c:/st/stm32cubeide_1.6.1/stm32cubeide/plugins/com.st.stm32cube.ide.mcu.externaltools.gnu-tools-for-stm32.9-2020-q2-update.win32_1.5.0.202011040924/tools/bin/../lib/gcc/arm-none-eabi/9.3.1/../../../../arm-none-eabi/lib/thumb/v7-m/nofp\libc_nano.a(lib_a-exit.o)
                              c:/st/stm32cubeide_1.6.1/stm32cubeide/plugins/com.st.stm32cube.ide.mcu.externaltools.gnu-tools-for-stm32.9-2020-q2-update.win32_1.5.0.202011040924/tools/bin/../lib/gcc/arm-none-eabi/9.3.1/../../../../arm-none-eabi/lib/thumb/v7-m/nofp/crt0.o (exit)
c:/st/stm32cubeide_1.6.1/stm32cubeide/plugins/com.st.stm32cube.ide.mcu.externaltools.gnu-tools-for-stm32.9-2020-q2-update.win32_1.5.0.202011040924/tools/bin/../lib/gcc/arm-none-eabi/9.3.1/../../../../arm-none-eabi/lib/thumb/v7-m/nofp\libc_nano.a(lib_a-impure.o)
                              c:/st/stm32cubeide_1.6.1/stm32cubeide/plugins/com.st.stm32cube.ide.mcu.externaltools.gnu-tools-for-stm32.9-2020-q2-update.win32_1.5.0.202011040924/tools/bin/../lib/gcc/arm-none-eabi/9.3.1/../../../../arm-none-eabi/lib/thumb/v7-m/nofp\libc_nano.a(lib_a-exit.o) (_global_impure_ptr)
c:/st/stm32cubeide_1.6.1/stm32cubeide/plugins/com.st.stm32cube.ide.mcu.externaltools.gnu-tools-for-stm32.9-2020-q2-update.win32_1.5.0.202011040924/tools/bin/../lib/gcc/arm-none-eabi/9.3.1/../../../../arm-none-eabi/lib/thumb/v7-m/nofp\libc_nano.a(lib_a-init.o)
                              c:/st/stm32cubeide_1.6.1/stm32cubeide/plugins/com.st.stm32cube.ide.mcu.externaltools.gnu-tools-for-stm32.9-2020-q2-update.win32_1.5.0.202011040924/tools/bin/../lib/gcc/arm-none-eabi/9.3.1/../../../../arm-none-eabi/lib/thumb/v7-m/nofp/crt0.o (__libc_init_array)
c:/st/stm32cubeide_1.6.1/stm32cubeide/plugins/com.st.stm32cube.ide.mcu.externaltools.gnu-tools-for-stm32.9-2020-q2-update.win32_1.5.0.202011040924/tools/bin/../lib/gcc/arm-none-eabi/9.3.1/../../../../arm-none-eabi/lib/thumb/v7-m/nofp\libc_nano.a(lib_a-memcpy-stub.o)
                              Middlewares/Third_Party/FreeRTOS/Source/CMSIS_RTOS_V2/cmsis_os2.o (memcpy)
c:/st/stm32cubeide_1.6.1/stm32cubeide/plugins/com.st.stm32cube.ide.mcu.externaltools.gnu-tools-for-stm32.9-2020-q2-update.win32_1.5.0.202011040924/tools/bin/../lib/gcc/arm-none-eabi/9.3.1/../../../../arm-none-eabi/lib/thumb/v7-m/nofp\libc_nano.a(lib_a-memset.o)
                              c:/st/stm32cubeide_1.6.1/stm32cubeide/plugins/com.st.stm32cube.ide.mcu.externaltools.gnu-tools-for-stm32.9-2020-q2-update.win32_1.5.0.202011040924/tools/bin/../lib/gcc/arm-none-eabi/9.3.1/../../../../arm-none-eabi/lib/thumb/v7-m/nofp/crt0.o (memset)
c:/st/stm32cubeide_1.6.1/stm32cubeide/plugins/com.st.stm32cube.ide.mcu.externaltools.gnu-tools-for-stm32.9-2020-q2-update.win32_1.5.0.202011040924/tools/bin/../lib/gcc/arm-none-eabi/9.3.1/thumb/v7-m/nofp\libgcc.a(_arm_mulsf3.o)
                              Core/Src/main.o (__aeabi_fmul)
c:/st/stm32cubeide_1.6.1/stm32cubeide/plugins/com.st.stm32cube.ide.mcu.externaltools.gnu-tools-for-stm32.9-2020-q2-update.win32_1.5.0.202011040924/tools/bin/../lib/gcc/arm-none-eabi/9.3.1/thumb/v7-m/nofp\libgcc.a(_arm_addsubsf3.o)
                              Core/Src/main.o (__aeabi_i2f)
c:/st/stm32cubeide_1.6.1/stm32cubeide/plugins/com.st.stm32cube.ide.mcu.externaltools.gnu-tools-for-stm32.9-2020-q2-update.win32_1.5.0.202011040924/tools/bin/../lib/gcc/arm-none-eabi/9.3.1/thumb/v7-m/nofp\libgcc.a(_arm_cmpsf2.o)
                              Core/Src/main.o (__aeabi_fcmpgt)

Allocating common symbols
Common symbol       size              file

bot3Array           0x4               Core/Src/main.o
top2                0x4               Core/Src/main.o
rxData              0x4               Core/Src/main.o
HandTop3Handle      0x4               Core/Src/main.o
HandPeakControlHandle
                    0x4               Core/Src/main.o
flag13              0x1               Core/Src/main.o
HandBot2Handle      0x4               Core/Src/main.o
top3                0x4               Core/Src/main.o
bot1Array           0x4               Core/Src/main.o
maxBot3             0x2               Core/Src/main.o
hdma_memtomem_dma1_channel3
                    0x44              Core/Src/main.o
htim4               0x48              Core/Src/main.o
endScan             0x4               Core/Src/main.o
hadc2               0x30              Core/Src/main.o
HandBot1Handle      0x4               Core/Src/main.o
botArray            0x4               Core/Src/main.o
ptrCellsBuffer      0x4               Core/Src/main.o
startTx             0x4               Core/Src/main.o
ScanBitState1       0x1               Scan_74238/Scan_74238.o
[...]
Memory Configuration

Name             Origin             Length             Attributes
RAM              0x0000000020000000 0x0000000000005000 xrw
FLASH            0x0000000008000000 0x0000000000010000 xr
*default*        0x0000000000000000 0xffffffffffffffff

Linker script and memory map

LOAD c:/st/stm32cubeide_1.6.1/stm32cubeide/plugins/com.st.stm32cube.ide.mcu.externaltools.gnu-tools-for-stm32.9-2020-q2-update.win32_1.5.0.202011040924/tools/bin/../lib/gcc/arm-none-eabi/9.3.1/thumb/v7-m/nofp/crti.o
LOAD c:/st/stm32cubeide_1.6.1/stm32cubeide/plugins/com.st.stm32cube.ide.mcu.externaltools.gnu-tools-for-stm32.9-2020-q2-update.win32_1.5.0.202011040924/tools/bin/../lib/gcc/arm-none-eabi/9.3.1/thumb/v7-m/nofp/crtbegin.o
LOAD c:/st/stm32cubeide_1.6.1/stm32cubeide/plugins/com.st.stm32cube.ide.mcu.externaltools.gnu-tools-for-stm32.9-2020-q2-update.win32_1.5.0.202011040924/tools/bin/../lib/gcc/arm-none-eabi/9.3.1/../../../../arm-none-eabi/lib/thumb/v7-m/nofp/crt0.o
LOAD Core/Src/freertos.o
LOAD Core/Src/main.o
LOAD Core/Src/stm32f1xx_hal_msp.o
LOAD Core/Src/stm32f1xx_hal_timebase_tim.o
LOAD Core/Src/stm32f1xx_it.o
LOAD Core/Src/syscalls.o
LOAD Core/Src/sysmem.o
LOAD Core/Src/system_stm32f1xx.o
LOAD Core/Startup/startup_stm32f103c8tx.o
LOAD Drivers/STM32F1xx_HAL_Driver/Src/stm32f1xx_hal.o
LOAD Drivers/STM32F1xx_HAL_Driver/Src/stm32f1xx_hal_adc.o
LOAD Drivers/STM32F1xx_HAL_Driver/Src/stm32f1xx_hal_adc_ex.o
LOAD Drivers/STM32F1xx_HAL_Driver/Src/stm32f1xx_hal_cortex.o
LOAD Drivers/STM32F1xx_HAL_Driver/Src/stm32f1xx_hal_dma.o
LOAD Drivers/STM32F1xx_HAL_Driver/Src/stm32f1xx_hal_exti.o
LOAD Drivers/STM32F1xx_HAL_Driver/Src/stm32f1xx_hal_flash.o
LOAD Drivers/STM32F1xx_HAL_Driver/Src/stm32f1xx_hal_flash_ex.o
LOAD Drivers/STM32F1xx_HAL_Driver/Src/stm32f1xx_hal_gpio.o
LOAD Drivers/STM32F1xx_HAL_Driver/Src/stm32f1xx_hal_gpio_ex.o
LOAD Drivers/STM32F1xx_HAL_Driver/Src/stm32f1xx_hal_pwr.o
LOAD Drivers/STM32F1xx_HAL_Driver/Src/stm32f1xx_hal_rcc.o
LOAD Drivers/STM32F1xx_HAL_Driver/Src/stm32f1xx_hal_rcc_ex.o
LOAD Drivers/STM32F1xx_HAL_Driver/Src/stm32f1xx_hal_tim.o
LOAD Drivers/STM32F1xx_HAL_Driver/Src/stm32f1xx_hal_tim_ex.o
LOAD Drivers/STM32F1xx_HAL_Driver/Src/stm32f1xx_hal_uart.o
LOAD Middlewares/Third_Party/FreeRTOS/Source/CMSIS_RTOS_V2/cmsis_os2.o
LOAD Middlewares/Third_Party/FreeRTOS/Source/croutine.o
LOAD Middlewares/Third_Party/FreeRTOS/Source/event_groups.o
LOAD Middlewares/Third_Party/FreeRTOS/Source/list.o
LOAD Middlewares/Third_Party/FreeRTOS/Source/queue.o
LOAD Middlewares/Third_Party/FreeRTOS/Source/stream_buffer.o
LOAD Middlewares/Third_Party/FreeRTOS/Source/tasks.o
LOAD Middlewares/Third_Party/FreeRTOS/Source/timers.o
LOAD Middlewares/Third_Party/FreeRTOS/Source/portable/GCC/ARM_CM3/port.o
LOAD Middlewares/Third_Party/FreeRTOS/Source/portable/MemMang/heap_4.o
LOAD MyArray/MyArray.o
LOAD Scan_74238/Scan_74238.o
LOAD Servo/Src/Servo.o
START GROUP
LOAD c:/st/stm32cubeide_1.6.1/stm32cubeide/plugins/com.st.stm32cube.ide.mcu.externaltools.gnu-tools-for-stm32.9-2020-q2-update.win32_1.5.0.202011040924/tools/bin/../lib/gcc/arm-none-eabi/9.3.1/../../../../arm-none-eabi/lib/thumb/v7-m/nofp\libc_nano.a
LOAD c:/st/stm32cubeide_1.6.1/stm32cubeide/plugins/com.st.stm32cube.ide.mcu.externaltools.gnu-tools-for-stm32.9-2020-q2-update.win32_1.5.0.202011040924/tools/bin/../lib/gcc/arm-none-eabi/9.3.1/../../../../arm-none-eabi/lib/thumb/v7-m/nofp\libm.a
END GROUP
START GROUP
LOAD c:/st/stm32cubeide_1.6.1/stm32cubeide/plugins/com.st.stm32cube.ide.mcu.externaltools.gnu-tools-for-stm32.9-2020-q2-update.win32_1.5.0.202011040924/tools/bin/../lib/gcc/arm-none-eabi/9.3.1/thumb/v7-m/nofp\libgcc.a
LOAD c:/st/stm32cubeide_1.6.1/stm32cubeide/plugins/com.st.stm32cube.ide.mcu.externaltools.gnu-tools-for-stm32.9-2020-q2-update.win32_1.5.0.202011040924/tools/bin/../lib/gcc/arm-none-eabi/9.3.1/../../../../arm-none-eabi/lib/thumb/v7-m/nofp\libc_nano.a
END GROUP
START GROUP
LOAD c:/st/stm32cubeide_1.6.1/stm32cubeide/plugins/com.st.stm32cube.ide.mcu.externaltools.gnu-tools-for-stm32.9-2020-q2-update.win32_1.5.0.202011040924/tools/bin/../lib/gcc/arm-none-eabi/9.3.1/thumb/v7-m/nofp\libgcc.a
LOAD c:/st/stm32cubeide_1.6.1/stm32cubeide/plugins/com.st.stm32cube.ide.mcu.externaltools.gnu-tools-for-stm32.9-2020-q2-update.win32_1.5.0.202011040924/tools/bin/../lib/gcc/arm-none-eabi/9.3.1/../../../../arm-none-eabi/lib/thumb/v7-m/nofp\libc_nano.a
LOAD c:/st/stm32cubeide_1.6.1/stm32cubeide/plugins/com.st.stm32cube.ide.mcu.externaltools.gnu-tools-for-stm32.9-2020-q2-update.win32_1.5.0.202011040924/tools/bin/../lib/gcc/arm-none-eabi/9.3.1/../../../../arm-none-eabi/lib/thumb/v7-m/nofp\libnosys.a
END GROUP
START GROUP
LOAD c:/st/stm32cubeide_1.6.1/stm32cubeide/plugins/com.st.stm32cube.ide.mcu.externaltools.gnu-tools-for-stm32.9-2020-q2-update.win32_1.5.0.202011040924/tools/bin/../lib/gcc/arm-none-eabi/9.3.1/thumb/v7-m/nofp\libgcc.a
LOAD c:/st/stm32cubeide_1.6.1/stm32cubeide/plugins/com.st.stm32cube.ide.mcu.externaltools.gnu-tools-for-stm32.9-2020-q2-update.win32_1.5.0.202011040924/tools/bin/../lib/gcc/arm-none-eabi/9.3.1/../../../../arm-none-eabi/lib/thumb/v7-m/nofp\libc_nano.a
LOAD c:/st/stm32cubeide_1.6.1/stm32cubeide/plugins/com.st.stm32cube.ide.mcu.externaltools.gnu-tools-for-stm32.9-2020-q2-update.win32_1.5.0.202011040924/tools/bin/../lib/gcc/arm-none-eabi/9.3.1/../../../../arm-none-eabi/lib/thumb/v7-m/nofp\libnosys.a
END GROUP
LOAD c:/st/stm32cubeide_1.6.1/stm32cubeide/plugins/com.st.stm32cube.ide.mcu.externaltools.gnu-tools-for-stm32.9-2020-q2-update.win32_1.5.0.202011040924/tools/bin/../lib/gcc/arm-none-eabi/9.3.1/thumb/v7-m/nofp/crtend.o
LOAD c:/st/stm32cubeide_1.6.1/stm32cubeide/plugins/com.st.stm32cube.ide.mcu.externaltools.gnu-tools-for-stm32.9-2020-q2-update.win32_1.5.0.202011040924/tools/bin/../lib/gcc/arm-none-eabi/9.3.1/thumb/v7-m/nofp/crtn.o
                0x0000000020005000                _estack = (ORIGIN (RAM) + LENGTH (RAM))
                0x0000000000000200                _Min_Heap_Size = 0x200
                0x0000000000000400                _Min_Stack_Size = 0x400

.isr_vector     0x0000000008000000      0x10c
                0x0000000008000000                . = ALIGN (0x4)
 *(.isr_vector)
 .isr_vector    0x0000000008000000      0x10c Core/Startup/startup_stm32f103c8tx.o
                0x0000000008000000                g_pfnVectors
                0x000000000800010c                . = ALIGN (0x4)

.text           0x0000000008000110     0x7ae0
                0x0000000008000110                . = ALIGN (0x4)
 *(.text)
 .text          0x0000000008000110       0x40 c:/st/stm32cubeide_1.6.1/stm32cubeide/plugins/com.st.stm32cube.ide.mcu.externaltools.gnu-tools-for-stm32.9-2020-q2-update.win32_1.5.0.202011040924/tools/bin/../lib/gcc/arm-none-eabi/9.3.1/thumb/v7-m/nofp/crtbegin.o
 .text          0x0000000008000150      0x168 c:/st/stm32cubeide_1.6.1/stm32cubeide/plugins/com.st.stm32cube.ide.mcu.externaltools.gnu-tools-for-stm32.9-2020-q2-update.win32_1.5.0.202011040924/tools/bin/../lib/gcc/arm-none-eabi/9.3.1/thumb/v7-m/nofp\libgcc.a(_arm_mulsf3.o)
                0x0000000008000150                __aeabi_fmul
                0x0000000008000150                __mulsf3
 .text          0x00000000080002b8      0x21c c:/st/stm32cubeide_1.6.1/stm32cubeide/plugins/com.st.stm32cube.ide.mcu.externaltools.gnu-tools-for-stm32.9-2020-q2-update.win32_1.5.0.202011040924/tools/bin/../lib/gcc/arm-none-eabi/9.3.1/thumb/v7-m/nofp\libgcc.a(_arm_addsubsf3.o)
                0x00000000080002b8                __aeabi_frsub
                0x00000000080002c0                __subsf3
                0x00000000080002c0                __aeabi_fsub
                0x00000000080002c4                __aeabi_fadd
                0x00000000080002c4                __addsf3
                0x0000000008000424                __aeabi_ui2f
                0x0000000008000424                __floatunsisf
                0x000000000800042c                __aeabi_i2f
                0x000000000800042c                __floatsisf
                0x0000000008000448                __aeabi_ul2f
                0x0000000008000448                __floatundisf
                0x0000000008000458                __aeabi_l2f
                0x0000000008000458                __floatdisf
 .text          0x00000000080004d4       0xec c:/st/stm32cubeide_1.6.1/stm32cubeide/plugins/com.st.stm32cube.ide.mcu.externaltools.gnu-tools-for-stm32.9-2020-q2-update.win32_1.5.0.202011040924/tools/bin/../lib/gcc/arm-none-eabi/9.3.1/thumb/v7-m/nofp\libgcc.a(_arm_cmpsf2.o)
                0x00000000080004d4                __gesf2
                0x00000000080004d4                __gtsf2
                0x00000000080004dc                __lesf2
                0x00000000080004dc                __ltsf2
                0x00000000080004e4                __nesf2
                0x00000000080004e4                __eqsf2
                0x00000000080004e4                __cmpsf2
                0x0000000008000544                __aeabi_cfrcmple
                0x000000000800054c                __aeabi_cfcmpeq
                0x000000000800054c                __aeabi_cfcmple
                0x000000000800055c                __aeabi_fcmpeq
                0x0000000008000570                __aeabi_fcmplt
                0x0000000008000584                __aeabi_fcmple
                0x0000000008000598                __aeabi_fcmpge
                0x00000000080005ac                __aeabi_fcmpgt
 *(.text*)
 .text.vApplicationMallocFailedHook
                0x00000000080005c0       0x24 Core/Src/freertos.o
                0x00000000080005c0                vApplicationMallocFailedHook
 .text.Callback01
                0x00000000080005e4        0xc Core/Src/main.o
                0x00000000080005e4                Callback01
 .text.StartVelostatScanADC
                0x00000000080005f0       0xd4 Core/Src/main.o
                0x00000000080005f0                StartVelostatScanADC
 .text.StartVelostatProcessOutput
                0x00000000080006c4       0xa8 Core/Src/main.o
                0x00000000080006c4                StartVelostatProcessOutput
 .text.StartVelostatTransmit
                0x000000000800076c       0xbc Core/Src/main.o
                0x000000000800076c                StartVelostatTransmit
 .text.StartHandBot1
                0x0000000008000828       0x48 Core/Src/main.o
                0x0000000008000828                StartHandBot1
 .text.StartHandTop1
                0x0000000008000870       0x48 Core/Src/main.o
                0x0000000008000870                StartHandTop1
 .text.StartHandBot2
                0x00000000080008b8       0x48 Core/Src/main.o
                0x00000000080008b8                StartHandBot2
 .text.StartHandTop2
                0x0000000008000900       0x48 Core/Src/main.o
                0x0000000008000900                StartHandTop2
 .text.StartHandBot3
                0x0000000008000948       0x48 Core/Src/main.o
                0x0000000008000948                StartHandBot3
 .text.StartHandTop3
                0x0000000008000990       0x48 Core/Src/main.o
                0x0000000008000990                StartHandTop3
 .text.StartHandRxHandler
                0x00000000080009d8      0x15c Core/Src/main.o
                0x00000000080009d8                StartHandRxHandler
 .text.StartHandMatrixHandler
                0x0000000008000b34       0x90 Core/Src/main.o
                0x0000000008000b34                StartHandMatrixHandler
 .text.StartHandStopServo
                0x0000000008000bc4      0x110 Core/Src/main.o
                0x0000000008000bc4                StartHandStopServo
 .text.StartHandPeakControl
                0x0000000008000cd4      0x5f8 Core/Src/main.o
                0x0000000008000cd4                StartHandPeakControl
 .text.StartButtonHandler
                0x00000000080012cc      0x160 Core/Src/main.o
                0x00000000080012cc                StartButtonHandler
 .text.User_DMA_XferCpltCallback
                0x000000000800142c       0x34 Core/Src/main.o
                0x000000000800142c                User_DMA_XferCpltCallback
 .text.SystemClock_Config
                0x0000000008001460       0x90 Core/Src/main.o
                0x0000000008001460                SystemClock_Config
 .text.startup.main
                0x00000000080014f0      0x7d8 Core/Src/main.o
                0x00000000080014f0                main
 .text.HAL_ADC_ConvCpltCallback
                0x0000000008001cc8       0x1c Core/Src/main.o
                0x0000000008001cc8                HAL_ADC_ConvCpltCallback
 .text.HAL_UART_TxCpltCallback
                0x0000000008001ce4       0x28 Core/Src/main.o
                0x0000000008001ce4                HAL_UART_TxCpltCallback
 .text.HAL_UART_RxCpltCallback
                0x0000000008001d0c       0x34 Core/Src/main.o
                0x0000000008001d0c                HAL_UART_RxCpltCallback
 .text.HAL_GPIO_EXTI_Callback
                0x0000000008001d40       0x38 Core/Src/main.o
                0x0000000008001d40                HAL_GPIO_EXTI_Callback
 .text.HAL_TIM_PeriodElapsedCallback
                0x0000000008001d78       0x14 Core/Src/main.o
                0x0000000008001d78                HAL_TIM_PeriodElapsedCallback
 .text.Error_Handler
                0x0000000008001d8c        0x4 Core/Src/main.o
                0x0000000008001d8c                Error_Handler
 .text.HAL_MspInit
                0x0000000008001d90       0x50 Core/Src/stm32f1xx_hal_msp.o
                0x0000000008001d90                HAL_MspInit
 .text.HAL_ADC_MspInit
                0x0000000008001de0      0x128 Core/Src/stm32f1xx_hal_msp.o
                0x0000000008001de0                HAL_ADC_MspInit
 .text.HAL_TIM_Base_MspInit
                0x0000000008001f08       0x70 Core/Src/stm32f1xx_hal_msp.o
                0x0000000008001f08                HAL_TIM_Base_MspInit
 .text.HAL_TIM_MspPostInit
                0x0000000008001f78      0x114 Core/Src/stm32f1xx_hal_msp.o
                0x0000000008001f78                HAL_TIM_MspPostInit
 .text.HAL_UART_MspInit
                0x000000000800208c       0xfc Core/Src/stm32f1xx_hal_msp.o
                0x000000000800208c                HAL_UART_MspInit
 .text.HAL_InitTick
                0x0000000008002188       0x7c Core/Src/stm32f1xx_hal_timebase_tim.o
                0x0000000008002188                HAL_InitTick
 .text.NMI_Handler
                0x0000000008002204        0x4 Core/Src/stm32f1xx_it.o
                0x0000000008002204                NMI_Handler
 .text.HardFault_Handler
                0x0000000008002208        0x4 Core/Src/stm32f1xx_it.o
                0x0000000008002208                HardFault_Handler
 .text.MemManage_Handler
                0x000000000800220c        0x4 Core/Src/stm32f1xx_it.o
                0x000000000800220c                MemManage_Handler
 .text.BusFault_Handler
                0x0000000008002210        0x4 Core/Src/stm32f1xx_it.o
                0x0000000008002210                BusFault_Handler
 .text.UsageFault_Handler
                0x0000000008002214        0x4 Core/Src/stm32f1xx_it.o
                0x0000000008002214                UsageFault_Handler
 .text.DebugMon_Handler
                0x0000000008002218        0x4 Core/Src/stm32f1xx_it.o
                0x0000000008002218                DebugMon_Handler
 .text.DMA1_Channel1_IRQHandler
                0x000000000800221c        0xc Core/Src/stm32f1xx_it.o
                0x000000000800221c                DMA1_Channel1_IRQHandler
 .text.DMA1_Channel2_IRQHandler
                0x0000000008002228        0xc Core/Src/stm32f1xx_it.o
                0x0000000008002228                DMA1_Channel2_IRQHandler
 .text.DMA1_Channel3_IRQHandler
                0x0000000008002234        0xc Core/Src/stm32f1xx_it.o
                0x0000000008002234                DMA1_Channel3_IRQHandler
 .text.DMA1_Channel4_IRQHandler
                0x0000000008002240        0xc Core/Src/stm32f1xx_it.o
                0x0000000008002240                DMA1_Channel4_IRQHandler
 .text.DMA1_Channel5_IRQHandler
                0x000000000800224c        0xc Core/Src/stm32f1xx_it.o
                0x000000000800224c                DMA1_Channel5_IRQHandler
 .text.TIM1_UP_IRQHandler
                0x0000000008002258        0xc Core/Src/stm32f1xx_it.o
                0x0000000008002258                TIM1_UP_IRQHandler
 .text.USART1_IRQHandler
                0x0000000008002264        0xc Core/Src/stm32f1xx_it.o
                0x0000000008002264                USART1_IRQHandler
 .text.EXTI15_10_IRQHandler
                0x0000000008002270       0x18 Core/Src/stm32f1xx_it.o
                0x0000000008002270                EXTI15_10_IRQHandler
 .text.SystemInit
                0x0000000008002288        0x4 Core/Src/system_stm32f1xx.o
                0x0000000008002288                SystemInit
 .text.Reset_Handler
                0x000000000800228c       0x48 Core/Startup/startup_stm32f103c8tx.o
                0x000000000800228c                Reset_Handler
 .text.Default_Handler
                0x00000000080022d4        0x2 Core/Startup/startup_stm32f103c8tx.o
                0x00000000080022d4                RTC_Alarm_IRQHandler
                0x00000000080022d4                EXTI2_IRQHandler
                0x00000000080022d4                TIM1_CC_IRQHandler
                0x00000000080022d4                PVD_IRQHandler
                0x00000000080022d4                EXTI3_IRQHandler
                0x00000000080022d4                EXTI0_IRQHandler
                0x00000000080022d4                I2C2_EV_IRQHandler
                0x00000000080022d4                ADC1_2_IRQHandler
                0x00000000080022d4                SPI1_IRQHandler
                0x00000000080022d4                TAMPER_IRQHandler
                0x00000000080022d4                USART3_IRQHandler
                0x00000000080022d4                RTC_IRQHandler
                0x00000000080022d4                DMA1_Channel7_IRQHandler
                0x00000000080022d4                CAN1_RX1_IRQHandler
                0x00000000080022d4                TIM4_IRQHandler
                0x00000000080022d4                I2C1_EV_IRQHandler
                0x00000000080022d4                DMA1_Channel6_IRQHandler
                0x00000000080022d4                TIM3_IRQHandler
                0x00000000080022d4                RCC_IRQHandler
                0x00000000080022d4                TIM1_TRG_COM_IRQHandler
                0x00000000080022d4                Default_Handler
                0x00000000080022d4                EXTI9_5_IRQHandler
                0x00000000080022d4                SPI2_IRQHandler
                0x00000000080022d4                EXTI4_IRQHandler
                0x00000000080022d4                USB_LP_CAN1_RX0_IRQHandler
                0x00000000080022d4                USB_HP_CAN1_TX_IRQHandler
                0x00000000080022d4                WWDG_IRQHandler
                0x00000000080022d4                TIM2_IRQHandler
                0x00000000080022d4                TIM1_BRK_IRQHandler
                0x00000000080022d4                EXTI1_IRQHandler
                0x00000000080022d4                USART2_IRQHandler
                0x00000000080022d4                I2C2_ER_IRQHandler
                0x00000000080022d4                CAN1_SCE_IRQHandler
                0x00000000080022d4                FLASH_IRQHandler
                0x00000000080022d4                I2C1_ER_IRQHandler
                0x00000000080022d4                USBWakeUp_IRQHandler
 *fill*         0x00000000080022d6        0x2 
 .text.HAL_Init
                0x00000000080022d8       0x24 Drivers/STM32F1xx_HAL_Driver/Src/stm32f1xx_hal.o
                0x00000000080022d8                HAL_Init
 .text.HAL_IncTick
                0x00000000080022fc       0x18 Drivers/STM32F1xx_HAL_Driver/Src/stm32f1xx_hal.o
                0x00000000080022fc                HAL_IncTick
 .text.HAL_GetTick
                0x0000000008002314        0xc Drivers/STM32F1xx_HAL_Driver/Src/stm32f1xx_hal.o
                0x0000000008002314                HAL_GetTick
 .text.HAL_ADC_Init
                0x0000000008002320      0x16c Drivers/STM32F1xx_HAL_Driver/Src/stm32f1xx_hal_adc.o
                0x0000000008002320                HAL_ADC_Init
 .text.ADC_DMAConvCplt
                0x000000000800248c       0x50 Drivers/STM32F1xx_HAL_Driver/Src/stm32f1xx_hal_adc.o
                0x000000000800248c                ADC_DMAConvCplt
 .text.HAL_ADC_ConvHalfCpltCallback
                0x00000000080024dc        0x4 Drivers/STM32F1xx_HAL_Driver/Src/stm32f1xx_hal_adc.o
                0x00000000080024dc                HAL_ADC_ConvHalfCpltCallback
 .text.ADC_DMAHalfConvCplt
                0x00000000080024e0        0xc Drivers/STM32F1xx_HAL_Driver/Src/stm32f1xx_hal_adc.o
                0x00000000080024e0                ADC_DMAHalfConvCplt
 .text.HAL_ADC_ErrorCallback
                0x00000000080024ec        0x4 Drivers/STM32F1xx_HAL_Driver/Src/stm32f1xx_hal_adc.o
                0x00000000080024ec                HAL_ADC_ErrorCallback
 .text.ADC_DMAError
                0x00000000080024f0       0x1c Drivers/STM32F1xx_HAL_Driver/Src/stm32f1xx_hal_adc.o
                0x00000000080024f0                ADC_DMAError
 .text.HAL_ADC_ConfigChannel
                0x000000000800250c      0x118 Drivers/STM32F1xx_HAL_Driver/Src/stm32f1xx_hal_adc.o
                0x000000000800250c                HAL_ADC_ConfigChannel
 .text.ADC_Enable
                0x0000000008002624       0x88 Drivers/STM32F1xx_HAL_Driver/Src/stm32f1xx_hal_adc.o
                0x0000000008002624                ADC_Enable
 .text.HAL_ADC_Start
                0x00000000080026ac       0xcc Drivers/STM32F1xx_HAL_Driver/Src/stm32f1xx_hal_adc.o
                0x00000000080026ac                HAL_ADC_Start
 .text.ADC_ConversionStop_Disable
                0x0000000008002778       0x4c Drivers/STM32F1xx_HAL_Driver/Src/stm32f1xx_hal_adc.o
                0x0000000008002778                ADC_ConversionStop_Disable
 .text.HAL_ADCEx_Calibration_Start
                0x00000000080027c4       0xf0 Drivers/STM32F1xx_HAL_Driver/Src/stm32f1xx_hal_adc_ex.o
                0x00000000080027c4                HAL_ADCEx_Calibration_Start
 .text.HAL_ADCEx_MultiModeStart_DMA
                0x00000000080028b4      0x104 Drivers/STM32F1xx_HAL_Driver/Src/stm32f1xx_hal_adc_ex.o
                0x00000000080028b4                HAL_ADCEx_MultiModeStart_DMA
 .text.HAL_ADCEx_MultiModeConfigChannel
                0x00000000080029b8       0x6c Drivers/STM32F1xx_HAL_Driver/Src/stm32f1xx_hal_adc_ex.o
                0x00000000080029b8                HAL_ADCEx_MultiModeConfigChannel
 .text.HAL_NVIC_SetPriorityGrouping
                0x0000000008002a24       0x24 Drivers/STM32F1xx_HAL_Driver/Src/stm32f1xx_hal_cortex.o
                0x0000000008002a24                HAL_NVIC_SetPriorityGrouping
 .text.HAL_NVIC_SetPriority
                0x0000000008002a48       0x70 Drivers/STM32F1xx_HAL_Driver/Src/stm32f1xx_hal_cortex.o
                0x0000000008002a48                HAL_NVIC_SetPriority
 .text.HAL_NVIC_EnableIRQ
                0x0000000008002ab8       0x1c Drivers/STM32F1xx_HAL_Driver/Src/stm32f1xx_hal_cortex.o
                0x0000000008002ab8                HAL_NVIC_EnableIRQ
 .text.HAL_DMA_Init
                0x0000000008002ad4       0x64 Drivers/STM32F1xx_HAL_Driver/Src/stm32f1xx_hal_dma.o
                0x0000000008002ad4                HAL_DMA_Init
 .text.HAL_DMA_Start_IT
                0x0000000008002b38       0x84 Drivers/STM32F1xx_HAL_Driver/Src/stm32f1xx_hal_dma.o
                0x0000000008002b38                HAL_DMA_Start_IT
 .text.HAL_DMA_Abort
                0x0000000008002bbc       0x44 Drivers/STM32F1xx_HAL_Driver/Src/stm32f1xx_hal_dma.o
                0x0000000008002bbc                HAL_DMA_Abort
 .text.HAL_DMA_Abort_IT
                0x0000000008002c00       0x94 Drivers/STM32F1xx_HAL_Driver/Src/stm32f1xx_hal_dma.o
                0x0000000008002c00                HAL_DMA_Abort_IT
 .text.HAL_DMA_IRQHandler
                0x0000000008002c94      0x128 Drivers/STM32F1xx_HAL_Driver/Src/stm32f1xx_hal_dma.o
                0x0000000008002c94                HAL_DMA_IRQHandler
 .text.HAL_GPIO_Init
                0x0000000008002dbc      0x218 Drivers/STM32F1xx_HAL_Driver/Src/stm32f1xx_hal_gpio.o
                0x0000000008002dbc                HAL_GPIO_Init
 .text.HAL_GPIO_WritePin
                0x0000000008002fd4        0x8 Drivers/STM32F1xx_HAL_Driver/Src/stm32f1xx_hal_gpio.o
                0x0000000008002fd4                HAL_GPIO_WritePin
 .text.HAL_GPIO_EXTI_IRQHandler
                0x0000000008002fdc       0x18 Drivers/STM32F1xx_HAL_Driver/Src/stm32f1xx_hal_gpio.o
                0x0000000008002fdc                HAL_GPIO_EXTI_IRQHandler
 .text.HAL_RCC_OscConfig
                0x0000000008002ff4      0x400 Drivers/STM32F1xx_HAL_Driver/Src/stm32f1xx_hal_rcc.o
                0x0000000008002ff4                HAL_RCC_OscConfig
 .text.HAL_RCC_ClockConfig
                0x00000000080033f4      0x19c Drivers/STM32F1xx_HAL_Driver/Src/stm32f1xx_hal_rcc.o
                0x00000000080033f4                HAL_RCC_ClockConfig
 .text.HAL_RCC_GetPCLK1Freq
                0x0000000008003590       0x20 Drivers/STM32F1xx_HAL_Driver/Src/stm32f1xx_hal_rcc.o
                0x0000000008003590                HAL_RCC_GetPCLK1Freq
 .text.HAL_RCC_GetPCLK2Freq
                0x00000000080035b0       0x20 Drivers/STM32F1xx_HAL_Driver/Src/stm32f1xx_hal_rcc.o
                0x00000000080035b0                HAL_RCC_GetPCLK2Freq
 .text.HAL_RCC_GetClockConfig
                0x00000000080035d0       0x40 Drivers/STM32F1xx_HAL_Driver/Src/stm32f1xx_hal_rcc.o
                0x00000000080035d0                HAL_RCC_GetClockConfig
 .text.HAL_RCCEx_PeriphCLKConfig
                0x0000000008003610      0x100 Drivers/STM32F1xx_HAL_Driver/Src/stm32f1xx_hal_rcc_ex.o
                0x0000000008003610                HAL_RCCEx_PeriphCLKConfig
 .text.HAL_RCCEx_GetPeriphCLKFreq
                0x0000000008003710       0xf0 Drivers/STM32F1xx_HAL_Driver/Src/stm32f1xx_hal_rcc_ex.o
                0x0000000008003710                HAL_RCCEx_GetPeriphCLKFreq
 .text.HAL_TIM_Base_Init
                0x0000000008003800       0xc8 Drivers/STM32F1xx_HAL_Driver/Src/stm32f1xx_hal_tim.o
                0x0000000008003800                HAL_TIM_Base_Init
 .text.HAL_TIM_Base_Start_IT
                0x00000000080038c8       0x58 Drivers/STM32F1xx_HAL_Driver/Src/stm32f1xx_hal_tim.o
                0x00000000080038c8                HAL_TIM_Base_Start_IT
 .text.HAL_TIM_PWM_MspInit
                0x0000000008003920        0x4 Drivers/STM32F1xx_HAL_Driver/Src/stm32f1xx_hal_tim.o
                0x0000000008003920                HAL_TIM_PWM_MspInit
 .text.HAL_TIM_PWM_Init
                0x0000000008003924       0xc8 Drivers/STM32F1xx_HAL_Driver/Src/stm32f1xx_hal_tim.o
                0x0000000008003924                HAL_TIM_PWM_Init
 .text.HAL_TIM_PWM_Start
                0x00000000080039ec       0xac Drivers/STM32F1xx_HAL_Driver/Src/stm32f1xx_hal_tim.o
                0x00000000080039ec                HAL_TIM_PWM_Start
 .text.HAL_TIM_PWM_ConfigChannel
                0x0000000008003a98      0x20c Drivers/STM32F1xx_HAL_Driver/Src/stm32f1xx_hal_tim.o
                0x0000000008003a98                HAL_TIM_PWM_ConfigChannel
 .text.HAL_TIM_ConfigClockSource
                0x0000000008003ca4      0x148 Drivers/STM32F1xx_HAL_Driver/Src/stm32f1xx_hal_tim.o
                0x0000000008003ca4                HAL_TIM_ConfigClockSource
 .text.HAL_TIM_OC_DelayElapsedCallback
                0x0000000008003dec        0x4 Drivers/STM32F1xx_HAL_Driver/Src/stm32f1xx_hal_tim.o
                0x0000000008003dec                HAL_TIM_OC_DelayElapsedCallback
 .text.HAL_TIM_IC_CaptureCallback
                0x0000000008003df0        0x4 Drivers/STM32F1xx_HAL_Driver/Src/stm32f1xx_hal_tim.o
                0x0000000008003df0                HAL_TIM_IC_CaptureCallback
 .text.HAL_TIM_PWM_PulseFinishedCallback
                0x0000000008003df4        0x4 Drivers/STM32F1xx_HAL_Driver/Src/stm32f1xx_hal_tim.o
                0x0000000008003df4                HAL_TIM_PWM_PulseFinishedCallback
 .text.HAL_TIM_TriggerCallback
                0x0000000008003df8        0x4 Drivers/STM32F1xx_HAL_Driver/Src/stm32f1xx_hal_tim.o
                0x0000000008003df8                HAL_TIM_TriggerCallback
 .text.HAL_TIM_IRQHandler
                0x0000000008003dfc      0x154 Drivers/STM32F1xx_HAL_Driver/Src/stm32f1xx_hal_tim.o
                0x0000000008003dfc                HAL_TIM_IRQHandler
 .text.HAL_TIMEx_MasterConfigSynchronization
                0x0000000008003f50       0x64 Drivers/STM32F1xx_HAL_Driver/Src/stm32f1xx_hal_tim_ex.o
                0x0000000008003f50                HAL_TIMEx_MasterConfigSynchronization
 .text.HAL_TIMEx_CommutCallback
                0x0000000008003fb4        0x4 Drivers/STM32F1xx_HAL_Driver/Src/stm32f1xx_hal_tim_ex.o
                0x0000000008003fb4                HAL_TIMEx_CommutCallback
 .text.HAL_TIMEx_BreakCallback
                0x0000000008003fb8        0x4 Drivers/STM32F1xx_HAL_Driver/Src/stm32f1xx_hal_tim_ex.o
                0x0000000008003fb8                HAL_TIMEx_BreakCallback
 .text.HAL_UART_Init
                0x0000000008003fbc       0xd4 Drivers/STM32F1xx_HAL_Driver/Src/stm32f1xx_hal_uart.o
                0x0000000008003fbc                HAL_UART_Init
 .text.HAL_UART_Transmit_DMA
                0x0000000008004090       0x74 Drivers/STM32F1xx_HAL_Driver/Src/stm32f1xx_hal_uart.o
                0x0000000008004090                HAL_UART_Transmit_DMA
 .text.HAL_UART_Receive_DMA
                0x0000000008004104       0x9c Drivers/STM32F1xx_HAL_Driver/Src/stm32f1xx_hal_uart.o
                0x0000000008004104                HAL_UART_Receive_DMA
 .text.UART_DMATransmitCplt
                0x00000000080041a0       0x2c Drivers/STM32F1xx_HAL_Driver/Src/stm32f1xx_hal_uart.o
 .text.HAL_UART_TxHalfCpltCallback
                0x00000000080041cc        0x4 Drivers/STM32F1xx_HAL_Driver/Src/stm32f1xx_hal_uart.o
                0x00000000080041cc                HAL_UART_TxHalfCpltCallback
 .text.UART_DMATxHalfCplt
                0x00000000080041d0        0xc Drivers/STM32F1xx_HAL_Driver/Src/stm32f1xx_hal_uart.o
 .text.HAL_UART_RxHalfCpltCallback
                0x00000000080041dc        0x4 Drivers/STM32F1xx_HAL_Driver/Src/stm32f1xx_hal_uart.o
                0x00000000080041dc                HAL_UART_RxHalfCpltCallback
 .text.HAL_UART_ErrorCallback
                0x00000000080041e0        0x4 Drivers/STM32F1xx_HAL_Driver/Src/stm32f1xx_hal_uart.o
                0x00000000080041e0                HAL_UART_ErrorCallback
 .text.UART_DMAError
                0x00000000080041e4       0x7c Drivers/STM32F1xx_HAL_Driver/Src/stm32f1xx_hal_uart.o
 .text.UART_DMAAbortOnError
                0x0000000008004260       0x10 Drivers/STM32F1xx_HAL_Driver/Src/stm32f1xx_hal_uart.o
 .text.HAL_UARTEx_RxEventCallback
                0x0000000008004270        0x4 Drivers/STM32F1xx_HAL_Driver/Src/stm32f1xx_hal_uart.o
                0x0000000008004270                HAL_UARTEx_RxEventCallback
 .text.UART_Receive_IT.part.0
                0x0000000008004274       0xb8 Drivers/STM32F1xx_HAL_Driver/Src/stm32f1xx_hal_uart.o
 .text.HAL_UART_IRQHandler
                0x000000000800432c      0x25c Drivers/STM32F1xx_HAL_Driver/Src/stm32f1xx_hal_uart.o
                0x000000000800432c                HAL_UART_IRQHandler
 .text.UART_DMARxHalfCplt
                0x0000000008004588       0x1c Drivers/STM32F1xx_HAL_Driver/Src/stm32f1xx_hal_uart.o
 .text.UART_DMAReceiveCplt
                0x00000000080045a4       0x54 Drivers/STM32F1xx_HAL_Driver/Src/stm32f1xx_hal_uart.o
 .text.TimerCallback
                0x00000000080045f8       0x14 Middlewares/Third_Party/FreeRTOS/Source/CMSIS_RTOS_V2/cmsis_os2.o
 .text.osKernelInitialize
                0x000000000800460c       0x34 Middlewares/Third_Party/FreeRTOS/Source/CMSIS_RTOS_V2/cmsis_os2.o
                0x000000000800460c                osKernelInitialize
 .text.osKernelStart
                0x0000000008004640       0x44 Middlewares/Third_Party/FreeRTOS/Source/CMSIS_RTOS_V2/cmsis_os2.o
                0x0000000008004640                osKernelStart
 .text.osThreadNew
                0x0000000008004684       0xc4 Middlewares/Third_Party/FreeRTOS/Source/CMSIS_RTOS_V2/cmsis_os2.o
                0x0000000008004684                osThreadNew
 .text.osThreadFlagsSet
                0x0000000008004748       0x94 Middlewares/Third_Party/FreeRTOS/Source/CMSIS_RTOS_V2/cmsis_os2.o
                0x0000000008004748                osThreadFlagsSet
 .text.osThreadFlagsWait
                0x00000000080047dc      0x140 Middlewares/Third_Party/FreeRTOS/Source/CMSIS_RTOS_V2/cmsis_os2.o
                0x00000000080047dc                osThreadFlagsWait
 .text.osDelay  0x000000000800491c       0x34 Middlewares/Third_Party/FreeRTOS/Source/CMSIS_RTOS_V2/cmsis_os2.o
                0x000000000800491c                osDelay
 .text.osTimerNew
                0x0000000008004950       0x84 Middlewares/Third_Party/FreeRTOS/Source/CMSIS_RTOS_V2/cmsis_os2.o
                0x0000000008004950                osTimerNew
 .text.osTimerStart
                0x00000000080049d4       0x50 Middlewares/Third_Party/FreeRTOS/Source/CMSIS_RTOS_V2/cmsis_os2.o
                0x00000000080049d4                osTimerStart
 .text.osEventFlagsNew
                0x0000000008004a24       0x44 Middlewares/Third_Party/FreeRTOS/Source/CMSIS_RTOS_V2/cmsis_os2.o
                0x0000000008004a24                osEventFlagsNew
 .text.osEventFlagsSet
                0x0000000008004a68       0x84 Middlewares/Third_Party/FreeRTOS/Source/CMSIS_RTOS_V2/cmsis_os2.o
                0x0000000008004a68                osEventFlagsSet
 .text.osEventFlagsClear
                0x0000000008004aec       0x60 Middlewares/Third_Party/FreeRTOS/Source/CMSIS_RTOS_V2/cmsis_os2.o
                0x0000000008004aec                osEventFlagsClear
 .text.osEventFlagsGet
                0x0000000008004b4c       0x34 Middlewares/Third_Party/FreeRTOS/Source/CMSIS_RTOS_V2/cmsis_os2.o
                0x0000000008004b4c                osEventFlagsGet
 .text.osEventFlagsWait
                0x0000000008004b80       0x78 Middlewares/Third_Party/FreeRTOS/Source/CMSIS_RTOS_V2/cmsis_os2.o
                0x0000000008004b80                osEventFlagsWait
 .text.osMessageQueueNew
                0x0000000008004bf8       0x90 Middlewares/Third_Party/FreeRTOS/Source/CMSIS_RTOS_V2/cmsis_os2.o
                0x0000000008004bf8                osMessageQueueNew
 .text.osMessageQueuePut
                0x0000000008004c88       0x84 Middlewares/Third_Party/FreeRTOS/Source/CMSIS_RTOS_V2/cmsis_os2.o
                0x0000000008004c88                osMessageQueuePut
 .text.osMessageQueueGet
                0x0000000008004d0c       0x80 Middlewares/Third_Party/FreeRTOS/Source/CMSIS_RTOS_V2/cmsis_os2.o
                0x0000000008004d0c                osMessageQueueGet
 .text.vApplicationGetIdleTaskMemory
                0x0000000008004d8c       0x1c Middlewares/Third_Party/FreeRTOS/Source/CMSIS_RTOS_V2/cmsis_os2.o
                0x0000000008004d8c                vApplicationGetIdleTaskMemory
 .text.vApplicationGetTimerTaskMemory
                0x0000000008004da8       0x1c Middlewares/Third_Party/FreeRTOS/Source/CMSIS_RTOS_V2/cmsis_os2.o
                0x0000000008004da8                vApplicationGetTimerTaskMemory
 .text.vEventGroupClearBitsCallback
                0x0000000008004dc4       0x48 Middlewares/Third_Party/FreeRTOS/Source/event_groups.o
                0x0000000008004dc4                vEventGroupClearBitsCallback
 .text.vEventGroupSetBitsCallback
                0x0000000008004e0c       0x8c Middlewares/Third_Party/FreeRTOS/Source/event_groups.o
                0x0000000008004e0c                vEventGroupSetBitsCallback
 .text.xEventGroupCreateStatic
                0x0000000008004e98       0x4c Middlewares/Third_Party/FreeRTOS/Source/event_groups.o
                0x0000000008004e98                xEventGroupCreateStatic
 .text.xEventGroupCreate
                0x0000000008004ee4       0x1c Middlewares/Third_Party/FreeRTOS/Source/event_groups.o
                0x0000000008004ee4                xEventGroupCreate
 .text.xEventGroupWaitBits
                0x0000000008004f00      0x114 Middlewares/Third_Party/FreeRTOS/Source/event_groups.o
                0x0000000008004f00                xEventGroupWaitBits
 .text.xEventGroupClearBits
                0x0000000008005014       0x48 Middlewares/Third_Party/FreeRTOS/Source/event_groups.o
                0x0000000008005014                xEventGroupClearBits
 .text.xEventGroupClearBitsFromISR
                0x000000000800505c       0x10 Middlewares/Third_Party/FreeRTOS/Source/event_groups.o
                0x000000000800505c                xEventGroupClearBitsFromISR
 .text.xEventGroupGetBitsFromISR
                0x000000000800506c       0x1c Middlewares/Third_Party/FreeRTOS/Source/event_groups.o
                0x000000000800506c                xEventGroupGetBitsFromISR
 .text.xEventGroupSetBits
                0x0000000008005088       0x88 Middlewares/Third_Party/FreeRTOS/Source/event_groups.o
                0x0000000008005088                xEventGroupSetBits
 .text.xEventGroupSetBitsFromISR
                0x0000000008005110       0x18 Middlewares/Third_Party/FreeRTOS/Source/event_groups.o
                0x0000000008005110                xEventGroupSetBitsFromISR
 .text.vListInitialise
                0x0000000008005128       0x18 Middlewares/Third_Party/FreeRTOS/Source/list.o
                0x0000000008005128                vListInitialise
 .text.vListInitialiseItem
                0x0000000008005140        0x8 Middlewares/Third_Party/FreeRTOS/Source/list.o
                0x0000000008005140                vListInitialiseItem
 .text.vListInsertEnd
                0x0000000008005148       0x1c Middlewares/Third_Party/FreeRTOS/Source/list.o
                0x0000000008005148                vListInsertEnd
 .text.vListInsert
                0x0000000008005164       0x30 Middlewares/Third_Party/FreeRTOS/Source/list.o
                0x0000000008005164                vListInsert
 .text.uxListRemove
                0x0000000008005194       0x24 Middlewares/Third_Party/FreeRTOS/Source/list.o
                0x0000000008005194                uxListRemove
 .text.prvCopyDataToQueue
                0x00000000080051b8       0x84 Middlewares/Third_Party/FreeRTOS/Source/queue.o
 .text.xQueueGenericCreateStatic
                0x000000000800523c       0xe4 Middlewares/Third_Party/FreeRTOS/Source/queue.o
                0x000000000800523c                xQueueGenericCreateStatic
 .text.xQueueGenericCreate
                0x0000000008005320       0x98 Middlewares/Third_Party/FreeRTOS/Source/queue.o
                0x0000000008005320                xQueueGenericCreate
 .text.xQueueGenericSend
                0x00000000080053b8      0x30c Middlewares/Third_Party/FreeRTOS/Source/queue.o
                0x00000000080053b8                xQueueGenericSend
 .text.xQueueGenericSendFromISR
                0x00000000080056c4       0xcc Middlewares/Third_Party/FreeRTOS/Source/queue.o
                0x00000000080056c4                xQueueGenericSendFromISR
 .text.xQueueReceive
                0x0000000008005790      0x30c Middlewares/Third_Party/FreeRTOS/Source/queue.o
                0x0000000008005790                xQueueReceive
 .text.xQueueReceiveFromISR
                0x0000000008005a9c       0xbc Middlewares/Third_Party/FreeRTOS/Source/queue.o
                0x0000000008005a9c                xQueueReceiveFromISR
 .text.vQueueAddToRegistry
                0x0000000008005b58       0x54 Middlewares/Third_Party/FreeRTOS/Source/queue.o
                0x0000000008005b58                vQueueAddToRegistry
 .text.vQueueWaitForMessageRestricted
                0x0000000008005bac       0xcc Middlewares/Third_Party/FreeRTOS/Source/queue.o
                0x0000000008005bac                vQueueWaitForMessageRestricted
 .text.prvAddNewTaskToReadyList
                0x0000000008005c78      0x110 Middlewares/Third_Party/FreeRTOS/Source/tasks.o
 .text.prvIdleTask
                0x0000000008005d88       0x9c Middlewares/Third_Party/FreeRTOS/Source/tasks.o
 .text.xTaskCreateStatic
                0x0000000008005e24       0xe8 Middlewares/Third_Party/FreeRTOS/Source/tasks.o
                0x0000000008005e24                xTaskCreateStatic
 .text.xTaskCreate
                0x0000000008005f0c       0xc0 Middlewares/Third_Party/FreeRTOS/Source/tasks.o
                0x0000000008005f0c                xTaskCreate
 .text.vTaskStartScheduler
                0x0000000008005fcc      0x134 Middlewares/Third_Party/FreeRTOS/Source/tasks.o
                0x0000000008005fcc                vTaskStartScheduler
 .text.vTaskSuspendAll
                0x0000000008006100       0x10 Middlewares/Third_Party/FreeRTOS/Source/tasks.o
                0x0000000008006100                vTaskSuspendAll
 .text.xTaskGetTickCount
                0x0000000008006110        0xc Middlewares/Third_Party/FreeRTOS/Source/tasks.o
                0x0000000008006110                xTaskGetTickCount
 .text.xTaskIncrementTick
                0x000000000800611c      0x15c Middlewares/Third_Party/FreeRTOS/Source/tasks.o
                0x000000000800611c                xTaskIncrementTick
 .text.xTaskResumeAll.part.0
                0x0000000008006278      0x120 Middlewares/Third_Party/FreeRTOS/Source/tasks.o
 .text.xTaskResumeAll
                0x0000000008006398       0x20 Middlewares/Third_Party/FreeRTOS/Source/tasks.o
                0x0000000008006398                xTaskResumeAll
 .text.vTaskDelay
                0x00000000080063b8       0xac Middlewares/Third_Party/FreeRTOS/Source/tasks.o
                0x00000000080063b8                vTaskDelay
 .text.vTaskSwitchContext
                0x0000000008006464       0x84 Middlewares/Third_Party/FreeRTOS/Source/tasks.o
                0x0000000008006464                vTaskSwitchContext
 .text.vTaskPlaceOnEventList
                0x00000000080064e8       0x88 Middlewares/Third_Party/FreeRTOS/Source/tasks.o
                0x00000000080064e8                vTaskPlaceOnEventList
 .text.vTaskPlaceOnUnorderedEventList
                0x0000000008006570       0xb0 Middlewares/Third_Party/FreeRTOS/Source/tasks.o
                0x0000000008006570                vTaskPlaceOnUnorderedEventList
 .text.vTaskPlaceOnEventListRestricted
                0x0000000008006620       0x94 Middlewares/Third_Party/FreeRTOS/Source/tasks.o
                0x0000000008006620                vTaskPlaceOnEventListRestricted
 .text.xTaskRemoveFromEventList
                0x00000000080066b4       0x8c Middlewares/Third_Party/FreeRTOS/Source/tasks.o
                0x00000000080066b4                xTaskRemoveFromEventList
 .text.vTaskRemoveFromUnorderedEventList
                0x0000000008006740       0x88 Middlewares/Third_Party/FreeRTOS/Source/tasks.o
                0x0000000008006740                vTaskRemoveFromUnorderedEventList
 .text.vTaskInternalSetTimeOutState
                0x00000000080067c8       0x18 Middlewares/Third_Party/FreeRTOS/Source/tasks.o
                0x00000000080067c8                vTaskInternalSetTimeOutState
 .text.xTaskCheckForTimeOut
                0x00000000080067e0       0x90 Middlewares/Third_Party/FreeRTOS/Source/tasks.o
                0x00000000080067e0                xTaskCheckForTimeOut
 .text.vTaskMissedYield
                0x0000000008006870        0xc Middlewares/Third_Party/FreeRTOS/Source/tasks.o
                0x0000000008006870                vTaskMissedYield
 .text.xTaskGetSchedulerState
                0x000000000800687c       0x20 Middlewares/Third_Party/FreeRTOS/Source/tasks.o
                0x000000000800687c                xTaskGetSchedulerState
 .text.xTaskPriorityDisinherit
                0x000000000800689c       0x88 Middlewares/Third_Party/FreeRTOS/Source/tasks.o
                0x000000000800689c                xTaskPriorityDisinherit
 .text.uxTaskResetEventItemValue
                0x0000000008006924       0x18 Middlewares/Third_Party/FreeRTOS/Source/tasks.o
                0x0000000008006924                uxTaskResetEventItemValue
 .text.xTaskNotifyWait
                0x000000000800693c       0xe4 Middlewares/Third_Party/FreeRTOS/Source/tasks.o
                0x000000000800693c                xTaskNotifyWait
 .text.xTaskGenericNotify
                0x0000000008006a20       0xd4 Middlewares/Third_Party/FreeRTOS/Source/tasks.o
                0x0000000008006a20                xTaskGenericNotify
 .text.xTaskGenericNotifyFromISR
                0x0000000008006af4      0x110 Middlewares/Third_Party/FreeRTOS/Source/tasks.o
                0x0000000008006af4                xTaskGenericNotifyFromISR
 .text.prvSwitchTimerLists
                0x0000000008006c04       0x98 Middlewares/Third_Party/FreeRTOS/Source/timers.o
 .text.prvTimerTask
                0x0000000008006c9c      0x274 Middlewares/Third_Party/FreeRTOS/Source/timers.o
 .text.xTimerCreateTimerTask
                0x0000000008006f10       0xbc Middlewares/Third_Party/FreeRTOS/Source/timers.o
                0x0000000008006f10                xTimerCreateTimerTask
 .text.xTimerCreate
                0x0000000008006fcc       0xc4 Middlewares/Third_Party/FreeRTOS/Source/timers.o
                0x0000000008006fcc                xTimerCreate
 .text.xTimerCreateStatic
                0x0000000008007090       0xf0 Middlewares/Third_Party/FreeRTOS/Source/timers.o
                0x0000000008007090                xTimerCreateStatic
 .text.xTimerGenericCommand
                0x0000000008007180       0x64 Middlewares/Third_Party/FreeRTOS/Source/timers.o
                0x0000000008007180                xTimerGenericCommand
 .text.pvTimerGetTimerID
                0x00000000080071e4       0x28 Middlewares/Third_Party/FreeRTOS/Source/timers.o
                0x00000000080071e4                pvTimerGetTimerID
 .text.xTimerPendFunctionCallFromISR
                0x000000000800720c       0x2c Middlewares/Third_Party/FreeRTOS/Source/timers.o
                0x000000000800720c                xTimerPendFunctionCallFromISR
 .text.prvPortStartFirstTask
                0x0000000008007238       0x20 Middlewares/Third_Party/FreeRTOS/Source/portable/GCC/ARM_CM3/port.o
 .text.prvTaskExitError
                0x0000000008007258       0x40 Middlewares/Third_Party/FreeRTOS/Source/portable/GCC/ARM_CM3/port.o
 .text.pxPortInitialiseStack
                0x0000000008007298       0x28 Middlewares/Third_Party/FreeRTOS/Source/portable/GCC/ARM_CM3/port.o
                0x0000000008007298                pxPortInitialiseStack
 .text.SVC_Handler
                0x00000000080072c0       0x24 Middlewares/Third_Party/FreeRTOS/Source/portable/GCC/ARM_CM3/port.o
                0x00000000080072c0                SVC_Handler
 .text.vPortEnterCritical
                0x00000000080072e4       0x44 Middlewares/Third_Party/FreeRTOS/Source/portable/GCC/ARM_CM3/port.o
                0x00000000080072e4                vPortEnterCritical
 .text.vPortExitCritical
                0x0000000008007328       0x28 Middlewares/Third_Party/FreeRTOS/Source/portable/GCC/ARM_CM3/port.o
                0x0000000008007328                vPortExitCritical
 .text.PendSV_Handler
                0x0000000008007350       0x44 Middlewares/Third_Party/FreeRTOS/Source/portable/GCC/ARM_CM3/port.o
                0x0000000008007350                PendSV_Handler
 .text.SysTick_Handler
                0x0000000008007394       0x2c Middlewares/Third_Party/FreeRTOS/Source/portable/GCC/ARM_CM3/port.o
                0x0000000008007394                SysTick_Handler
 .text.vPortSetupTimerInterrupt
                0x00000000080073c0       0x3c Middlewares/Third_Party/FreeRTOS/Source/portable/GCC/ARM_CM3/port.o
                0x00000000080073c0                vPortSetupTimerInterrupt
 .text.xPortStartScheduler
                0x00000000080073fc       0xe4 Middlewares/Third_Party/FreeRTOS/Source/portable/GCC/ARM_CM3/port.o
                0x00000000080073fc                xPortStartScheduler
 .text.vPortValidateInterruptPriority
                0x00000000080074e0       0x5c Middlewares/Third_Party/FreeRTOS/Source/portable/GCC/ARM_CM3/port.o
                0x00000000080074e0                vPortValidateInterruptPriority
 .text.pvPortMalloc
                0x000000000800753c      0x174 Middlewares/Third_Party/FreeRTOS/Source/portable/MemMang/heap_4.o
                0x000000000800753c                pvPortMalloc
 .text.vPortFree
                0x00000000080076b0       0xac Middlewares/Third_Party/FreeRTOS/Source/portable/MemMang/heap_4.o
                0x00000000080076b0                vPortFree
 .text.xMyArrayCreate
                0x000000000800775c       0x2c MyArray/MyArray.o
                0x000000000800775c                xMyArrayCreate
 .text.eMyArraySplit
                0x0000000008007788       0xd4 MyArray/MyArray.o
                0x0000000008007788                eMyArraySplit
 .text.uMyArrayFindMax
                0x000000000800785c       0x28 MyArray/MyArray.o
                0x000000000800785c                uMyArrayFindMax
 .text.Scan_74238
                0x0000000008007884       0xac Scan_74238/Scan_74238.o
                0x0000000008007884                Scan_74238
 .text.vServoInit
                0x0000000008007930       0x58 Servo/Src/Servo.o
                0x0000000008007930                vServoInit
 .text.vServoStart
                0x0000000008007988       0x20 Servo/Src/Servo.o
                0x0000000008007988                vServoStart
 .text.vServoMove1
                0x00000000080079a8       0x48 Servo/Src/Servo.o
                0x00000000080079a8                vServoMove1
 .text.eServoMove
                0x00000000080079f0       0xdc Servo/Src/Servo.o
                0x00000000080079f0                eServoMove
 .text.vServoUpdateCommand
                0x0000000008007acc       0x74 Servo/Src/Servo.o
                0x0000000008007acc                vServoUpdateCommand
 .text.vServoUpdateSetup
                0x0000000008007b40       0x24 Servo/Src/Servo.o
                0x0000000008007b40                vServoUpdateSetup
 .text.__libc_init_array
                0x0000000008007b64       0x48 c:/st/stm32cubeide_1.6.1/stm32cubeide/plugins/com.st.stm32cube.ide.mcu.externaltools.gnu-tools-for-stm32.9-2020-q2-update.win32_1.5.0.202011040924/tools/bin/../lib/gcc/arm-none-eabi/9.3.1/../../../../arm-none-eabi/lib/thumb/v7-m/nofp\libc_nano.a(lib_a-init.o)
                0x0000000008007b64                __libc_init_array
 .text.memcpy   0x0000000008007bac       0x1c c:/st/stm32cubeide_1.6.1/stm32cubeide/plugins/com.st.stm32cube.ide.mcu.externaltools.gnu-tools-for-stm32.9-2020-q2-update.win32_1.5.0.202011040924/tools/bin/../lib/gcc/arm-none-eabi/9.3.1/../../../../arm-none-eabi/lib/thumb/v7-m/nofp\libc_nano.a(lib_a-memcpy-stub.o)
                0x0000000008007bac                memcpy
 .text.memset   0x0000000008007bc8       0x10 c:/st/stm32cubeide_1.6.1/stm32cubeide/plugins/com.st.stm32cube.ide.mcu.externaltools.gnu-tools-for-stm32.9-2020-q2-update.win32_1.5.0.202011040924/tools/bin/../lib/gcc/arm-none-eabi/9.3.1/../../../../arm-none-eabi/lib/thumb/v7-m/nofp\libc_nano.a(lib_a-memset.o)
                0x0000000008007bc8                memset
 *(.glue_7)
 .glue_7        0x0000000008007bd8        0x0 linker stubs
 *(.glue_7t)
 .glue_7t       0x0000000008007bd8        0x0 linker stubs
 *(.eh_frame)
 .eh_frame      0x0000000008007bd8        0x0 c:/st/stm32cubeide_1.6.1/stm32cubeide/plugins/com.st.stm32cube.ide.mcu.externaltools.gnu-tools-for-stm32.9-2020-q2-update.win32_1.5.0.202011040924/tools/bin/../lib/gcc/arm-none-eabi/9.3.1/thumb/v7-m/nofp/crtbegin.o
 *(.init)
 .init          0x0000000008007bd8        0x4 c:/st/stm32cubeide_1.6.1/stm32cubeide/plugins/com.st.stm32cube.ide.mcu.externaltools.gnu-tools-for-stm32.9-2020-q2-update.win32_1.5.0.202011040924/tools/bin/../lib/gcc/arm-none-eabi/9.3.1/thumb/v7-m/nofp/crti.o
                0x0000000008007bd8                _init
 .init          0x0000000008007bdc        0x8 c:/st/stm32cubeide_1.6.1/stm32cubeide/plugins/com.st.stm32cube.ide.mcu.externaltools.gnu-tools-for-stm32.9-2020-q2-update.win32_1.5.0.202011040924/tools/bin/../lib/gcc/arm-none-eabi/9.3.1/thumb/v7-m/nofp/crtn.o
 *(.fini)
 .fini          0x0000000008007be4        0x4 c:/st/stm32cubeide_1.6.1/stm32cubeide/plugins/com.st.stm32cube.ide.mcu.externaltools.gnu-tools-for-stm32.9-2020-q2-update.win32_1.5.0.202011040924/tools/bin/../lib/gcc/arm-none-eabi/9.3.1/thumb/v7-m/nofp/crti.o
                0x0000000008007be4                _fini
 .fini          0x0000000008007be8        0x8 c:/st/stm32cubeide_1.6.1/stm32cubeide/plugins/com.st.stm32cube.ide.mcu.externaltools.gnu-tools-for-stm32.9-2020-q2-update.win32_1.5.0.202011040924/tools/bin/../lib/gcc/arm-none-eabi/9.3.1/thumb/v7-m/nofp/crtn.o
                0x0000000008007bf0                . = ALIGN (0x4)
                0x0000000008007bf0                _etext = .

.vfp11_veneer   0x0000000008007bf0        0x0
 .vfp11_veneer  0x0000000008007bf0        0x0 linker stubs

.v4_bx          0x0000000008007bf0        0x0
 .v4_bx         0x0000000008007bf0        0x0 linker stubs

.iplt           0x0000000008007bf0        0x0
 .iplt          0x0000000008007bf0        0x0 c:/st/stm32cubeide_1.6.1/stm32cubeide/plugins/com.st.stm32cube.ide.mcu.externaltools.gnu-tools-for-stm32.9-2020-q2-update.win32_1.5.0.202011040924/tools/bin/../lib/gcc/arm-none-eabi/9.3.1/thumb/v7-m/nofp/crtbegin.o

.rodata         0x0000000008007bf0      0x3d8
                0x0000000008007bf0                . = ALIGN (0x4)
 *(.rodata)
 *(.rodata*)
 .rodata.str1.4
                0x0000000008007bf0      0x12c Core/Src/main.o
 .rodata.ButtonHandler_attributes
                0x0000000008007d1c       0x24 Core/Src/main.o
                0x0000000008007d1c                ButtonHandler_attributes
 .rodata.HandBot1_attributes
                0x0000000008007d40       0x24 Core/Src/main.o
                0x0000000008007d40                HandBot1_attributes
 .rodata.HandBot2_attributes
                0x0000000008007d64       0x24 Core/Src/main.o
                0x0000000008007d64                HandBot2_attributes
 .rodata.HandBot3_attributes
                0x0000000008007d88       0x24 Core/Src/main.o
                0x0000000008007d88                HandBot3_attributes
 .rodata.HandMatrixHandler_attributes
                0x0000000008007dac       0x24 Core/Src/main.o
                0x0000000008007dac                HandMatrixHandler_attributes
 .rodata.HandPeakControl_attributes
                0x0000000008007dd0       0x24 Core/Src/main.o
                0x0000000008007dd0                HandPeakControl_attributes
 .rodata.HandRxHandler_attributes
                0x0000000008007df4       0x24 Core/Src/main.o
                0x0000000008007df4                HandRxHandler_attributes
 .rodata.HandStopServo_attributes
                0x0000000008007e18       0x24 Core/Src/main.o
                0x0000000008007e18                HandStopServo_attributes
 .rodata.HandTop1_attributes
                0x0000000008007e3c       0x24 Core/Src/main.o
                0x0000000008007e3c                HandTop1_attributes
 .rodata.HandTop2_attributes
                0x0000000008007e60       0x24 Core/Src/main.o
                0x0000000008007e60                HandTop2_attributes
 .rodata.HandTop3_attributes
                0x0000000008007e84       0x24 Core/Src/main.o
                0x0000000008007e84                HandTop3_attributes
 .rodata.VelostatProcessOutput_attributes
                0x0000000008007ea8       0x24 Core/Src/main.o
                0x0000000008007ea8                VelostatProcessOutput_attributes
 .rodata.VelostatScanADC_attributes
                0x0000000008007ecc       0x24 Core/Src/main.o
                0x0000000008007ecc                VelostatScanADC_attributes
 .rodata.VelostatTransmit_attributes
                0x0000000008007ef0       0x24 Core/Src/main.o
                0x0000000008007ef0                VelostatTransmit_attributes
 .rodata.handEvent_attributes
                0x0000000008007f14       0x10 Core/Src/main.o
                0x0000000008007f14                handEvent_attributes
 .rodata.handQueue_attributes
                0x0000000008007f24       0x18 Core/Src/main.o
                0x0000000008007f24                handQueue_attributes
 .rodata.myTimer01_attributes
                0x0000000008007f3c       0x10 Core/Src/main.o
                0x0000000008007f3c                myTimer01_attributes
 .rodata.stopServoEvent_attributes
                0x0000000008007f4c       0x10 Core/Src/main.o
                0x0000000008007f4c                stopServoEvent_attributes
 .rodata.velostatEvent_attributes
                0x0000000008007f5c       0x10 Core/Src/main.o
                0x0000000008007f5c                velostatEvent_attributes
 .rodata.velostatQueue_attributes
                0x0000000008007f6c       0x18 Core/Src/main.o
                0x0000000008007f6c                velostatQueue_attributes
 .rodata.AHBPrescTable
                0x0000000008007f84       0x10 Core/Src/system_stm32f1xx.o
                0x0000000008007f84                AHBPrescTable
 .rodata.APBPrescTable
                0x0000000008007f94        0x8 Core/Src/system_stm32f1xx.o
                0x0000000008007f94                APBPrescTable
 .rodata.HAL_RCC_ClockConfig.str1.4
                0x0000000008007f9c       0x11 Drivers/STM32F1xx_HAL_Driver/Src/stm32f1xx_hal_rcc.o
 .rodata.HAL_RCCEx_GetPeriphCLKFreq.str1.4
                0x0000000008007fad       0x11 Drivers/STM32F1xx_HAL_Driver/Src/stm32f1xx_hal_rcc_ex.o
 *fill*         0x0000000008007fad        0x3 
 .rodata.vTaskStartScheduler.str1.4
                0x0000000008007fb0        0x5 Middlewares/Third_Party/FreeRTOS/Source/tasks.o
 *fill*         0x0000000008007fb5        0x3 
 .rodata.xTimerCreateTimerTask.str1.4
                0x0000000008007fb8       0x10 Middlewares/Third_Party/FreeRTOS/Source/timers.o
                0x0000000008007fc8                . = ALIGN (0x4)

.rel.dyn        0x0000000008007fc8        0x0
 .rel.iplt      0x0000000008007fc8        0x0 c:/st/stm32cubeide_1.6.1/stm32cubeide/plugins/com.st.stm32cube.ide.mcu.externaltools.gnu-tools-for-stm32.9-2020-q2-update.win32_1.5.0.202011040924/tools/bin/../lib/gcc/arm-none-eabi/9.3.1/thumb/v7-m/nofp/crtbegin.o

.ARM.extab      0x0000000008007fc8        0x0
                0x0000000008007fc8                . = ALIGN (0x4)
 *(.ARM.extab* .gnu.linkonce.armextab.*)
                0x0000000008007fc8                . = ALIGN (0x4)

.ARM            0x0000000008007fc8        0x0
                0x0000000008007fc8                . = ALIGN (0x4)
                0x0000000008007fc8                __exidx_start = .
 *(.ARM.exidx*)
                0x0000000008007fc8                __exidx_end = .
                0x0000000008007fc8                . = ALIGN (0x4)

.preinit_array  0x0000000008007fc8        0x0
                0x0000000008007fc8                . = ALIGN (0x4)
                0x0000000008007fc8                PROVIDE (__preinit_array_start = .)
 *(.preinit_array*)
                0x0000000008007fc8                PROVIDE (__preinit_array_end = .)
                0x0000000008007fc8                . = ALIGN (0x4)

.init_array     0x0000000008007fc8        0x4
                0x0000000008007fc8                . = ALIGN (0x4)
                0x0000000008007fc8                PROVIDE (__init_array_start = .)
 *(SORT_BY_NAME(.init_array.*))
 *(.init_array*)
 .init_array    0x0000000008007fc8        0x4 c:/st/stm32cubeide_1.6.1/stm32cubeide/plugins/com.st.stm32cube.ide.mcu.externaltools.gnu-tools-for-stm32.9-2020-q2-update.win32_1.5.0.202011040924/tools/bin/../lib/gcc/arm-none-eabi/9.3.1/thumb/v7-m/nofp/crtbegin.o
                0x0000000008007fcc                PROVIDE (__init_array_end = .)
                0x0000000008007fcc                . = ALIGN (0x4)

.fini_array     0x0000000008007fcc        0x4
                0x0000000008007fcc                . = ALIGN (0x4)
                [!provide]                        PROVIDE (__fini_array_start = .)
 *(SORT_BY_NAME(.fini_array.*))
 *(.fini_array*)
 .fini_array    0x0000000008007fcc        0x4 c:/st/stm32cubeide_1.6.1/stm32cubeide/plugins/com.st.stm32cube.ide.mcu.externaltools.gnu-tools-for-stm32.9-2020-q2-update.win32_1.5.0.202011040924/tools/bin/../lib/gcc/arm-none-eabi/9.3.1/thumb/v7-m/nofp/crtbegin.o
                [!provide]                        PROVIDE (__fini_array_end = .)
                0x0000000008007fd0                . = ALIGN (0x4)
                0x0000000008007fd0                _sidata = LOADADDR (.data)

.data           0x0000000020000000       0x38 load address 0x0000000008007fd0
                0x0000000020000000                . = ALIGN (0x4)
                0x0000000020000000                _sdata = .
 *(.data)
 *(.data*)
 .data.threshHold
                0x0000000020000000       0x28 Core/Src/main.o
                0x0000000020000000                threshHold
 .data.SystemCoreClock
                0x0000000020000028        0x4 Core/Src/system_stm32f1xx.o
                0x0000000020000028                SystemCoreClock
 .data.uwTickFreq
                0x000000002000002c        0x1 Drivers/STM32F1xx_HAL_Driver/Src/stm32f1xx_hal.o
                0x000000002000002c                uwTickFreq
 *fill*         0x000000002000002d        0x3 
 .data.uwTickPrio
                0x0000000020000030        0x4 Drivers/STM32F1xx_HAL_Driver/Src/stm32f1xx_hal.o
                0x0000000020000030                uwTickPrio
 .data.uxCriticalNesting
                0x0000000020000034        0x4 Middlewares/Third_Party/FreeRTOS/Source/portable/GCC/ARM_CM3/port.o
 *(.RamFunc)
 *(.RamFunc*)
                0x0000000020000038                . = ALIGN (0x4)
                0x0000000020000038                _edata = .

.igot.plt       0x0000000020000038        0x0 load address 0x0000000008008008
 .igot.plt      0x0000000020000038        0x0 c:/st/stm32cubeide_1.6.1/stm32cubeide/plugins/com.st.stm32cube.ide.mcu.externaltools.gnu-tools-for-stm32.9-2020-q2-update.win32_1.5.0.202011040924/tools/bin/../lib/gcc/arm-none-eabi/9.3.1/thumb/v7-m/nofp/crtbegin.o
                0x0000000020000038                . = ALIGN (0x4)

.bss            0x0000000020000038     0x4560 load address 0x0000000008008008
                0x0000000020000038                _sbss = .
                0x0000000020000038                __bss_start__ = _sbss
 *(.bss)
 .bss           0x0000000020000038       0x1c c:/st/stm32cubeide_1.6.1/stm32cubeide/plugins/com.st.stm32cube.ide.mcu.externaltools.gnu-tools-for-stm32.9-2020-q2-update.win32_1.5.0.202011040924/tools/bin/../lib/gcc/arm-none-eabi/9.3.1/thumb/v7-m/nofp/crtbegin.o
 *(.bss*)
 .bss.countRun  0x0000000020000054        0x4 Core/Src/main.o
                0x0000000020000054                countRun
 .bss.flag      0x0000000020000058        0x4 Core/Src/main.o
                0x0000000020000058                flag
 .bss.Idle_Stack
                0x000000002000005c      0x100 Middlewares/Third_Party/FreeRTOS/Source/CMSIS_RTOS_V2/cmsis_os2.o
 .bss.Idle_TCB  0x000000002000015c       0x6c Middlewares/Third_Party/FreeRTOS/Source/CMSIS_RTOS_V2/cmsis_os2.o
 .bss.KernelState
                0x00000000200001c8        0x4 Middlewares/Third_Party/FreeRTOS/Source/CMSIS_RTOS_V2/cmsis_os2.o
 .bss.Timer_Stack
                0x00000000200001cc      0x200 Middlewares/Third_Party/FreeRTOS/Source/CMSIS_RTOS_V2/cmsis_os2.o
 .bss.Timer_TCB
                0x00000000200003cc       0x6c Middlewares/Third_Party/FreeRTOS/Source/CMSIS_RTOS_V2/cmsis_os2.o
 .bss.pxCurrentTCB
                0x0000000020000438        0x4 Middlewares/Third_Party/FreeRTOS/Source/tasks.o
                0x0000000020000438                pxCurrentTCB
 .bss.pxDelayedTaskList
                0x000000002000043c        0x4 Middlewares/Third_Party/FreeRTOS/Source/tasks.o
 .bss.pxOverflowDelayedTaskList
                0x0000000020000440        0x4 Middlewares/Third_Party/FreeRTOS/Source/tasks.o
 .bss.pxReadyTasksLists
                0x0000000020000444      0x460 Middlewares/Third_Party/FreeRTOS/Source/tasks.o
 .bss.uxCurrentNumberOfTasks
                0x00000000200008a4        0x4 Middlewares/Third_Party/FreeRTOS/Source/tasks.o
 .bss.uxDeletedTasksWaitingCleanUp
                0x00000000200008a8        0x4 Middlewares/Third_Party/FreeRTOS/Source/tasks.o
 .bss.uxPendedTicks
                0x00000000200008ac        0x4 Middlewares/Third_Party/FreeRTOS/Source/tasks.o
 .bss.uxSchedulerSuspended
                0x00000000200008b0        0x4 Middlewares/Third_Party/FreeRTOS/Source/tasks.o
 .bss.uxTaskNumber
                0x00000000200008b4        0x4 Middlewares/Third_Party/FreeRTOS/Source/tasks.o
 .bss.uxTopReadyPriority
                0x00000000200008b8        0x4 Middlewares/Third_Party/FreeRTOS/Source/tasks.o
 .bss.xDelayedTaskList1
                0x00000000200008bc       0x14 Middlewares/Third_Party/FreeRTOS/Source/tasks.o
 .bss.xDelayedTaskList2
                0x00000000200008d0       0x14 Middlewares/Third_Party/FreeRTOS/Source/tasks.o
 .bss.xNextTaskUnblockTime
                0x00000000200008e4        0x4 Middlewares/Third_Party/FreeRTOS/Source/tasks.o
 .bss.xNumOfOverflows
                0x00000000200008e8        0x4 Middlewares/Third_Party/FreeRTOS/Source/tasks.o
 .bss.xPendingReadyList
                0x00000000200008ec       0x14 Middlewares/Third_Party/FreeRTOS/Source/tasks.o
 .bss.xSchedulerRunning
                0x0000000020000900        0x4 Middlewares/Third_Party/FreeRTOS/Source/tasks.o
 .bss.xSuspendedTaskList
                0x0000000020000904       0x14 Middlewares/Third_Party/FreeRTOS/Source/tasks.o
 .bss.xTasksWaitingTermination
                0x0000000020000918       0x14 Middlewares/Third_Party/FreeRTOS/Source/tasks.o
 .bss.xTickCount
                0x000000002000092c        0x4 Middlewares/Third_Party/FreeRTOS/Source/tasks.o
 .bss.xYieldPending
                0x0000000020000930        0x4 Middlewares/Third_Party/FreeRTOS/Source/tasks.o
 .bss.pxCurrentTimerList
                0x0000000020000934        0x4 Middlewares/Third_Party/FreeRTOS/Source/timers.o
 .bss.pxOverflowTimerList
                0x0000000020000938        0x4 Middlewares/Third_Party/FreeRTOS/Source/timers.o
 .bss.ucStaticTimerQueueStorage.5575
                0x000000002000093c       0xa0 Middlewares/Third_Party/FreeRTOS/Source/timers.o
 .bss.xActiveTimerList1
                0x00000000200009dc       0x14 Middlewares/Third_Party/FreeRTOS/Source/timers.o
 .bss.xActiveTimerList2
                0x00000000200009f0       0x14 Middlewares/Third_Party/FreeRTOS/Source/timers.o
 .bss.xLastTime.5524
                0x0000000020000a04        0x4 Middlewares/Third_Party/FreeRTOS/Source/timers.o
 .bss.xStaticTimerQueue.5574
                0x0000000020000a08       0x50 Middlewares/Third_Party/FreeRTOS/Source/timers.o
 .bss.xTimerQueue
                0x0000000020000a58        0x4 Middlewares/Third_Party/FreeRTOS/Source/timers.o
 .bss.xTimerTaskHandle
                0x0000000020000a5c        0x4 Middlewares/Third_Party/FreeRTOS/Source/timers.o
 .bss.ucMaxSysCallPriority
                0x0000000020000a60        0x1 Middlewares/Third_Party/FreeRTOS/Source/portable/GCC/ARM_CM3/port.o
 *fill*         0x0000000020000a61        0x3 
 .bss.ulMaxPRIGROUPValue
                0x0000000020000a64        0x4 Middlewares/Third_Party/FreeRTOS/Source/portable/GCC/ARM_CM3/port.o
 .bss.pxEnd     0x0000000020000a68        0x4 Middlewares/Third_Party/FreeRTOS/Source/portable/MemMang/heap_4.o
 .bss.ucHeap    0x0000000020000a6c     0x36b0 Middlewares/Third_Party/FreeRTOS/Source/portable/MemMang/heap_4.o
 .bss.xBlockAllocatedBit
                0x000000002000411c        0x4 Middlewares/Third_Party/FreeRTOS/Source/portable/MemMang/heap_4.o
 .bss.xFreeBytesRemaining
                0x0000000020004120        0x4 Middlewares/Third_Party/FreeRTOS/Source/portable/MemMang/heap_4.o
 .bss.xMinimumEverFreeBytesRemaining
                0x0000000020004124        0x4 Middlewares/Third_Party/FreeRTOS/Source/portable/MemMang/heap_4.o
 .bss.xStart    0x0000000020004128        0x8 Middlewares/Third_Party/FreeRTOS/Source/portable/MemMang/heap_4.o
 .bss.servoLevel
                0x0000000020004130        0x1 Servo/Src/Servo.o
                0x0000000020004130                servoLevel
 *(COMMON)
 *fill*         0x0000000020004131        0x3 
 COMMON         0x0000000020004134      0x3d0 Core/Src/main.o
                0x0000000020004134                bot3Array
                0x0000000020004138                top2
                0x000000002000413c                rxData
                0x0000000020004140                HandTop3Handle
                0x0000000020004144                HandPeakControlHandle
                0x0000000020004148                flag13
                0x000000002000414c                HandBot2Handle
                0x0000000020004150                top3
                0x0000000020004154                bot1Array
                0x0000000020004158                maxBot3
                0x000000002000415c                hdma_memtomem_dma1_channel3
                0x00000000200041a0                htim4
                0x00000000200041e8                endScan
                0x00000000200041ec                hadc2
                0x000000002000421c                HandBot1Handle
                0x0000000020004220                botArray
                0x0000000020004224                ptrCellsBuffer
                0x0000000020004228                startTx
                0x000000002000422c                scanRowth
                0x000000002000422e                sumBot
                0x0000000020004230                top2Array
                0x0000000020004234                flag123
                0x0000000020004236                peakControlMode
                0x0000000020004238                htim3
                0x0000000020004280                VelostatProcessOutputHandle
                0x0000000020004284                HandMatrixHandlerHandle
                0x0000000020004288                ptrTxBuffer
                0x000000002000428c                top1Array
                0x0000000020004290                hdma_usart1_tx
                0x00000000200042d4                startScan
                0x00000000200042d8                hadc1
                0x0000000020004308                end
                0x000000002000430c                maxBot1
                0x0000000020004310                hdma_usart1_rx
                0x0000000020004354                sumTop
                0x0000000020004358                VelostatTransmitHandle
                0x000000002000435c                timeDelay
                0x000000002000435e                maxBot
                0x0000000020004360                huart1
                0x00000000200043a4                HandTop1Handle
                0x00000000200043a8                maxTop
                0x00000000200043ac                HandRxHandlerHandle
                0x00000000200043b0                VelostatScanADCHandle
                0x00000000200043b4                hdma_adc1
                0x00000000200043f8                palmArray
                0x00000000200043fc                sumThreshHold
                0x00000000200043fe                maxBot2
                0x0000000020004400                maxTop1
                0x0000000020004404                bot2Array
                0x0000000020004408                bot3
                0x000000002000440c                isPress
                0x0000000020004410                topArray
                0x0000000020004414                countSum
                0x0000000020004418                top1
                0x000000002000441c                HandStopServoHandle
                0x0000000020004420                myTimer01Handle
                0x0000000020004424                hdma_memtomem_dma1_channel2
                0x0000000020004468                matrix
                0x000000002000446c                flag12
                0x0000000020004470                velostatQueueHandle
                0x0000000020004474                velostatEventHandle
                0x0000000020004478                HandTop2Handle
                0x000000002000447c                handQueueHandle
                0x0000000020004480                maxPalm
                0x0000000020004484                htim2
                0x00000000200044cc                HandBot3Handle
                0x00000000200044d0                maxTop2
                0x00000000200044d2                first
                0x00000000200044d4                flagTimer
                0x00000000200044d6                isRun
                0x00000000200044d8                threshHoldValue
                0x00000000200044dc                endTx
                0x00000000200044e0                top3Array
                0x00000000200044e4                start
                0x00000000200044e8                maxTop3
                0x00000000200044ec                stopServoEventHandle
                0x00000000200044f0                ButtonHandlerHandle
                0x00000000200044f4                btn
                0x00000000200044f8                handEventHandle
                0x00000000200044fc                bot2
                0x0000000020004500                bot1
 COMMON         0x0000000020004504       0x48 Core/Src/stm32f1xx_hal_timebase_tim.o
                0x0000000020004504                htim1
 COMMON         0x000000002000454c        0x4 Drivers/STM32F1xx_HAL_Driver/Src/stm32f1xx_hal.o
                0x000000002000454c                uwTick
 COMMON         0x0000000020004550       0x40 Middlewares/Third_Party/FreeRTOS/Source/queue.o
                0x0000000020004550                xQueueRegistry
 COMMON         0x0000000020004590        0x6 Scan_74238/Scan_74238.o
                0x0000000020004590                ScanBitState1
                0x0000000020004591                ScanBitState5
                0x0000000020004592                ScanBitState3
                0x0000000020004593                ScanBitState4
                0x0000000020004594                ScanBitState0
                0x0000000020004595                ScanBitState2
                0x0000000020004598                . = ALIGN (0x4)
 *fill*         0x0000000020004596        0x2 
                0x0000000020004598                _ebss = .
                0x0000000020004598                __bss_end__ = _ebss

._user_heap_stack
                0x0000000020004598      0x600 load address 0x0000000008008008
                0x0000000020004598                . = ALIGN (0x8)
                [!provide]                        PROVIDE (end = .)
                0x0000000020004598                PROVIDE (_end = .)
                0x0000000020004798                . = (. + _Min_Heap_Size)
 *fill*         0x0000000020004598      0x200 
                0x0000000020004b98                . = (. + _Min_Stack_Size)
 *fill*         0x0000000020004798      0x400 
                0x0000000020004b98                . = ALIGN (0x8)

/DISCARD/
 libc.a(*)
 libm.a(*)
 libgcc.a(*)

.ARM.attributes
                0x0000000000000000       0x29
 *(.ARM.attributes)
 .ARM.attributes
                0x0000000000000000       0x1d c:/st/stm32cubeide_1.6.1/stm32cubeide/plugins/com.st.stm32cube.ide.mcu.externaltools.gnu-tools-for-stm32.9-2020-q2-update.win32_1.5.0.202011040924/tools/bin/../lib/gcc/arm-none-eabi/9.3.1/thumb/v7-m/nofp/crti.o
 .ARM.attributes
                0x000000000000001d       0x2d c:/st/stm32cubeide_1.6.1/stm32cubeide/plugins/com.st.stm32cube.ide.mcu.externaltools.gnu-tools-for-stm32.9-2020-q2-update.win32_1.5.0.202011040924/tools/bin/../lib/gcc/arm-none-eabi/9.3.1/thumb/v7-m/nofp/crtbegin.o
 .ARM.attributes
                0x000000000000004a       0x29 Core/Src/freertos.o
 .ARM.attributes
                0x0000000000000073       0x29 Core/Src/main.o
 .ARM.attributes
                0x000000000000009c       0x29 Core/Src/stm32f1xx_hal_msp.o
 .ARM.attributes
                0x00000000000000c5       0x29 Core/Src/stm32f1xx_hal_timebase_tim.o
 .ARM.attributes
                0x00000000000000ee       0x29 Core/Src/stm32f1xx_it.o
 .ARM.attributes
                0x0000000000000117       0x29 Core/Src/system_stm32f1xx.o
 .ARM.attributes
                0x0000000000000140       0x21 Core/Startup/startup_stm32f103c8tx.o
 .ARM.attributes
                0x0000000000000161       0x29 Drivers/STM32F1xx_HAL_Driver/Src/stm32f1xx_hal.o
 .ARM.attributes
                0x000000000000018a       0x29 Drivers/STM32F1xx_HAL_Driver/Src/stm32f1xx_hal_adc.o
 .ARM.attributes
                0x00000000000001b3       0x29 Drivers/STM32F1xx_HAL_Driver/Src/stm32f1xx_hal_adc_ex.o
 .ARM.attributes
                0x00000000000001dc       0x29 Drivers/STM32F1xx_HAL_Driver/Src/stm32f1xx_hal_cortex.o
 .ARM.attributes
                0x0000000000000205       0x29 Drivers/STM32F1xx_HAL_Driver/Src/stm32f1xx_hal_dma.o
 .ARM.attributes
                0x000000000000022e       0x29 Drivers/STM32F1xx_HAL_Driver/Src/stm32f1xx_hal_gpio.o
 .ARM.attributes
                0x0000000000000257       0x29 Drivers/STM32F1xx_HAL_Driver/Src/stm32f1xx_hal_rcc.o
 .ARM.attributes
                0x0000000000000280       0x29 Drivers/STM32F1xx_HAL_Driver/Src/stm32f1xx_hal_rcc_ex.o
 .ARM.attributes
                0x00000000000002a9       0x29 Drivers/STM32F1xx_HAL_Driver/Src/stm32f1xx_hal_tim.o
 .ARM.attributes
                0x00000000000002d2       0x29 Drivers/STM32F1xx_HAL_Driver/Src/stm32f1xx_hal_tim_ex.o
 .ARM.attributes
                0x00000000000002fb       0x29 Drivers/STM32F1xx_HAL_Driver/Src/stm32f1xx_hal_uart.o
 .ARM.attributes
                0x0000000000000324       0x29 Middlewares/Third_Party/FreeRTOS/Source/CMSIS_RTOS_V2/cmsis_os2.o
 .ARM.attributes
                0x000000000000034d       0x29 Middlewares/Third_Party/FreeRTOS/Source/event_groups.o
 .ARM.attributes
                0x0000000000000376       0x29 Middlewares/Third_Party/FreeRTOS/Source/list.o
 .ARM.attributes
                0x000000000000039f       0x29 Middlewares/Third_Party/FreeRTOS/Source/queue.o
 .ARM.attributes
                0x00000000000003c8       0x29 Middlewares/Third_Party/FreeRTOS/Source/tasks.o
 .ARM.attributes
                0x00000000000003f1       0x29 Middlewares/Third_Party/FreeRTOS/Source/timers.o
 .ARM.attributes
                0x000000000000041a       0x29 Middlewares/Third_Party/FreeRTOS/Source/portable/GCC/ARM_CM3/port.o
 .ARM.attributes
                0x0000000000000443       0x29 Middlewares/Third_Party/FreeRTOS/Source/portable/MemMang/heap_4.o
 .ARM.attributes
                0x000000000000046c       0x29 MyArray/MyArray.o
 .ARM.attributes
                0x0000000000000495       0x29 Scan_74238/Scan_74238.o
 .ARM.attributes
                0x00000000000004be       0x29 Servo/Src/Servo.o
 .ARM.attributes
                0x00000000000004e7       0x2d c:/st/stm32cubeide_1.6.1/stm32cubeide/plugins/com.st.stm32cube.ide.mcu.externaltools.gnu-tools-for-stm32.9-2020-q2-update.win32_1.5.0.202011040924/tools/bin/../lib/gcc/arm-none-eabi/9.3.1/../../../../arm-none-eabi/lib/thumb/v7-m/nofp\libc_nano.a(lib_a-init.o)
 .ARM.attributes
                0x0000000000000514       0x2d c:/st/stm32cubeide_1.6.1/stm32cubeide/plugins/com.st.stm32cube.ide.mcu.externaltools.gnu-tools-for-stm32.9-2020-q2-update.win32_1.5.0.202011040924/tools/bin/../lib/gcc/arm-none-eabi/9.3.1/../../../../arm-none-eabi/lib/thumb/v7-m/nofp\libc_nano.a(lib_a-memcpy-stub.o)
 .ARM.attributes
                0x0000000000000541       0x2d c:/st/stm32cubeide_1.6.1/stm32cubeide/plugins/com.st.stm32cube.ide.mcu.externaltools.gnu-tools-for-stm32.9-2020-q2-update.win32_1.5.0.202011040924/tools/bin/../lib/gcc/arm-none-eabi/9.3.1/../../../../arm-none-eabi/lib/thumb/v7-m/nofp\libc_nano.a(lib_a-memset.o)
 .ARM.attributes
                0x000000000000056e       0x1d c:/st/stm32cubeide_1.6.1/stm32cubeide/plugins/com.st.stm32cube.ide.mcu.externaltools.gnu-tools-for-stm32.9-2020-q2-update.win32_1.5.0.202011040924/tools/bin/../lib/gcc/arm-none-eabi/9.3.1/thumb/v7-m/nofp\libgcc.a(_arm_mulsf3.o)
 .ARM.attributes
                0x000000000000058b       0x1d c:/st/stm32cubeide_1.6.1/stm32cubeide/plugins/com.st.stm32cube.ide.mcu.externaltools.gnu-tools-for-stm32.9-2020-q2-update.win32_1.5.0.202011040924/tools/bin/../lib/gcc/arm-none-eabi/9.3.1/thumb/v7-m/nofp\libgcc.a(_arm_addsubsf3.o)
 .ARM.attributes
                0x00000000000005a8       0x1d c:/st/stm32cubeide_1.6.1/stm32cubeide/plugins/com.st.stm32cube.ide.mcu.externaltools.gnu-tools-for-stm32.9-2020-q2-update.win32_1.5.0.202011040924/tools/bin/../lib/gcc/arm-none-eabi/9.3.1/thumb/v7-m/nofp\libgcc.a(_arm_cmpsf2.o)
 .ARM.attributes
                0x00000000000005c5       0x1d c:/st/stm32cubeide_1.6.1/stm32cubeide/plugins/com.st.stm32cube.ide.mcu.externaltools.gnu-tools-for-stm32.9-2020-q2-update.win32_1.5.0.202011040924/tools/bin/../lib/gcc/arm-none-eabi/9.3.1/thumb/v7-m/nofp/crtn.o
OUTPUT(05_FreeRTOSv2_Velostat_Queue_FingerControl.elf elf32-littlearm)
LOAD linker stubs
LOAD c:/st/stm32cubeide_1.6.1/stm32cubeide/plugins/com.st.stm32cube.ide.mcu.externaltools.gnu-tools-for-stm32.9-2020-q2-update.win32_1.5.0.202011040924/tools/bin/../lib/gcc/arm-none-eabi/9.3.1/../../../../arm-none-eabi/lib/thumb/v7-m/nofp\libc.a
LOAD c:/st/stm32cubeide_1.6.1/stm32cubeide/plugins/com.st.stm32cube.ide.mcu.externaltools.gnu-tools-for-stm32.9-2020-q2-update.win32_1.5.0.202011040924/tools/bin/../lib/gcc/arm-none-eabi/9.3.1/../../../../arm-none-eabi/lib/thumb/v7-m/nofp\libm.a
LOAD c:/st/stm32cubeide_1.6.1/stm32cubeide/plugins/com.st.stm32cube.ide.mcu.externaltools.gnu-tools-for-stm32.9-2020-q2-update.win32_1.5.0.202011040924/tools/bin/../lib/gcc/arm-none-eabi/9.3.1/thumb/v7-m/nofp\libgcc.a

.comment        0x0000000000000000       0x53
 .comment       0x0000000000000000       0x53 Core/Src/freertos.o
                                         0x54 (size before relaxing)
 .comment       0x0000000000000053       0x54 Core/Src/main.o
 .comment       0x0000000000000053       0x54 Core/Src/stm32f1xx_hal_msp.o
 .comment       0x0000000000000053       0x54 Core/Src/stm32f1xx_hal_timebase_tim.o
 .comment       0x0000000000000053       0x54 Core/Src/stm32f1xx_it.o
 .comment       0x0000000000000053       0x54 Core/Src/system_stm32f1xx.o
 .comment       0x0000000000000053       0x54 Drivers/STM32F1xx_HAL_Driver/Src/stm32f1xx_hal.o
 .comment       0x0000000000000053       0x54 Drivers/STM32F1xx_HAL_Driver/Src/stm32f1xx_hal_adc.o
 .comment       0x0000000000000053       0x54 Drivers/STM32F1xx_HAL_Driver/Src/stm32f1xx_hal_adc_ex.o
 .comment       0x0000000000000053       0x54 Drivers/STM32F1xx_HAL_Driver/Src/stm32f1xx_hal_cortex.o
 .comment       0x0000000000000053       0x54 Drivers/STM32F1xx_HAL_Driver/Src/stm32f1xx_hal_dma.o
 .comment       0x0000000000000053       0x54 Drivers/STM32F1xx_HAL_Driver/Src/stm32f1xx_hal_gpio.o
 .comment       0x0000000000000053       0x54 Drivers/STM32F1xx_HAL_Driver/Src/stm32f1xx_hal_rcc.o
 .comment       0x0000000000000053       0x54 Drivers/STM32F1xx_HAL_Driver/Src/stm32f1xx_hal_rcc_ex.o
 .comment       0x0000000000000053       0x54 Drivers/STM32F1xx_HAL_Driver/Src/stm32f1xx_hal_tim.o
 .comment       0x0000000000000053       0x54 Drivers/STM32F1xx_HAL_Driver/Src/stm32f1xx_hal_tim_ex.o
 .comment       0x0000000000000053       0x54 Drivers/STM32F1xx_HAL_Driver/Src/stm32f1xx_hal_uart.o
 .comment       0x0000000000000053       0x54 Middlewares/Third_Party/FreeRTOS/Source/CMSIS_RTOS_V2/cmsis_os2.o
 .comment       0x0000000000000053       0x54 Middlewares/Third_Party/FreeRTOS/Source/event_groups.o
 .comment       0x0000000000000053       0x54 Middlewares/Third_Party/FreeRTOS/Source/list.o
 .comment       0x0000000000000053       0x54 Middlewares/Third_Party/FreeRTOS/Source/queue.o
 .comment       0x0000000000000053       0x54 Middlewares/Third_Party/FreeRTOS/Source/tasks.o
 .comment       0x0000000000000053       0x54 Middlewares/Third_Party/FreeRTOS/Source/timers.o
 .comment       0x0000000000000053       0x54 Middlewares/Third_Party/FreeRTOS/Source/portable/GCC/ARM_CM3/port.o
 .comment       0x0000000000000053       0x54 Middlewares/Third_Party/FreeRTOS/Source/portable/MemMang/heap_4.o
 .comment       0x0000000000000053       0x54 MyArray/MyArray.o
 .comment       0x0000000000000053       0x54 Scan_74238/Scan_74238.o
 .comment       0x0000000000000053       0x54 Servo/Src/Servo.o

.debug_frame    0x0000000000000000      0x1ac
 .debug_frame   0x0000000000000000       0x2c c:/st/stm32cubeide_1.6.1/stm32cubeide/plugins/com.st.stm32cube.ide.mcu.externaltools.gnu-tools-for-stm32.9-2020-q2-update.win32_1.5.0.202011040924/tools/bin/../lib/gcc/arm-none-eabi/9.3.1/../../../../arm-none-eabi/lib/thumb/v7-m/nofp\libc_nano.a(lib_a-init.o)
 .debug_frame   0x000000000000002c       0x28 c:/st/stm32cubeide_1.6.1/stm32cubeide/plugins/com.st.stm32cube.ide.mcu.externaltools.gnu-tools-for-stm32.9-2020-q2-update.win32_1.5.0.202011040924/tools/bin/../lib/gcc/arm-none-eabi/9.3.1/../../../../arm-none-eabi/lib/thumb/v7-m/nofp\libc_nano.a(lib_a-memcpy-stub.o)
 .debug_frame   0x0000000000000054       0x20 c:/st/stm32cubeide_1.6.1/stm32cubeide/plugins/com.st.stm32cube.ide.mcu.externaltools.gnu-tools-for-stm32.9-2020-q2-update.win32_1.5.0.202011040924/tools/bin/../lib/gcc/arm-none-eabi/9.3.1/../../../../arm-none-eabi/lib/thumb/v7-m/nofp\libc_nano.a(lib_a-memset.o)
 .debug_frame   0x0000000000000074       0x24 c:/st/stm32cubeide_1.6.1/stm32cubeide/plugins/com.st.stm32cube.ide.mcu.externaltools.gnu-tools-for-stm32.9-2020-q2-update.win32_1.5.0.202011040924/tools/bin/../lib/gcc/arm-none-eabi/9.3.1/thumb/v7-m/nofp\libgcc.a(_arm_mulsf3.o)
 .debug_frame   0x0000000000000098       0x4c c:/st/stm32cubeide_1.6.1/stm32cubeide/plugins/com.st.stm32cube.ide.mcu.externaltools.gnu-tools-for-stm32.9-2020-q2-update.win32_1.5.0.202011040924/tools/bin/../lib/gcc/arm-none-eabi/9.3.1/thumb/v7-m/nofp\libgcc.a(_arm_addsubsf3.o)
 .debug_frame   0x00000000000000e4       0xc8 c:/st/stm32cubeide_1.6.1/stm32cubeide/plugins/com.st.stm32cube.ide.mcu.externaltools.gnu-tools-for-stm32.9-2020-q2-update.win32_1.5.0.202011040924/tools/bin/../lib/gcc/arm-none-eabi/9.3.1/thumb/v7-m/nofp\libgcc.a(_arm_cmpsf2.o)
