main.c:1600:6:Callback01	0	static
main.c:932:6:StartVelostatScanADC	40	static,ignoring_inline_asm
main.c:983:6:StartVelostatProcessOutput	32	static,ignoring_inline_asm
main.c:1029:6:StartVelostatTransmit	48	static,ignoring_inline_asm
main.c:1073:6:StartHandBot1	16	static,ignoring_inline_asm
main.c:1106:6:StartHandTop1	16	static,ignoring_inline_asm
main.c:1138:6:StartHandBot2	16	static,ignoring_inline_asm
main.c:1170:6:StartHandTop2	16	static,ignoring_inline_asm
main.c:1202:6:StartHandBot3	16	static,ignoring_inline_asm
main.c:1234:6:StartHandTop3	16	static,ignoring_inline_asm
main.c:1266:6:StartHandRxHandler	40	static,ignoring_inline_asm
main.c:1323:6:StartHandMatrixHandler	32	static,ignoring_inline_asm
main.c:1548:6:StartHandStopServo	16	static
main.c:1354:6:StartHandPeakControl	32	static,ignoring_inline_asm
main.c:1482:6:StartButtonHandler	16	static
main.c:893:6:User_DMA_XferCpltCallback	0	static
main.c:377:6:SystemClock_Config	104	static,ignoring_inline_asm
main.c:217:5:main	96	static,ignoring_inline_asm
main.c:888:6:HAL_ADC_ConvCpltCallback	0	static
main.c:901:6:HAL_UART_TxCpltCallback	8	static
main.c:908:6:HAL_UART_RxCpltCallback	8	static
main.c:915:6:HAL_GPIO_EXTI_Callback	8	static
main.c:1614:6:HAL_TIM_PeriodElapsedCallback	0	static
main.c:1630:6:Error_Handler	0	static,ignoring_inline_asm
